osk-gpu91:2354453:2354453 [5] NCCL INFO NCCL_SOCKET_IFNAME set to bond0
osk-gpu91:2354453:2354453 [5] NCCL INFO Bootstrap : Using bond0:10.255.255.91<0>
osk-gpu91:2354453:2354453 [5] NCCL INFO Plugin name set by env to libnccl-net-none.so
osk-gpu91:2354453:2354453 [5] NCCL INFO NET/Plugin : dlerror=libnccl-net-none.so: cannot open shared object file: No such file or directory No plugin found (libnccl-net-none.so), using internal implementation
osk-gpu91:2354452:2354452 [4] NCCL INFO cudaDriverVersion 12080
osk-gpu91:2354452:2354452 [4] NCCL INFO NCCL_SOCKET_IFNAME set to bond0
osk-gpu91:2354452:2354452 [4] NCCL INFO Bootstrap : Using bond0:10.255.255.91<0>
osk-gpu91:2354452:2354452 [4] NCCL INFO Plugin name set by env to libnccl-net-none.so
osk-gpu91:2354452:2354452 [4] NCCL INFO NET/Plugin : dlerror=libnccl-net-none.so: cannot open shared object file: No such file or directory No plugin found (libnccl-net-none.so), using internal implementation
osk-gpu91:2354448:2361736 [0] NCCL INFO NCCL_IB_HCA set to mlx5_0:1,mlx5_1:1
osk-gpu91:2354455:2361737 [7] NCCL INFO NCCL_IB_HCA set to mlx5_0:1,mlx5_1:1
osk-gpu91:2354451:2361739 [3] NCCL INFO NCCL_IB_HCA set to mlx5_0:1,mlx5_1:1
osk-gpu91:2354453:2361742 [5] NCCL INFO NCCL_IB_HCA set to mlx5_0:1,mlx5_1:1
osk-gpu91:2354452:2361743 [4] NCCL INFO NCCL_IB_HCA set to mlx5_0:1,mlx5_1:1
osk-gpu91:2354449:2361738 [1] NCCL INFO NCCL_IB_HCA set to mlx5_0:1,mlx5_1:1
osk-gpu91:2354454:2361740 [6] NCCL INFO NCCL_IB_HCA set to mlx5_0:1,mlx5_1:1
osk-gpu91:2354450:2361741 [2] NCCL INFO NCCL_IB_HCA set to mlx5_0:1,mlx5_1:1
osk-gpu91:2354453:2361742 [5] NCCL INFO NET/IB : Using [0]mlx5_0:1/RoCE [1]mlx5_1:1/RoCE [2]mlx5_11:1/RoCE [RO]; OOB bond0:10.255.255.91<0>
osk-gpu91:2354453:2361742 [5] NCCL INFO Using non-device net plugin version 0
osk-gpu91:2354453:2361742 [5] NCCL INFO Using network IB
osk-gpu91:2354455:2361737 [7] NCCL INFO NET/IB : Using [0]mlx5_0:1/RoCE [1]mlx5_1:1/RoCE [2]mlx5_11:1/RoCE [RO]; OOB bond0:10.255.255.91<0>
osk-gpu91:2354455:2361737 [7] NCCL INFO Using non-device net plugin version 0
osk-gpu91:2354455:2361737 [7] NCCL INFO Using network IB
osk-gpu91:2354451:2361739 [3] NCCL INFO NET/IB : Using [0]mlx5_0:1/RoCE [1]mlx5_1:1/RoCE [2]mlx5_11:1/RoCE [RO]; OOB bond0:10.255.255.91<0>
osk-gpu91:2354451:2361739 [3] NCCL INFO Using non-device net plugin version 0
osk-gpu91:2354451:2361739 [3] NCCL INFO Using network IB
osk-gpu91:2354452:2361743 [4] NCCL INFO NET/IB : Using [0]mlx5_0:1/RoCE [1]mlx5_1:1/RoCE [2]mlx5_11:1/RoCE [RO]; OOB bond0:10.255.255.91<0>
osk-gpu91:2354452:2361743 [4] NCCL INFO Using non-device net plugin version 0
osk-gpu91:2354452:2361743 [4] NCCL INFO Using network IB
osk-gpu91:2354448:2361736 [0] NCCL INFO NET/IB : Using [0]mlx5_0:1/RoCE [1]mlx5_1:1/RoCE [2]mlx5_11:1/RoCE [RO]; OOB bond0:10.255.255.91<0>
osk-gpu91:2354448:2361736 [0] NCCL INFO Using non-device net plugin version 0
osk-gpu91:2354448:2361736 [0] NCCL INFO Using network IB
osk-gpu91:2354450:2361741 [2] NCCL INFO NET/IB : Using [0]mlx5_0:1/RoCE [1]mlx5_1:1/RoCE [2]mlx5_11:1/RoCE [RO]; OOB bond0:10.255.255.91<0>
osk-gpu91:2354450:2361741 [2] NCCL INFO Using non-device net plugin version 0
osk-gpu91:2354450:2361741 [2] NCCL INFO Using network IB
osk-gpu91:2354454:2361740 [6] NCCL INFO NET/IB : Using [0]mlx5_0:1/RoCE [1]mlx5_1:1/RoCE [2]mlx5_11:1/RoCE [RO]; OOB bond0:10.255.255.91<0>
osk-gpu91:2354454:2361740 [6] NCCL INFO Using non-device net plugin version 0
osk-gpu91:2354454:2361740 [6] NCCL INFO Using network IB
osk-gpu91:2354449:2361738 [1] NCCL INFO NET/IB : Using [0]mlx5_0:1/RoCE [1]mlx5_1:1/RoCE [2]mlx5_11:1/RoCE [RO]; OOB bond0:10.255.255.91<0>
osk-gpu91:2354449:2361738 [1] NCCL INFO Using non-device net plugin version 0
osk-gpu91:2354449:2361738 [1] NCCL INFO Using network IB
osk-gpu91:2354453:2361742 [5] NCCL INFO comm 0x12bd7cd0 rank 5 nranks 8 cudaDev 5 nvmlDev 5 busId ab000 commId 0xc9bbaf9ac4ea12be - Init START
osk-gpu91:2354455:2361737 [7] NCCL INFO comm 0x130b6330 rank 7 nranks 8 cudaDev 7 nvmlDev 7 busId db000 commId 0xc9bbaf9ac4ea12be - Init START
osk-gpu91:2354449:2361738 [1] NCCL INFO comm 0x143e2330 rank 1 nranks 8 cudaDev 1 nvmlDev 1 busId 2a000 commId 0xc9bbaf9ac4ea12be - Init START
osk-gpu91:2354453:2361742 [5] NCCL INFO MNNVL busId 0xab000 fabric UUID 0.0 cliqueId 0x0 state 3 healthMask 0x0
osk-gpu91:2354452:2361743 [4] NCCL INFO comm 0x130963c0 rank 4 nranks 8 cudaDev 4 nvmlDev 4 busId 9a000 commId 0xc9bbaf9ac4ea12be - Init START
osk-gpu91:2354448:2361736 [0] NCCL INFO comm 0x12fef680 rank 0 nranks 8 cudaDev 0 nvmlDev 0 busId 18000 commId 0xc9bbaf9ac4ea12be - Init START
osk-gpu91:2354454:2361740 [6] NCCL INFO comm 0x13c9ea20 rank 6 nranks 8 cudaDev 6 nvmlDev 6 busId ba000 commId 0xc9bbaf9ac4ea12be - Init START
osk-gpu91:2354451:2361739 [3] NCCL INFO comm 0x16561140 rank 3 nranks 8 cudaDev 3 nvmlDev 3 busId 5d000 commId 0xc9bbaf9ac4ea12be - Init START
osk-gpu91:2354455:2361737 [7] NCCL INFO MNNVL busId 0xdb000 fabric UUID 0.0 cliqueId 0x0 state 3 healthMask 0x0
osk-gpu91:2354450:2361741 [2] NCCL INFO comm 0x15930370 rank 2 nranks 8 cudaDev 2 nvmlDev 2 busId 3a000 commId 0xc9bbaf9ac4ea12be - Init START
osk-gpu91:2354450:2361741 [2] NCCL INFO MNNVL busId 0x3a000 fabric UUID 0.0 cliqueId 0x0 state 3 healthMask 0x0
osk-gpu91:2354454:2361740 [6] NCCL INFO MNNVL busId 0xba000 fabric UUID 0.0 cliqueId 0x0 state 3 healthMask 0x0
osk-gpu91:2354451:2361739 [3] NCCL INFO MNNVL busId 0x5d000 fabric UUID 0.0 cliqueId 0x0 state 3 healthMask 0x0
osk-gpu91:2354449:2361738 [1] NCCL INFO MNNVL busId 0x2a000 fabric UUID 0.0 cliqueId 0x0 state 3 healthMask 0x0
osk-gpu91:2354448:2361736 [0] NCCL INFO MNNVL busId 0x18000 fabric UUID 0.0 cliqueId 0x0 state 3 healthMask 0x0
osk-gpu91:2354452:2361743 [4] NCCL INFO MNNVL busId 0x9a000 fabric UUID 0.0 cliqueId 0x0 state 3 healthMask 0x0
osk-gpu91:2354448:2361736 [0] NCCL INFO NET/IB : GPU Direct RDMA Enabled for HCA 0 'mlx5_0'
osk-gpu91:2354448:2361736 [0] NCCL INFO NET/IB : GPU Direct RDMA Enabled for HCA 1 'mlx5_1'
osk-gpu91:2354448:2361736 [0] NCCL INFO NET/IB : GPU Direct RDMA Enabled for HCA 2 'mlx5_11'
osk-gpu91:2354448:2361736 [0] NCCL INFO GPU Direct RDMA Enabled for GPU 18000 / HCA 0 (distance 3 <= 4), read 0
osk-gpu91:2354448:2361736 [0] NCCL INFO GPU Direct RDMA Enabled for GPU 2a000 / HCA 0 (distance 3 <= 4), read 0
osk-gpu91:2354448:2361736 [0] NCCL INFO GPU Direct RDMA Enabled for GPU 3a000 / HCA 0 (distance 3 <= 4), read 0
osk-gpu91:2354448:2361736 [0] NCCL INFO GPU Direct RDMA Enabled for GPU 5d000 / HCA 0 (distance 3 <= 4), read 0
osk-gpu91:2354448:2361736 [0] NCCL INFO GPU Direct RDMA Enabled for GPU 9a000 / HCA 0 (distance 3 <= 4), read 0
osk-gpu91:2354448:2361736 [0] NCCL INFO GPU Direct RDMA Enabled for GPU ab000 / HCA 0 (distance 3 <= 4), read 0
osk-gpu91:2354448:2361736 [0] NCCL INFO GPU Direct RDMA Enabled for GPU ba000 / HCA 0 (distance 3 <= 4), read 0
osk-gpu91:2354448:2361736 [0] NCCL INFO GPU Direct RDMA Enabled for GPU db000 / HCA 0 (distance 3 <= 4), read 0
osk-gpu91:2354448:2361736 [0] NCCL INFO GPU Direct RDMA Enabled for GPU 18000 / HCA 1 (distance 3 <= 4), read 0
osk-gpu91:2354448:2361736 [0] NCCL INFO GPU Direct RDMA Enabled for GPU 2a000 / HCA 1 (distance 3 <= 4), read 0
osk-gpu91:2354448:2361736 [0] NCCL INFO GPU Direct RDMA Enabled for GPU 3a000 / HCA 1 (distance 3 <= 4), read 0
osk-gpu91:2354448:2361736 [0] NCCL INFO GPU Direct RDMA Enabled for GPU 5d000 / HCA 1 (distance 3 <= 4), read 0
osk-gpu91:2354448:2361736 [0] NCCL INFO GPU Direct RDMA Enabled for GPU 9a000 / HCA 1 (distance 3 <= 4), read 0
osk-gpu91:2354448:2361736 [0] NCCL INFO GPU Direct RDMA Enabled for GPU ab000 / HCA 1 (distance 3 <= 4), read 0
osk-gpu91:2354448:2361736 [0] NCCL INFO GPU Direct RDMA Enabled for GPU ba000 / HCA 1 (distance 3 <= 4), read 0
osk-gpu91:2354448:2361736 [0] NCCL INFO GPU Direct RDMA Enabled for GPU db000 / HCA 1 (distance 3 <= 4), read 0
osk-gpu91:2354448:2361736 [0] NCCL INFO GPU Direct RDMA Enabled for GPU 18000 / HCA 2 (distance 3 <= 4), read 0
osk-gpu91:2354448:2361736 [0] NCCL INFO GPU Direct RDMA Enabled for GPU 2a000 / HCA 2 (distance 3 <= 4), read 0
osk-gpu91:2354448:2361736 [0] NCCL INFO GPU Direct RDMA Enabled for GPU 3a000 / HCA 2 (distance 3 <= 4), read 0
osk-gpu91:2354448:2361736 [0] NCCL INFO GPU Direct RDMA Enabled for GPU 5d000 / HCA 2 (distance 3 <= 4), read 0
osk-gpu91:2354448:2361736 [0] NCCL INFO GPU Direct RDMA Enabled for GPU 9a000 / HCA 2 (distance 3 <= 4), read 0
osk-gpu91:2354448:2361736 [0] NCCL INFO GPU Direct RDMA Enabled for GPU ab000 / HCA 2 (distance 3 <= 4), read 0
osk-gpu91:2354448:2361736 [0] NCCL INFO GPU Direct RDMA Enabled for GPU ba000 / HCA 2 (distance 3 <= 4), read 0
osk-gpu91:2354448:2361736 [0] NCCL INFO GPU Direct RDMA Enabled for GPU db000 / HCA 2 (distance 3 <= 4), read 0
osk-gpu91:2354448:2361736 [0] NCCL INFO NVLS multicast support is available on dev 0
osk-gpu91:2354455:2361737 [7] NCCL INFO NET/IB : GPU Direct RDMA Enabled for HCA 0 'mlx5_0'
osk-gpu91:2354455:2361737 [7] NCCL INFO NET/IB : GPU Direct RDMA Enabled for HCA 1 'mlx5_1'
osk-gpu91:2354455:2361737 [7] NCCL INFO NET/IB : GPU Direct RDMA Enabled for HCA 2 'mlx5_11'
osk-gpu91:2354455:2361737 [7] NCCL INFO GPU Direct RDMA Enabled for GPU 18000 / HCA 0 (distance 3 <= 4), read 0
osk-gpu91:2354455:2361737 [7] NCCL INFO GPU Direct RDMA Enabled for GPU 2a000 / HCA 0 (distance 3 <= 4), read 0
osk-gpu91:2354455:2361737 [7] NCCL INFO GPU Direct RDMA Enabled for GPU 3a000 / HCA 0 (distance 3 <= 4), read 0
osk-gpu91:2354455:2361737 [7] NCCL INFO GPU Direct RDMA Enabled for GPU 5d000 / HCA 0 (distance 3 <= 4), read 0
osk-gpu91:2354455:2361737 [7] NCCL INFO GPU Direct RDMA Enabled for GPU 9a000 / HCA 0 (distance 3 <= 4), read 0
osk-gpu91:2354455:2361737 [7] NCCL INFO GPU Direct RDMA Enabled for GPU ab000 / HCA 0 (distance 3 <= 4), read 0
osk-gpu91:2354455:2361737 [7] NCCL INFO GPU Direct RDMA Enabled for GPU ba000 / HCA 0 (distance 3 <= 4), read 0
osk-gpu91:2354455:2361737 [7] NCCL INFO GPU Direct RDMA Enabled for GPU db000 / HCA 0 (distance 3 <= 4), read 0
osk-gpu91:2354455:2361737 [7] NCCL INFO GPU Direct RDMA Enabled for GPU 18000 / HCA 1 (distance 3 <= 4), read 0
osk-gpu91:2354455:2361737 [7] NCCL INFO GPU Direct RDMA Enabled for GPU 2a000 / HCA 1 (distance 3 <= 4), read 0
osk-gpu91:2354455:2361737 [7] NCCL INFO GPU Direct RDMA Enabled for GPU 3a000 / HCA 1 (distance 3 <= 4), read 0
osk-gpu91:2354455:2361737 [7] NCCL INFO GPU Direct RDMA Enabled for GPU 5d000 / HCA 1 (distance 3 <= 4), read 0
osk-gpu91:2354455:2361737 [7] NCCL INFO GPU Direct RDMA Enabled for GPU 9a000 / HCA 1 (distance 3 <= 4), read 0
osk-gpu91:2354455:2361737 [7] NCCL INFO GPU Direct RDMA Enabled for GPU ab000 / HCA 1 (distance 3 <= 4), read 0
osk-gpu91:2354455:2361737 [7] NCCL INFO GPU Direct RDMA Enabled for GPU ba000 / HCA 1 (distance 3 <= 4), read 0
osk-gpu91:2354455:2361737 [7] NCCL INFO GPU Direct RDMA Enabled for GPU db000 / HCA 1 (distance 3 <= 4), read 0
osk-gpu91:2354455:2361737 [7] NCCL INFO GPU Direct RDMA Enabled for GPU 18000 / HCA 2 (distance 3 <= 4), read 0
osk-gpu91:2354455:2361737 [7] NCCL INFO GPU Direct RDMA Enabled for GPU 2a000 / HCA 2 (distance 3 <= 4), read 0
osk-gpu91:2354455:2361737 [7] NCCL INFO GPU Direct RDMA Enabled for GPU 3a000 / HCA 2 (distance 3 <= 4), read 0
osk-gpu91:2354455:2361737 [7] NCCL INFO GPU Direct RDMA Enabled for GPU 5d000 / HCA 2 (distance 3 <= 4), read 0
osk-gpu91:2354455:2361737 [7] NCCL INFO GPU Direct RDMA Enabled for GPU 9a000 / HCA 2 (distance 3 <= 4), read 0
osk-gpu91:2354455:2361737 [7] NCCL INFO GPU Direct RDMA Enabled for GPU ab000 / HCA 2 (distance 3 <= 4), read 0
osk-gpu91:2354455:2361737 [7] NCCL INFO GPU Direct RDMA Enabled for GPU ba000 / HCA 2 (distance 3 <= 4), read 0
osk-gpu91:2354455:2361737 [7] NCCL INFO GPU Direct RDMA Enabled for GPU db000 / HCA 2 (distance 3 <= 4), read 0
osk-gpu91:2354455:2361737 [7] NCCL INFO NVLS multicast support is available on dev 7
osk-gpu91:2354453:2361742 [5] NCCL INFO NET/IB : GPU Direct RDMA Enabled for HCA 0 'mlx5_0'
osk-gpu91:2354453:2361742 [5] NCCL INFO NET/IB : GPU Direct RDMA Enabled for HCA 1 'mlx5_1'
osk-gpu91:2354453:2361742 [5] NCCL INFO NET/IB : GPU Direct RDMA Enabled for HCA 2 'mlx5_11'
osk-gpu91:2354453:2361742 [5] NCCL INFO GPU Direct RDMA Enabled for GPU 18000 / HCA 0 (distance 3 <= 4), read 0
osk-gpu91:2354453:2361742 [5] NCCL INFO GPU Direct RDMA Enabled for GPU 2a000 / HCA 0 (distance 3 <= 4), read 0
osk-gpu91:2354453:2361742 [5] NCCL INFO GPU Direct RDMA Enabled for GPU 3a000 / HCA 0 (distance 3 <= 4), read 0
osk-gpu91:2354453:2361742 [5] NCCL INFO GPU Direct RDMA Enabled for GPU 5d000 / HCA 0 (distance 3 <= 4), read 0
osk-gpu91:2354453:2361742 [5] NCCL INFO GPU Direct RDMA Enabled for GPU 9a000 / HCA 0 (distance 3 <= 4), read 0
osk-gpu91:2354453:2361742 [5] NCCL INFO GPU Direct RDMA Enabled for GPU ab000 / HCA 0 (distance 3 <= 4), read 0
osk-gpu91:2354453:2361742 [5] NCCL INFO GPU Direct RDMA Enabled for GPU ba000 / HCA 0 (distance 3 <= 4), read 0
osk-gpu91:2354453:2361742 [5] NCCL INFO GPU Direct RDMA Enabled for GPU db000 / HCA 0 (distance 3 <= 4), read 0
osk-gpu91:2354453:2361742 [5] NCCL INFO GPU Direct RDMA Enabled for GPU 18000 / HCA 1 (distance 3 <= 4), read 0
osk-gpu91:2354453:2361742 [5] NCCL INFO GPU Direct RDMA Enabled for GPU 2a000 / HCA 1 (distance 3 <= 4), read 0
osk-gpu91:2354453:2361742 [5] NCCL INFO GPU Direct RDMA Enabled for GPU 3a000 / HCA 1 (distance 3 <= 4), read 0
osk-gpu91:2354453:2361742 [5] NCCL INFO GPU Direct RDMA Enabled for GPU 5d000 / HCA 1 (distance 3 <= 4), read 0
osk-gpu91:2354453:2361742 [5] NCCL INFO GPU Direct RDMA Enabled for GPU 9a000 / HCA 1 (distance 3 <= 4), read 0
osk-gpu91:2354453:2361742 [5] NCCL INFO GPU Direct RDMA Enabled for GPU ab000 / HCA 1 (distance 3 <= 4), read 0
osk-gpu91:2354453:2361742 [5] NCCL INFO GPU Direct RDMA Enabled for GPU ba000 / HCA 1 (distance 3 <= 4), read 0
osk-gpu91:2354453:2361742 [5] NCCL INFO GPU Direct RDMA Enabled for GPU db000 / HCA 1 (distance 3 <= 4), read 0
osk-gpu91:2354453:2361742 [5] NCCL INFO GPU Direct RDMA Enabled for GPU 18000 / HCA 2 (distance 3 <= 4), read 0
osk-gpu91:2354453:2361742 [5] NCCL INFO GPU Direct RDMA Enabled for GPU 2a000 / HCA 2 (distance 3 <= 4), read 0
osk-gpu91:2354453:2361742 [5] NCCL INFO GPU Direct RDMA Enabled for GPU 3a000 / HCA 2 (distance 3 <= 4), read 0
osk-gpu91:2354453:2361742 [5] NCCL INFO GPU Direct RDMA Enabled for GPU 5d000 / HCA 2 (distance 3 <= 4), read 0
osk-gpu91:2354453:2361742 [5] NCCL INFO GPU Direct RDMA Enabled for GPU 9a000 / HCA 2 (distance 3 <= 4), read 0
osk-gpu91:2354453:2361742 [5] NCCL INFO GPU Direct RDMA Enabled for GPU ab000 / HCA 2 (distance 3 <= 4), read 0
osk-gpu91:2354453:2361742 [5] NCCL INFO GPU Direct RDMA Enabled for GPU ba000 / HCA 2 (distance 3 <= 4), read 0
osk-gpu91:2354453:2361742 [5] NCCL INFO GPU Direct RDMA Enabled for GPU db000 / HCA 2 (distance 3 <= 4), read 0
osk-gpu91:2354453:2361742 [5] NCCL INFO Setting affinity for GPU 5 to 100000,00000000,00000000,00000000,10000000,00000000
osk-gpu91:2354453:2361742 [5] NCCL INFO NVLS multicast support is available on dev 5
osk-gpu91:2354452:2361743 [4] NCCL INFO NET/IB : GPU Direct RDMA Enabled for HCA 0 'mlx5_0'
osk-gpu91:2354452:2361743 [4] NCCL INFO NET/IB : GPU Direct RDMA Enabled for HCA 1 'mlx5_1'
osk-gpu91:2354452:2361743 [4] NCCL INFO NET/IB : GPU Direct RDMA Enabled for HCA 2 'mlx5_11'
osk-gpu91:2354454:2361740 [6] NCCL INFO NET/IB : GPU Direct RDMA Enabled for HCA 0 'mlx5_0'
osk-gpu91:2354454:2361740 [6] NCCL INFO NET/IB : GPU Direct RDMA Enabled for HCA 1 'mlx5_1'
osk-gpu91:2354450:2361741 [2] NCCL INFO NET/IB : GPU Direct RDMA Enabled for HCA 0 'mlx5_0'
osk-gpu91:2354454:2361740 [6] NCCL INFO NET/IB : GPU Direct RDMA Enabled for HCA 2 'mlx5_11'
osk-gpu91:2354450:2361741 [2] NCCL INFO NET/IB : GPU Direct RDMA Enabled for HCA 1 'mlx5_1'
osk-gpu91:2354450:2361741 [2] NCCL INFO NET/IB : GPU Direct RDMA Enabled for HCA 2 'mlx5_11'
osk-gpu91:2354451:2361739 [3] NCCL INFO NET/IB : GPU Direct RDMA Enabled for HCA 0 'mlx5_0'
osk-gpu91:2354451:2361739 [3] NCCL INFO NET/IB : GPU Direct RDMA Enabled for HCA 1 'mlx5_1'
osk-gpu91:2354451:2361739 [3] NCCL INFO NET/IB : GPU Direct RDMA Enabled for HCA 2 'mlx5_11'
osk-gpu91:2354449:2361738 [1] NCCL INFO NET/IB : GPU Direct RDMA Enabled for HCA 0 'mlx5_0'
osk-gpu91:2354449:2361738 [1] NCCL INFO NET/IB : GPU Direct RDMA Enabled for HCA 1 'mlx5_1'
osk-gpu91:2354449:2361738 [1] NCCL INFO NET/IB : GPU Direct RDMA Enabled for HCA 2 'mlx5_11'
osk-gpu91:2354452:2361743 [4] NCCL INFO GPU Direct RDMA Enabled for GPU 18000 / HCA 0 (distance 3 <= 4), read 0
osk-gpu91:2354452:2361743 [4] NCCL INFO GPU Direct RDMA Enabled for GPU 2a000 / HCA 0 (distance 3 <= 4), read 0
osk-gpu91:2354452:2361743 [4] NCCL INFO GPU Direct RDMA Enabled for GPU 3a000 / HCA 0 (distance 3 <= 4), read 0
osk-gpu91:2354452:2361743 [4] NCCL INFO GPU Direct RDMA Enabled for GPU 5d000 / HCA 0 (distance 3 <= 4), read 0
osk-gpu91:2354452:2361743 [4] NCCL INFO GPU Direct RDMA Enabled for GPU 9a000 / HCA 0 (distance 3 <= 4), read 0
osk-gpu91:2354452:2361743 [4] NCCL INFO GPU Direct RDMA Enabled for GPU ab000 / HCA 0 (distance 3 <= 4), read 0
osk-gpu91:2354452:2361743 [4] NCCL INFO GPU Direct RDMA Enabled for GPU ba000 / HCA 0 (distance 3 <= 4), read 0
osk-gpu91:2354452:2361743 [4] NCCL INFO GPU Direct RDMA Enabled for GPU db000 / HCA 0 (distance 3 <= 4), read 0
osk-gpu91:2354452:2361743 [4] NCCL INFO GPU Direct RDMA Enabled for GPU 18000 / HCA 1 (distance 3 <= 4), read 0
osk-gpu91:2354452:2361743 [4] NCCL INFO GPU Direct RDMA Enabled for GPU 2a000 / HCA 1 (distance 3 <= 4), read 0
osk-gpu91:2354452:2361743 [4] NCCL INFO GPU Direct RDMA Enabled for GPU 3a000 / HCA 1 (distance 3 <= 4), read 0
osk-gpu91:2354452:2361743 [4] NCCL INFO GPU Direct RDMA Enabled for GPU 5d000 / HCA 1 (distance 3 <= 4), read 0
osk-gpu91:2354452:2361743 [4] NCCL INFO GPU Direct RDMA Enabled for GPU 9a000 / HCA 1 (distance 3 <= 4), read 0
osk-gpu91:2354452:2361743 [4] NCCL INFO GPU Direct RDMA Enabled for GPU ab000 / HCA 1 (distance 3 <= 4), read 0
osk-gpu91:2354452:2361743 [4] NCCL INFO GPU Direct RDMA Enabled for GPU ba000 / HCA 1 (distance 3 <= 4), read 0
osk-gpu91:2354452:2361743 [4] NCCL INFO GPU Direct RDMA Enabled for GPU db000 / HCA 1 (distance 3 <= 4), read 0
osk-gpu91:2354452:2361743 [4] NCCL INFO GPU Direct RDMA Enabled for GPU 18000 / HCA 2 (distance 3 <= 4), read 0
osk-gpu91:2354452:2361743 [4] NCCL INFO GPU Direct RDMA Enabled for GPU 2a000 / HCA 2 (distance 3 <= 4), read 0
osk-gpu91:2354452:2361743 [4] NCCL INFO GPU Direct RDMA Enabled for GPU 3a000 / HCA 2 (distance 3 <= 4), read 0
osk-gpu91:2354452:2361743 [4] NCCL INFO GPU Direct RDMA Enabled for GPU 5d000 / HCA 2 (distance 3 <= 4), read 0
osk-gpu91:2354452:2361743 [4] NCCL INFO GPU Direct RDMA Enabled for GPU 9a000 / HCA 2 (distance 3 <= 4), read 0
osk-gpu91:2354452:2361743 [4] NCCL INFO GPU Direct RDMA Enabled for GPU ab000 / HCA 2 (distance 3 <= 4), read 0
osk-gpu91:2354452:2361743 [4] NCCL INFO GPU Direct RDMA Enabled for GPU ba000 / HCA 2 (distance 3 <= 4), read 0
osk-gpu91:2354452:2361743 [4] NCCL INFO GPU Direct RDMA Enabled for GPU db000 / HCA 2 (distance 3 <= 4), read 0
osk-gpu91:2354454:2361740 [6] NCCL INFO GPU Direct RDMA Enabled for GPU 18000 / HCA 0 (distance 3 <= 4), read 0
osk-gpu91:2354454:2361740 [6] NCCL INFO GPU Direct RDMA Enabled for GPU 2a000 / HCA 0 (distance 3 <= 4), read 0
osk-gpu91:2354454:2361740 [6] NCCL INFO GPU Direct RDMA Enabled for GPU 3a000 / HCA 0 (distance 3 <= 4), read 0
osk-gpu91:2354454:2361740 [6] NCCL INFO GPU Direct RDMA Enabled for GPU 5d000 / HCA 0 (distance 3 <= 4), read 0
osk-gpu91:2354454:2361740 [6] NCCL INFO GPU Direct RDMA Enabled for GPU 9a000 / HCA 0 (distance 3 <= 4), read 0
osk-gpu91:2354454:2361740 [6] NCCL INFO GPU Direct RDMA Enabled for GPU ab000 / HCA 0 (distance 3 <= 4), read 0
osk-gpu91:2354454:2361740 [6] NCCL INFO GPU Direct RDMA Enabled for GPU ba000 / HCA 0 (distance 3 <= 4), read 0
osk-gpu91:2354454:2361740 [6] NCCL INFO GPU Direct RDMA Enabled for GPU db000 / HCA 0 (distance 3 <= 4), read 0
osk-gpu91:2354454:2361740 [6] NCCL INFO GPU Direct RDMA Enabled for GPU 18000 / HCA 1 (distance 3 <= 4), read 0
osk-gpu91:2354454:2361740 [6] NCCL INFO GPU Direct RDMA Enabled for GPU 2a000 / HCA 1 (distance 3 <= 4), read 0
osk-gpu91:2354454:2361740 [6] NCCL INFO GPU Direct RDMA Enabled for GPU 3a000 / HCA 1 (distance 3 <= 4), read 0
osk-gpu91:2354454:2361740 [6] NCCL INFO GPU Direct RDMA Enabled for GPU 5d000 / HCA 1 (distance 3 <= 4), read 0
osk-gpu91:2354454:2361740 [6] NCCL INFO GPU Direct RDMA Enabled for GPU 9a000 / HCA 1 (distance 3 <= 4), read 0
osk-gpu91:2354454:2361740 [6] NCCL INFO GPU Direct RDMA Enabled for GPU ab000 / HCA 1 (distance 3 <= 4), read 0
osk-gpu91:2354454:2361740 [6] NCCL INFO GPU Direct RDMA Enabled for GPU ba000 / HCA 1 (distance 3 <= 4), read 0
osk-gpu91:2354454:2361740 [6] NCCL INFO GPU Direct RDMA Enabled for GPU db000 / HCA 1 (distance 3 <= 4), read 0
osk-gpu91:2354454:2361740 [6] NCCL INFO GPU Direct RDMA Enabled for GPU 18000 / HCA 2 (distance 3 <= 4), read 0
osk-gpu91:2354454:2361740 [6] NCCL INFO GPU Direct RDMA Enabled for GPU 2a000 / HCA 2 (distance 3 <= 4), read 0
osk-gpu91:2354454:2361740 [6] NCCL INFO GPU Direct RDMA Enabled for GPU 3a000 / HCA 2 (distance 3 <= 4), read 0
osk-gpu91:2354450:2361741 [2] NCCL INFO GPU Direct RDMA Enabled for GPU 18000 / HCA 0 (distance 3 <= 4), read 0
osk-gpu91:2354450:2361741 [2] NCCL INFO GPU Direct RDMA Enabled for GPU 2a000 / HCA 0 (distance 3 <= 4), read 0
osk-gpu91:2354450:2361741 [2] NCCL INFO GPU Direct RDMA Enabled for GPU 3a000 / HCA 0 (distance 3 <= 4), read 0
osk-gpu91:2354450:2361741 [2] NCCL INFO GPU Direct RDMA Enabled for GPU 5d000 / HCA 0 (distance 3 <= 4), read 0
osk-gpu91:2354450:2361741 [2] NCCL INFO GPU Direct RDMA Enabled for GPU 9a000 / HCA 0 (distance 3 <= 4), read 0
osk-gpu91:2354450:2361741 [2] NCCL INFO GPU Direct RDMA Enabled for GPU ab000 / HCA 0 (distance 3 <= 4), read 0
osk-gpu91:2354450:2361741 [2] NCCL INFO GPU Direct RDMA Enabled for GPU ba000 / HCA 0 (distance 3 <= 4), read 0
osk-gpu91:2354450:2361741 [2] NCCL INFO GPU Direct RDMA Enabled for GPU db000 / HCA 0 (distance 3 <= 4), read 0
osk-gpu91:2354454:2361740 [6] NCCL INFO GPU Direct RDMA Enabled for GPU 5d000 / HCA 2 (distance 3 <= 4), read 0
osk-gpu91:2354454:2361740 [6] NCCL INFO GPU Direct RDMA Enabled for GPU 9a000 / HCA 2 (distance 3 <= 4), read 0
osk-gpu91:2354454:2361740 [6] NCCL INFO GPU Direct RDMA Enabled for GPU ab000 / HCA 2 (distance 3 <= 4), read 0
osk-gpu91:2354454:2361740 [6] NCCL INFO GPU Direct RDMA Enabled for GPU ba000 / HCA 2 (distance 3 <= 4), read 0
osk-gpu91:2354454:2361740 [6] NCCL INFO GPU Direct RDMA Enabled for GPU db000 / HCA 2 (distance 3 <= 4), read 0
osk-gpu91:2354450:2361741 [2] NCCL INFO GPU Direct RDMA Enabled for GPU 18000 / HCA 1 (distance 3 <= 4), read 0
osk-gpu91:2354450:2361741 [2] NCCL INFO GPU Direct RDMA Enabled for GPU 2a000 / HCA 1 (distance 3 <= 4), read 0
osk-gpu91:2354450:2361741 [2] NCCL INFO GPU Direct RDMA Enabled for GPU 3a000 / HCA 1 (distance 3 <= 4), read 0
osk-gpu91:2354450:2361741 [2] NCCL INFO GPU Direct RDMA Enabled for GPU 5d000 / HCA 1 (distance 3 <= 4), read 0
osk-gpu91:2354450:2361741 [2] NCCL INFO GPU Direct RDMA Enabled for GPU 9a000 / HCA 1 (distance 3 <= 4), read 0
osk-gpu91:2354450:2361741 [2] NCCL INFO GPU Direct RDMA Enabled for GPU ab000 / HCA 1 (distance 3 <= 4), read 0
osk-gpu91:2354450:2361741 [2] NCCL INFO GPU Direct RDMA Enabled for GPU ba000 / HCA 1 (distance 3 <= 4), read 0
osk-gpu91:2354450:2361741 [2] NCCL INFO GPU Direct RDMA Enabled for GPU db000 / HCA 1 (distance 3 <= 4), read 0
osk-gpu91:2354450:2361741 [2] NCCL INFO GPU Direct RDMA Enabled for GPU 18000 / HCA 2 (distance 3 <= 4), read 0
osk-gpu91:2354450:2361741 [2] NCCL INFO GPU Direct RDMA Enabled for GPU 2a000 / HCA 2 (distance 3 <= 4), read 0
osk-gpu91:2354450:2361741 [2] NCCL INFO GPU Direct RDMA Enabled for GPU 3a000 / HCA 2 (distance 3 <= 4), read 0
osk-gpu91:2354450:2361741 [2] NCCL INFO GPU Direct RDMA Enabled for GPU 5d000 / HCA 2 (distance 3 <= 4), read 0
osk-gpu91:2354450:2361741 [2] NCCL INFO GPU Direct RDMA Enabled for GPU 9a000 / HCA 2 (distance 3 <= 4), read 0
osk-gpu91:2354450:2361741 [2] NCCL INFO GPU Direct RDMA Enabled for GPU ab000 / HCA 2 (distance 3 <= 4), read 0
osk-gpu91:2354450:2361741 [2] NCCL INFO GPU Direct RDMA Enabled for GPU ba000 / HCA 2 (distance 3 <= 4), read 0
osk-gpu91:2354450:2361741 [2] NCCL INFO GPU Direct RDMA Enabled for GPU db000 / HCA 2 (distance 3 <= 4), read 0
osk-gpu91:2354452:2361743 [4] NCCL INFO Setting affinity for GPU 4 to 100000,00000000,00000000,00000000,10000000,00000000
osk-gpu91:2354452:2361743 [4] NCCL INFO NVLS multicast support is available on dev 4
osk-gpu91:2354451:2361739 [3] NCCL INFO GPU Direct RDMA Enabled for GPU 18000 / HCA 0 (distance 3 <= 4), read 0
osk-gpu91:2354451:2361739 [3] NCCL INFO GPU Direct RDMA Enabled for GPU 2a000 / HCA 0 (distance 3 <= 4), read 0
osk-gpu91:2354451:2361739 [3] NCCL INFO GPU Direct RDMA Enabled for GPU 3a000 / HCA 0 (distance 3 <= 4), read 0
osk-gpu91:2354451:2361739 [3] NCCL INFO GPU Direct RDMA Enabled for GPU 5d000 / HCA 0 (distance 3 <= 4), read 0
osk-gpu91:2354451:2361739 [3] NCCL INFO GPU Direct RDMA Enabled for GPU 9a000 / HCA 0 (distance 3 <= 4), read 0
osk-gpu91:2354451:2361739 [3] NCCL INFO GPU Direct RDMA Enabled for GPU ab000 / HCA 0 (distance 3 <= 4), read 0
osk-gpu91:2354451:2361739 [3] NCCL INFO GPU Direct RDMA Enabled for GPU ba000 / HCA 0 (distance 3 <= 4), read 0
osk-gpu91:2354451:2361739 [3] NCCL INFO GPU Direct RDMA Enabled for GPU db000 / HCA 0 (distance 3 <= 4), read 0
osk-gpu91:2354451:2361739 [3] NCCL INFO GPU Direct RDMA Enabled for GPU 18000 / HCA 1 (distance 3 <= 4), read 0
osk-gpu91:2354451:2361739 [3] NCCL INFO GPU Direct RDMA Enabled for GPU 2a000 / HCA 1 (distance 3 <= 4), read 0
osk-gpu91:2354451:2361739 [3] NCCL INFO GPU Direct RDMA Enabled for GPU 3a000 / HCA 1 (distance 3 <= 4), read 0
osk-gpu91:2354451:2361739 [3] NCCL INFO GPU Direct RDMA Enabled for GPU 5d000 / HCA 1 (distance 3 <= 4), read 0
osk-gpu91:2354451:2361739 [3] NCCL INFO GPU Direct RDMA Enabled for GPU 9a000 / HCA 1 (distance 3 <= 4), read 0
osk-gpu91:2354451:2361739 [3] NCCL INFO GPU Direct RDMA Enabled for GPU ab000 / HCA 1 (distance 3 <= 4), read 0
osk-gpu91:2354454:2361740 [6] NCCL INFO Setting affinity for GPU 6 to 100000,00000000,00000000,00000000,10000000,00000000
osk-gpu91:2354454:2361740 [6] NCCL INFO NVLS multicast support is available on dev 6
osk-gpu91:2354451:2361739 [3] NCCL INFO GPU Direct RDMA Enabled for GPU ba000 / HCA 1 (distance 3 <= 4), read 0
osk-gpu91:2354451:2361739 [3] NCCL INFO GPU Direct RDMA Enabled for GPU db000 / HCA 1 (distance 3 <= 4), read 0
osk-gpu91:2354451:2361739 [3] NCCL INFO GPU Direct RDMA Enabled for GPU 18000 / HCA 2 (distance 3 <= 4), read 0
osk-gpu91:2354451:2361739 [3] NCCL INFO GPU Direct RDMA Enabled for GPU 2a000 / HCA 2 (distance 3 <= 4), read 0
osk-gpu91:2354451:2361739 [3] NCCL INFO GPU Direct RDMA Enabled for GPU 3a000 / HCA 2 (distance 3 <= 4), read 0
osk-gpu91:2354451:2361739 [3] NCCL INFO GPU Direct RDMA Enabled for GPU 5d000 / HCA 2 (distance 3 <= 4), read 0
osk-gpu91:2354451:2361739 [3] NCCL INFO GPU Direct RDMA Enabled for GPU 9a000 / HCA 2 (distance 3 <= 4), read 0
osk-gpu91:2354451:2361739 [3] NCCL INFO GPU Direct RDMA Enabled for GPU ab000 / HCA 2 (distance 3 <= 4), read 0
osk-gpu91:2354451:2361739 [3] NCCL INFO GPU Direct RDMA Enabled for GPU ba000 / HCA 2 (distance 3 <= 4), read 0
osk-gpu91:2354451:2361739 [3] NCCL INFO GPU Direct RDMA Enabled for GPU db000 / HCA 2 (distance 3 <= 4), read 0
osk-gpu91:2354450:2361741 [2] NCCL INFO NVLS multicast support is available on dev 2
osk-gpu91:2354451:2361739 [3] NCCL INFO NVLS multicast support is available on dev 3
osk-gpu91:2354449:2361738 [1] NCCL INFO GPU Direct RDMA Enabled for GPU 18000 / HCA 0 (distance 3 <= 4), read 0
osk-gpu91:2354449:2361738 [1] NCCL INFO GPU Direct RDMA Enabled for GPU 2a000 / HCA 0 (distance 3 <= 4), read 0
osk-gpu91:2354449:2361738 [1] NCCL INFO GPU Direct RDMA Enabled for GPU 3a000 / HCA 0 (distance 3 <= 4), read 0
osk-gpu91:2354449:2361738 [1] NCCL INFO GPU Direct RDMA Enabled for GPU 5d000 / HCA 0 (distance 3 <= 4), read 0
osk-gpu91:2354449:2361738 [1] NCCL INFO GPU Direct RDMA Enabled for GPU 9a000 / HCA 0 (distance 3 <= 4), read 0
osk-gpu91:2354449:2361738 [1] NCCL INFO GPU Direct RDMA Enabled for GPU ab000 / HCA 0 (distance 3 <= 4), read 0
osk-gpu91:2354449:2361738 [1] NCCL INFO GPU Direct RDMA Enabled for GPU ba000 / HCA 0 (distance 3 <= 4), read 0
osk-gpu91:2354449:2361738 [1] NCCL INFO GPU Direct RDMA Enabled for GPU db000 / HCA 0 (distance 3 <= 4), read 0
osk-gpu91:2354449:2361738 [1] NCCL INFO GPU Direct RDMA Enabled for GPU 18000 / HCA 1 (distance 3 <= 4), read 0
osk-gpu91:2354449:2361738 [1] NCCL INFO GPU Direct RDMA Enabled for GPU 2a000 / HCA 1 (distance 3 <= 4), read 0
osk-gpu91:2354449:2361738 [1] NCCL INFO GPU Direct RDMA Enabled for GPU 3a000 / HCA 1 (distance 3 <= 4), read 0
osk-gpu91:2354449:2361738 [1] NCCL INFO GPU Direct RDMA Enabled for GPU 5d000 / HCA 1 (distance 3 <= 4), read 0
osk-gpu91:2354449:2361738 [1] NCCL INFO GPU Direct RDMA Enabled for GPU 9a000 / HCA 1 (distance 3 <= 4), read 0
osk-gpu91:2354449:2361738 [1] NCCL INFO GPU Direct RDMA Enabled for GPU ab000 / HCA 1 (distance 3 <= 4), read 0
osk-gpu91:2354449:2361738 [1] NCCL INFO GPU Direct RDMA Enabled for GPU ba000 / HCA 1 (distance 3 <= 4), read 0
osk-gpu91:2354449:2361738 [1] NCCL INFO GPU Direct RDMA Enabled for GPU db000 / HCA 1 (distance 3 <= 4), read 0
osk-gpu91:2354449:2361738 [1] NCCL INFO GPU Direct RDMA Enabled for GPU 18000 / HCA 2 (distance 3 <= 4), read 0
osk-gpu91:2354449:2361738 [1] NCCL INFO GPU Direct RDMA Enabled for GPU 2a000 / HCA 2 (distance 3 <= 4), read 0
osk-gpu91:2354449:2361738 [1] NCCL INFO GPU Direct RDMA Enabled for GPU 3a000 / HCA 2 (distance 3 <= 4), read 0
osk-gpu91:2354449:2361738 [1] NCCL INFO GPU Direct RDMA Enabled for GPU 5d000 / HCA 2 (distance 3 <= 4), read 0
osk-gpu91:2354449:2361738 [1] NCCL INFO GPU Direct RDMA Enabled for GPU 9a000 / HCA 2 (distance 3 <= 4), read 0
osk-gpu91:2354449:2361738 [1] NCCL INFO GPU Direct RDMA Enabled for GPU ab000 / HCA 2 (distance 3 <= 4), read 0
osk-gpu91:2354449:2361738 [1] NCCL INFO GPU Direct RDMA Enabled for GPU ba000 / HCA 2 (distance 3 <= 4), read 0
osk-gpu91:2354449:2361738 [1] NCCL INFO GPU Direct RDMA Enabled for GPU db000 / HCA 2 (distance 3 <= 4), read 0
osk-gpu91:2354449:2361738 [1] NCCL INFO NVLS multicast support is available on dev 1
osk-gpu91:2354449:2361738 [1] NCCL INFO comm 0x143e2330 rank 1 nRanks 8 nNodes 1 localRanks 8 localRank 1 MNNVL 0
osk-gpu91:2354450:2361741 [2] NCCL INFO comm 0x15930370 rank 2 nRanks 8 nNodes 1 localRanks 8 localRank 2 MNNVL 0
osk-gpu91:2354452:2361743 [4] NCCL INFO comm 0x130963c0 rank 4 nRanks 8 nNodes 1 localRanks 8 localRank 4 MNNVL 0
osk-gpu91:2354453:2361742 [5] NCCL INFO comm 0x12bd7cd0 rank 5 nRanks 8 nNodes 1 localRanks 8 localRank 5 MNNVL 0
osk-gpu91:2354449:2361738 [1] NCCL INFO Trees [0] 2/-1/-1->1->0 [1] 2/-1/-1->1->0 [2] 2/-1/-1->1->0 [3] 2/-1/-1->1->0 [4] 2/-1/-1->1->0 [5] 2/-1/-1->1->0 [6] 2/-1/-1->1->0 [7] 2/-1/-1->1->0 [8] 2/-1/-1->1->0 [9] 2/-1/-1->1->0 [10] 2/-1/-1->1->0 [11] 2/-1/-1->1->0 [12] 2/-1/-1->1->0 [13] 2/-1/-1->1->0 [14] 2/-1/-1->1->0 [15] 2/-1/-1->1->0 [16] 2/-1/-1->1->0 [17] 2/-1/-1->1->0 [18] 2/-1/-1->1->0 [19] 2/-1/-1->1->0 [20] 2/-1/-1->1->0 [21] 2/-1/-1->1->0 [22] 2/-1/-1->1->0 [23] 2/-1/-1->1->0
osk-gpu91:2354451:2361739 [3] NCCL INFO comm 0x16561140 rank 3 nRanks 8 nNodes 1 localRanks 8 localRank 3 MNNVL 0
osk-gpu91:2354454:2361740 [6] NCCL INFO comm 0x13c9ea20 rank 6 nRanks 8 nNodes 1 localRanks 8 localRank 6 MNNVL 0
osk-gpu91:2354453:2361742 [5] NCCL INFO Trees [0] 6/-1/-1->5->4 [1] 6/-1/-1->5->4 [2] 6/-1/-1->5->4 [3] 6/-1/-1->5->4 [4] 6/-1/-1->5->4 [5] 6/-1/-1->5->4 [6] 6/-1/-1->5->4 [7] 6/-1/-1->5->4 [8] 6/-1/-1->5->4 [9] 6/-1/-1->5->4 [10] 6/-1/-1->5->4 [11] 6/-1/-1->5->4 [12] 6/-1/-1->5->4 [13] 6/-1/-1->5->4 [14] 6/-1/-1->5->4 [15] 6/-1/-1->5->4 [16] 6/-1/-1->5->4 [17] 6/-1/-1->5->4 [18] 6/-1/-1->5->4 [19] 6/-1/-1->5->4 [20] 6/-1/-1->5->4 [21] 6/-1/-1->5->4 [22] 6/-1/-1->5->4 [23] 6/-1/-1->5->4
osk-gpu91:2354450:2361741 [2] NCCL INFO Trees [0] 3/-1/-1->2->1 [1] 3/-1/-1->2->1 [2] 3/-1/-1->2->1 [3] 3/-1/-1->2->1 [4] 3/-1/-1->2->1 [5] 3/-1/-1->2->1 [6] 3/-1/-1->2->1 [7] 3/-1/-1->2->1 [8] 3/-1/-1->2->1 [9] 3/-1/-1->2->1 [10] 3/-1/-1->2->1 [11] 3/-1/-1->2->1 [12] 3/-1/-1->2->1 [13] 3/-1/-1->2->1 [14] 3/-1/-1->2->1 [15] 3/-1/-1->2->1 [16] 3/-1/-1->2->1 [17] 3/-1/-1->2->1 [18] 3/-1/-1->2->1 [19] 3/-1/-1->2->1 [20] 3/-1/-1->2->1 [21] 3/-1/-1->2->1 [22] 3/-1/-1->2->1 [23] 3/-1/-1->2->1
osk-gpu91:2354453:2361742 [5] NCCL INFO P2P Chunksize set to 524288
osk-gpu91:2354450:2361741 [2] NCCL INFO P2P Chunksize set to 524288
osk-gpu91:2354452:2361743 [4] NCCL INFO Trees [0] 5/-1/-1->4->3 [1] 5/-1/-1->4->3 [2] 5/-1/-1->4->3 [3] 5/-1/-1->4->3 [4] 5/-1/-1->4->3 [5] 5/-1/-1->4->3 [6] 5/-1/-1->4->3 [7] 5/-1/-1->4->3 [8] 5/-1/-1->4->3 [9] 5/-1/-1->4->3 [10] 5/-1/-1->4->3 [11] 5/-1/-1->4->3 [12] 5/-1/-1->4->3 [13] 5/-1/-1->4->3 [14] 5/-1/-1->4->3 [15] 5/-1/-1->4->3 [16] 5/-1/-1->4->3 [17] 5/-1/-1->4->3 [18] 5/-1/-1->4->3 [19] 5/-1/-1->4->3 [20] 5/-1/-1->4->3 [21] 5/-1/-1->4->3 [22] 5/-1/-1->4->3 [23] 5/-1/-1->4->3
osk-gpu91:2354452:2361743 [4] NCCL INFO P2P Chunksize set to 524288
osk-gpu91:2354451:2361739 [3] NCCL INFO Trees [0] 4/-1/-1->3->2 [1] 4/-1/-1->3->2 [2] 4/-1/-1->3->2 [3] 4/-1/-1->3->2 [4] 4/-1/-1->3->2 [5] 4/-1/-1->3->2 [6] 4/-1/-1->3->2 [7] 4/-1/-1->3->2 [8] 4/-1/-1->3->2 [9] 4/-1/-1->3->2 [10] 4/-1/-1->3->2 [11] 4/-1/-1->3->2 [12] 4/-1/-1->3->2 [13] 4/-1/-1->3->2 [14] 4/-1/-1->3->2 [15] 4/-1/-1->3->2 [16] 4/-1/-1->3->2 [17] 4/-1/-1->3->2 [18] 4/-1/-1->3->2 [19] 4/-1/-1->3->2 [20] 4/-1/-1->3->2 [21] 4/-1/-1->3->2 [22] 4/-1/-1->3->2 [23] 4/-1/-1->3->2
osk-gpu91:2354455:2361737 [7] NCCL INFO comm 0x130b6330 rank 7 nRanks 8 nNodes 1 localRanks 8 localRank 7 MNNVL 0
osk-gpu91:2354449:2361738 [1] NCCL INFO P2P Chunksize set to 524288
osk-gpu91:2354451:2361739 [3] NCCL INFO P2P Chunksize set to 524288
osk-gpu91:2354448:2361736 [0] NCCL INFO comm 0x12fef680 rank 0 nRanks 8 nNodes 1 localRanks 8 localRank 0 MNNVL 0
osk-gpu91:2354454:2361740 [6] NCCL INFO Trees [0] 7/-1/-1->6->5 [1] 7/-1/-1->6->5 [2] 7/-1/-1->6->5 [3] 7/-1/-1->6->5 [4] 7/-1/-1->6->5 [5] 7/-1/-1->6->5 [6] 7/-1/-1->6->5 [7] 7/-1/-1->6->5 [8] 7/-1/-1->6->5 [9] 7/-1/-1->6->5 [10] 7/-1/-1->6->5 [11] 7/-1/-1->6->5 [12] 7/-1/-1->6->5 [13] 7/-1/-1->6->5 [14] 7/-1/-1->6->5 [15] 7/-1/-1->6->5 [16] 7/-1/-1->6->5 [17] 7/-1/-1->6->5 [18] 7/-1/-1->6->5 [19] 7/-1/-1->6->5 [20] 7/-1/-1->6->5 [21] 7/-1/-1->6->5 [22] 7/-1/-1->6->5 [23] 7/-1/-1->6->5
osk-gpu91:2354448:2361736 [0] NCCL INFO Channel 00/24 :    0   1   2   3   4   5   6   7
osk-gpu91:2354454:2361740 [6] NCCL INFO P2P Chunksize set to 524288
osk-gpu91:2354448:2361736 [0] NCCL INFO Channel 01/24 :    0   1   2   3   4   5   6   7
osk-gpu91:2354448:2361736 [0] NCCL INFO Channel 02/24 :    0   1   2   3   4   5   6   7
osk-gpu91:2354448:2361736 [0] NCCL INFO Channel 03/24 :    0   1   2   3   4   5   6   7
osk-gpu91:2354448:2361736 [0] NCCL INFO Channel 04/24 :    0   1   2   3   4   5   6   7
osk-gpu91:2354448:2361736 [0] NCCL INFO Channel 05/24 :    0   1   2   3   4   5   6   7
osk-gpu91:2354448:2361736 [0] NCCL INFO Channel 06/24 :    0   1   2   3   4   5   6   7
osk-gpu91:2354448:2361736 [0] NCCL INFO Channel 07/24 :    0   1   2   3   4   5   6   7
osk-gpu91:2354448:2361736 [0] NCCL INFO Channel 08/24 :    0   1   2   3   4   5   6   7
osk-gpu91:2354455:2361737 [7] NCCL INFO Trees [0] -1/-1/-1->7->6 [1] -1/-1/-1->7->6 [2] -1/-1/-1->7->6 [3] -1/-1/-1->7->6 [4] -1/-1/-1->7->6 [5] -1/-1/-1->7->6 [6] -1/-1/-1->7->6 [7] -1/-1/-1->7->6 [8] -1/-1/-1->7->6 [9] -1/-1/-1->7->6 [10] -1/-1/-1->7->6 [11] -1/-1/-1->7->6 [12] -1/-1/-1->7->6 [13] -1/-1/-1->7->6 [14] -1/-1/-1->7->6 [15] -1/-1/-1->7->6 [16] -1/-1/-1->7->6 [17] -1/-1/-1->7->6 [18] -1/-1/-1->7->6 [19] -1/-1/-1->7->6 [20] -1/-1/-1->7->6 [21] -1/-1/-1->7->6 [22] -1/-1/-1->7->6 [23] -1/-1/-1->7->6
osk-gpu91:2354448:2361736 [0] NCCL INFO Channel 09/24 :    0   1   2   3   4   5   6   7
osk-gpu91:2354448:2361736 [0] NCCL INFO Channel 10/24 :    0   1   2   3   4   5   6   7
osk-gpu91:2354455:2361737 [7] NCCL INFO P2P Chunksize set to 524288
osk-gpu91:2354448:2361736 [0] NCCL INFO Channel 11/24 :    0   1   2   3   4   5   6   7
osk-gpu91:2354448:2361736 [0] NCCL INFO Channel 12/24 :    0   1   2   3   4   5   6   7
osk-gpu91:2354448:2361736 [0] NCCL INFO Channel 13/24 :    0   1   2   3   4   5   6   7
osk-gpu91:2354448:2361736 [0] NCCL INFO Channel 14/24 :    0   1   2   3   4   5   6   7
osk-gpu91:2354448:2361736 [0] NCCL INFO Channel 15/24 :    0   1   2   3   4   5   6   7
osk-gpu91:2354448:2361736 [0] NCCL INFO Channel 16/24 :    0   1   2   3   4   5   6   7
osk-gpu91:2354448:2361736 [0] NCCL INFO Channel 17/24 :    0   1   2   3   4   5   6   7
osk-gpu91:2354448:2361736 [0] NCCL INFO Channel 18/24 :    0   1   2   3   4   5   6   7
osk-gpu91:2354448:2361736 [0] NCCL INFO Channel 19/24 :    0   1   2   3   4   5   6   7
osk-gpu91:2354448:2361736 [0] NCCL INFO Channel 20/24 :    0   1   2   3   4   5   6   7
osk-gpu91:2354448:2361736 [0] NCCL INFO Channel 21/24 :    0   1   2   3   4   5   6   7
osk-gpu91:2354448:2361736 [0] NCCL INFO Channel 22/24 :    0   1   2   3   4   5   6   7
osk-gpu91:2354448:2361736 [0] NCCL INFO Channel 23/24 :    0   1   2   3   4   5   6   7
osk-gpu91:2354448:2361736 [0] NCCL INFO Trees [0] 1/-1/-1->0->-1 [1] 1/-1/-1->0->-1 [2] 1/-1/-1->0->-1 [3] 1/-1/-1->0->-1 [4] 1/-1/-1->0->-1 [5] 1/-1/-1->0->-1 [6] 1/-1/-1->0->-1 [7] 1/-1/-1->0->-1 [8] 1/-1/-1->0->-1 [9] 1/-1/-1->0->-1 [10] 1/-1/-1->0->-1 [11] 1/-1/-1->0->-1 [12] 1/-1/-1->0->-1 [13] 1/-1/-1->0->-1 [14] 1/-1/-1->0->-1 [15] 1/-1/-1->0->-1 [16] 1/-1/-1->0->-1 [17] 1/-1/-1->0->-1 [18] 1/-1/-1->0->-1 [19] 1/-1/-1->0->-1 [20] 1/-1/-1->0->-1 [21] 1/-1/-1->0->-1 [22] 1/-1/-1->0->-1 [23] 1/-1/-1->0->-1
osk-gpu91:2354448:2361736 [0] NCCL INFO P2P Chunksize set to 524288
osk-gpu91:2354448:2361779 [0] NCCL INFO New proxy recv connection 0 from local rank 0, transport 0
osk-gpu91:2354448:2361736 [0] NCCL INFO Connected to proxy localRank 0 -> connection 0x1462b402f870
osk-gpu91:2354455:2361785 [7] NCCL INFO New proxy recv connection 0 from local rank 7, transport 0
osk-gpu91:2354448:2361779 [0] NCCL INFO New proxy recv connection 1 from local rank 0, transport 0
osk-gpu91:2354448:2361736 [0] NCCL INFO Connected to proxy localRank 0 -> connection 0x1462b402f8e8
osk-gpu91:2354454:2361781 [6] NCCL INFO New proxy recv connection 0 from local rank 6, transport 0
osk-gpu91:2354454:2361740 [6] NCCL INFO Connected to proxy localRank 6 -> connection 0x15444802bcb0
osk-gpu91:2354454:2361781 [6] NCCL INFO New proxy recv connection 1 from local rank 6, transport 0
osk-gpu91:2354454:2361740 [6] NCCL INFO Connected to proxy localRank 6 -> connection 0x15444802bd28
osk-gpu91:2354454:2361781 [6] NCCL INFO New proxy recv connection 2 from local rank 6, transport 0
osk-gpu91:2354454:2361740 [6] NCCL INFO Connected to proxy localRank 6 -> connection 0x15444802bda0
osk-gpu91:2354454:2361781 [6] NCCL INFO New proxy recv connection 3 from local rank 6, transport 0
osk-gpu91:2354454:2361740 [6] NCCL INFO Connected to proxy localRank 6 -> connection 0x15444802be18
osk-gpu91:2354454:2361781 [6] NCCL INFO New proxy recv connection 4 from local rank 6, transport 0
osk-gpu91:2354454:2361740 [6] NCCL INFO Connected to proxy localRank 6 -> connection 0x15444802be90
osk-gpu91:2354454:2361781 [6] NCCL INFO New proxy recv connection 5 from local rank 6, transport 0
osk-gpu91:2354454:2361740 [6] NCCL INFO Connected to proxy localRank 6 -> connection 0x15444802bf08
osk-gpu91:2354454:2361781 [6] NCCL INFO New proxy recv connection 6 from local rank 6, transport 0
osk-gpu91:2354454:2361740 [6] NCCL INFO Connected to proxy localRank 6 -> connection 0x15444802bf80
osk-gpu91:2354455:2361737 [7] NCCL INFO Connected to proxy localRank 7 -> connection 0x14f1cc030010
osk-gpu91:2354454:2361781 [6] NCCL INFO New proxy recv connection 7 from local rank 6, transport 0
osk-gpu91:2354454:2361740 [6] NCCL INFO Connected to proxy localRank 6 -> connection 0x15444802bff8
osk-gpu91:2354451:2361783 [3] NCCL INFO New proxy recv connection 0 from local rank 3, transport 0
osk-gpu91:2354454:2361781 [6] NCCL INFO New proxy recv connection 8 from local rank 6, transport 0
osk-gpu91:2354451:2361739 [3] NCCL INFO Connected to proxy localRank 3 -> connection 0x14a27402b260
osk-gpu91:2354454:2361740 [6] NCCL INFO Connected to proxy localRank 6 -> connection 0x15444802c070
osk-gpu91:2354455:2361785 [7] NCCL INFO New proxy recv connection 1 from local rank 7, transport 0
osk-gpu91:2354455:2361737 [7] NCCL INFO Connected to proxy localRank 7 -> connection 0x14f1cc030088
osk-gpu91:2354451:2361783 [3] NCCL INFO New proxy recv connection 1 from local rank 3, transport 0
osk-gpu91:2354454:2361781 [6] NCCL INFO New proxy recv connection 9 from local rank 6, transport 0
osk-gpu91:2354454:2361740 [6] NCCL INFO Connected to proxy localRank 6 -> connection 0x15444802c0e8
osk-gpu91:2354455:2361785 [7] NCCL INFO New proxy recv connection 2 from local rank 7, transport 0
osk-gpu91:2354455:2361737 [7] NCCL INFO Connected to proxy localRank 7 -> connection 0x14f1cc030100
osk-gpu91:2354455:2361785 [7] NCCL INFO New proxy recv connection 3 from local rank 7, transport 0
osk-gpu91:2354455:2361737 [7] NCCL INFO Connected to proxy localRank 7 -> connection 0x14f1cc030178
osk-gpu91:2354455:2361785 [7] NCCL INFO New proxy recv connection 4 from local rank 7, transport 0
osk-gpu91:2354455:2361737 [7] NCCL INFO Connected to proxy localRank 7 -> connection 0x14f1cc0301f0
osk-gpu91:2354455:2361785 [7] NCCL INFO New proxy recv connection 5 from local rank 7, transport 0
osk-gpu91:2354455:2361737 [7] NCCL INFO Connected to proxy localRank 7 -> connection 0x14f1cc030268
osk-gpu91:2354448:2361779 [0] NCCL INFO New proxy recv connection 2 from local rank 0, transport 0
osk-gpu91:2354449:2361791 [1] NCCL INFO New proxy recv connection 0 from local rank 1, transport 0
osk-gpu91:2354448:2361736 [0] NCCL INFO Connected to proxy localRank 0 -> connection 0x1462b402f960
osk-gpu91:2354449:2361738 [1] NCCL INFO Connected to proxy localRank 1 -> connection 0x14a1e8033af0
osk-gpu91:2354455:2361785 [7] NCCL INFO New proxy recv connection 6 from local rank 7, transport 0
osk-gpu91:2354455:2361737 [7] NCCL INFO Connected to proxy localRank 7 -> connection 0x14f1cc0302e0
osk-gpu91:2354454:2361781 [6] NCCL INFO New proxy recv connection 10 from local rank 6, transport 0
osk-gpu91:2354454:2361740 [6] NCCL INFO Connected to proxy localRank 6 -> connection 0x15444802c160
osk-gpu91:2354455:2361785 [7] NCCL INFO New proxy recv connection 7 from local rank 7, transport 0
osk-gpu91:2354455:2361737 [7] NCCL INFO Connected to proxy localRank 7 -> connection 0x14f1cc030358
osk-gpu91:2354451:2361739 [3] NCCL INFO Connected to proxy localRank 3 -> connection 0x14a27402b2d8
osk-gpu91:2354454:2361781 [6] NCCL INFO New proxy recv connection 11 from local rank 6, transport 0
osk-gpu91:2354454:2361740 [6] NCCL INFO Connected to proxy localRank 6 -> connection 0x15444802c1d8
osk-gpu91:2354454:2361781 [6] NCCL INFO New proxy recv connection 12 from local rank 6, transport 0
osk-gpu91:2354454:2361740 [6] NCCL INFO Connected to proxy localRank 6 -> connection 0x15444802c250
osk-gpu91:2354454:2361781 [6] NCCL INFO New proxy recv connection 13 from local rank 6, transport 0
osk-gpu91:2354454:2361740 [6] NCCL INFO Connected to proxy localRank 6 -> connection 0x15444802c2c8
osk-gpu91:2354451:2361783 [3] NCCL INFO New proxy recv connection 2 from local rank 3, transport 0
osk-gpu91:2354451:2361739 [3] NCCL INFO Connected to proxy localRank 3 -> connection 0x14a27402b350
osk-gpu91:2354451:2361783 [3] NCCL INFO New proxy recv connection 3 from local rank 3, transport 0
osk-gpu91:2354449:2361791 [1] NCCL INFO New proxy recv connection 1 from local rank 1, transport 0
osk-gpu91:2354451:2361739 [3] NCCL INFO Connected to proxy localRank 3 -> connection 0x14a27402b3c8
osk-gpu91:2354449:2361738 [1] NCCL INFO Connected to proxy localRank 1 -> connection 0x14a1e8033b68
osk-gpu91:2354455:2361785 [7] NCCL INFO New proxy recv connection 8 from local rank 7, transport 0
osk-gpu91:2354454:2361781 [6] NCCL INFO New proxy recv connection 14 from local rank 6, transport 0
osk-gpu91:2354455:2361737 [7] NCCL INFO Connected to proxy localRank 7 -> connection 0x14f1cc0303d0
osk-gpu91:2354451:2361783 [3] NCCL INFO New proxy recv connection 4 from local rank 3, transport 0
osk-gpu91:2354454:2361740 [6] NCCL INFO Connected to proxy localRank 6 -> connection 0x15444802c340
osk-gpu91:2354451:2361739 [3] NCCL INFO Connected to proxy localRank 3 -> connection 0x14a27402b440
osk-gpu91:2354455:2361785 [7] NCCL INFO New proxy recv connection 9 from local rank 7, transport 0
osk-gpu91:2354455:2361737 [7] NCCL INFO Connected to proxy localRank 7 -> connection 0x14f1cc030448
osk-gpu91:2354455:2361785 [7] NCCL INFO New proxy recv connection 10 from local rank 7, transport 0
osk-gpu91:2354451:2361783 [3] NCCL INFO New proxy recv connection 5 from local rank 3, transport 0
osk-gpu91:2354454:2361781 [6] NCCL INFO New proxy recv connection 15 from local rank 6, transport 0
osk-gpu91:2354455:2361737 [7] NCCL INFO Connected to proxy localRank 7 -> connection 0x14f1cc0304c0
osk-gpu91:2354451:2361739 [3] NCCL INFO Connected to proxy localRank 3 -> connection 0x14a27402b4b8
osk-gpu91:2354454:2361740 [6] NCCL INFO Connected to proxy localRank 6 -> connection 0x15444802c3b8
osk-gpu91:2354454:2361781 [6] NCCL INFO New proxy recv connection 16 from local rank 6, transport 0
osk-gpu91:2354455:2361785 [7] NCCL INFO New proxy recv connection 11 from local rank 7, transport 0
osk-gpu91:2354452:2361793 [4] NCCL INFO New proxy recv connection 0 from local rank 4, transport 0
osk-gpu91:2354454:2361740 [6] NCCL INFO Connected to proxy localRank 6 -> connection 0x15444802c430
osk-gpu91:2354455:2361737 [7] NCCL INFO Connected to proxy localRank 7 -> connection 0x14f1cc030538
osk-gpu91:2354448:2361779 [0] NCCL INFO New proxy recv connection 3 from local rank 0, transport 0
osk-gpu91:2354451:2361783 [3] NCCL INFO New proxy recv connection 6 from local rank 3, transport 0
osk-gpu91:2354448:2361736 [0] NCCL INFO Connected to proxy localRank 0 -> connection 0x1462b402f9d8
osk-gpu91:2354451:2361739 [3] NCCL INFO Connected to proxy localRank 3 -> connection 0x14a27402b530
osk-gpu91:2354455:2361785 [7] NCCL INFO New proxy recv connection 12 from local rank 7, transport 0
osk-gpu91:2354455:2361737 [7] NCCL INFO Connected to proxy localRank 7 -> connection 0x14f1cc0305b0
osk-gpu91:2354455:2361785 [7] NCCL INFO New proxy recv connection 13 from local rank 7, transport 0
osk-gpu91:2354450:2361787 [2] NCCL INFO New proxy recv connection 0 from local rank 2, transport 0
osk-gpu91:2354450:2361741 [2] NCCL INFO Connected to proxy localRank 2 -> connection 0x14f1bc02fab0
osk-gpu91:2354450:2361787 [2] NCCL INFO New proxy recv connection 1 from local rank 2, transport 0
osk-gpu91:2354450:2361741 [2] NCCL INFO Connected to proxy localRank 2 -> connection 0x14f1bc02fb28
osk-gpu91:2354450:2361787 [2] NCCL INFO New proxy recv connection 2 from local rank 2, transport 0
osk-gpu91:2354450:2361741 [2] NCCL INFO Connected to proxy localRank 2 -> connection 0x14f1bc02fba0
osk-gpu91:2354450:2361787 [2] NCCL INFO New proxy recv connection 3 from local rank 2, transport 0
osk-gpu91:2354450:2361741 [2] NCCL INFO Connected to proxy localRank 2 -> connection 0x14f1bc02fc18
osk-gpu91:2354450:2361787 [2] NCCL INFO New proxy recv connection 4 from local rank 2, transport 0
osk-gpu91:2354450:2361741 [2] NCCL INFO Connected to proxy localRank 2 -> connection 0x14f1bc02fc90
osk-gpu91:2354450:2361787 [2] NCCL INFO New proxy recv connection 5 from local rank 2, transport 0
osk-gpu91:2354450:2361741 [2] NCCL INFO Connected to proxy localRank 2 -> connection 0x14f1bc02fd08
osk-gpu91:2354450:2361787 [2] NCCL INFO New proxy recv connection 6 from local rank 2, transport 0
osk-gpu91:2354450:2361741 [2] NCCL INFO Connected to proxy localRank 2 -> connection 0x14f1bc02fd80
osk-gpu91:2354450:2361787 [2] NCCL INFO New proxy recv connection 7 from local rank 2, transport 0
osk-gpu91:2354450:2361741 [2] NCCL INFO Connected to proxy localRank 2 -> connection 0x14f1bc02fdf8
osk-gpu91:2354450:2361787 [2] NCCL INFO New proxy recv connection 8 from local rank 2, transport 0
osk-gpu91:2354450:2361741 [2] NCCL INFO Connected to proxy localRank 2 -> connection 0x14f1bc02fe70
osk-gpu91:2354450:2361787 [2] NCCL INFO New proxy recv connection 9 from local rank 2, transport 0
osk-gpu91:2354450:2361741 [2] NCCL INFO Connected to proxy localRank 2 -> connection 0x14f1bc02fee8
osk-gpu91:2354450:2361787 [2] NCCL INFO New proxy recv connection 10 from local rank 2, transport 0
osk-gpu91:2354450:2361741 [2] NCCL INFO Connected to proxy localRank 2 -> connection 0x14f1bc02ff60
osk-gpu91:2354450:2361787 [2] NCCL INFO New proxy recv connection 11 from local rank 2, transport 0
osk-gpu91:2354450:2361741 [2] NCCL INFO Connected to proxy localRank 2 -> connection 0x14f1bc02ffd8
osk-gpu91:2354450:2361787 [2] NCCL INFO New proxy recv connection 12 from local rank 2, transport 0
osk-gpu91:2354450:2361741 [2] NCCL INFO Connected to proxy localRank 2 -> connection 0x14f1bc030050
osk-gpu91:2354450:2361787 [2] NCCL INFO New proxy recv connection 13 from local rank 2, transport 0
osk-gpu91:2354450:2361741 [2] NCCL INFO Connected to proxy localRank 2 -> connection 0x14f1bc0300c8
osk-gpu91:2354450:2361787 [2] NCCL INFO New proxy recv connection 14 from local rank 2, transport 0
osk-gpu91:2354450:2361741 [2] NCCL INFO Connected to proxy localRank 2 -> connection 0x14f1bc030140
