osk-gpu56:884879:884879 [1] NCCL INFO NET/Plugin : dlerror=libnccl-net-none.so: cannot open shared object file: No such file or directory No plugin found (libnccl-net-none.so), using internal implementation
osk-gpu56:884884:892554 [6] NCCL INFO NCCL_IB_HCA set to mlx5_0:1,mlx5_1:1
osk-gpu56:884878:892553 [0] NCCL INFO NCCL_IB_HCA set to mlx5_0:1,mlx5_1:1
osk-gpu56:884883:892559 [5] NCCL INFO NCCL_IB_HCA set to mlx5_0:1,mlx5_1:1
osk-gpu56:884881:892556 [3] NCCL INFO NCCL_IB_HCA set to mlx5_0:1,mlx5_1:1
osk-gpu56:884879:892560 [1] NCCL INFO NCCL_IB_HCA set to mlx5_0:1,mlx5_1:1
osk-gpu56:884885:892555 [7] NCCL INFO NCCL_IB_HCA set to mlx5_0:1,mlx5_1:1
osk-gpu56:884882:892557 [4] NCCL INFO NCCL_IB_HCA set to mlx5_0:1,mlx5_1:1
osk-gpu56:884880:892558 [2] NCCL INFO NCCL_IB_HCA set to mlx5_0:1,mlx5_1:1
osk-gpu56:884878:892553 [0] NCCL INFO NET/IB : Using [0]mlx5_0:1/RoCE [1]mlx5_1:1/RoCE [2]mlx5_11:1/RoCE [RO]; OOB bond0:10.255.255.56<0>
osk-gpu56:884878:892553 [0] NCCL INFO Using non-device net plugin version 0
osk-gpu56:884878:892553 [0] NCCL INFO Using network IB
osk-gpu56:884884:892554 [6] NCCL INFO NET/IB : Using [0]mlx5_0:1/RoCE [1]mlx5_1:1/RoCE [2]mlx5_11:1/RoCE [RO]; OOB bond0:10.255.255.56<0>
osk-gpu56:884884:892554 [6] NCCL INFO Using non-device net plugin version 0
osk-gpu56:884884:892554 [6] NCCL INFO Using network IB
osk-gpu56:884881:892556 [3] NCCL INFO NET/IB : Using [0]mlx5_0:1/RoCE [1]mlx5_1:1/RoCE [2]mlx5_11:1/RoCE [RO]; OOB bond0:10.255.255.56<0>
osk-gpu56:884881:892556 [3] NCCL INFO Using non-device net plugin version 0
osk-gpu56:884881:892556 [3] NCCL INFO Using network IB
osk-gpu56:884879:892560 [1] NCCL INFO NET/IB : Using [0]mlx5_0:1/RoCE [1]mlx5_1:1/RoCE [2]mlx5_11:1/RoCE [RO]; OOB bond0:10.255.255.56<0>
osk-gpu56:884879:892560 [1] NCCL INFO Using non-device net plugin version 0
osk-gpu56:884879:892560 [1] NCCL INFO Using network IB
osk-gpu56:884883:892559 [5] NCCL INFO NET/IB : Using [0]mlx5_0:1/RoCE [1]mlx5_1:1/RoCE [2]mlx5_11:1/RoCE [RO]; OOB bond0:10.255.255.56<0>
osk-gpu56:884883:892559 [5] NCCL INFO Using non-device net plugin version 0
osk-gpu56:884883:892559 [5] NCCL INFO Using network IB
osk-gpu56:884885:892555 [7] NCCL INFO NET/IB : Using [0]mlx5_0:1/RoCE [1]mlx5_1:1/RoCE [2]mlx5_11:1/RoCE [RO]; OOB bond0:10.255.255.56<0>
osk-gpu56:884885:892555 [7] NCCL INFO Using non-device net plugin version 0
osk-gpu56:884885:892555 [7] NCCL INFO Using network IB
osk-gpu56:884880:892558 [2] NCCL INFO NET/IB : Using [0]mlx5_0:1/RoCE [1]mlx5_1:1/RoCE [2]mlx5_11:1/RoCE [RO]; OOB bond0:10.255.255.56<0>
osk-gpu56:884880:892558 [2] NCCL INFO Using non-device net plugin version 0
osk-gpu56:884880:892558 [2] NCCL INFO Using network IB
osk-gpu56:884882:892557 [4] NCCL INFO NET/IB : Using [0]mlx5_0:1/RoCE [1]mlx5_1:1/RoCE [2]mlx5_11:1/RoCE [RO]; OOB bond0:10.255.255.56<0>
osk-gpu56:884882:892557 [4] NCCL INFO Using non-device net plugin version 0
osk-gpu56:884882:892557 [4] NCCL INFO Using network IB
osk-gpu56:884885:892555 [7] NCCL INFO comm 0x135636c0 rank 7 nranks 8 cudaDev 7 nvmlDev 7 busId db000 commId 0xb48f002b1b99ac4f - Init START
osk-gpu56:884884:892554 [6] NCCL INFO comm 0x148596e0 rank 6 nranks 8 cudaDev 6 nvmlDev 6 busId ba000 commId 0xb48f002b1b99ac4f - Init START
osk-gpu56:884885:892555 [7] NCCL INFO MNNVL busId 0xdb000 fabric UUID 0.0 cliqueId 0x0 state 3 healthMask 0x0
osk-gpu56:884884:892554 [6] NCCL INFO MNNVL busId 0xba000 fabric UUID 0.0 cliqueId 0x0 state 3 healthMask 0x0
osk-gpu56:884878:892553 [0] NCCL INFO comm 0x14052c00 rank 0 nranks 8 cudaDev 0 nvmlDev 0 busId 18000 commId 0xb48f002b1b99ac4f - Init START
osk-gpu56:884879:892560 [1] NCCL INFO comm 0x13d474b0 rank 1 nranks 8 cudaDev 1 nvmlDev 1 busId 2a000 commId 0xb48f002b1b99ac4f - Init START
osk-gpu56:884880:892558 [2] NCCL INFO comm 0x160dafc0 rank 2 nranks 8 cudaDev 2 nvmlDev 2 busId 3a000 commId 0xb48f002b1b99ac4f - Init START
osk-gpu56:884878:892553 [0] NCCL INFO MNNVL busId 0x18000 fabric UUID 0.0 cliqueId 0x0 state 3 healthMask 0x0
osk-gpu56:884882:892557 [4] NCCL INFO comm 0x14c072b0 rank 4 nranks 8 cudaDev 4 nvmlDev 4 busId 9a000 commId 0xb48f002b1b99ac4f - Init START
osk-gpu56:884883:892559 [5] NCCL INFO comm 0x13f27900 rank 5 nranks 8 cudaDev 5 nvmlDev 5 busId ab000 commId 0xb48f002b1b99ac4f - Init START
osk-gpu56:884881:892556 [3] NCCL INFO comm 0x155618c0 rank 3 nranks 8 cudaDev 3 nvmlDev 3 busId 5d000 commId 0xb48f002b1b99ac4f - Init START
osk-gpu56:884880:892558 [2] NCCL INFO MNNVL busId 0x3a000 fabric UUID 0.0 cliqueId 0x0 state 3 healthMask 0x0
osk-gpu56:884879:892560 [1] NCCL INFO MNNVL busId 0x2a000 fabric UUID 0.0 cliqueId 0x0 state 3 healthMask 0x0
osk-gpu56:884882:892557 [4] NCCL INFO MNNVL busId 0x9a000 fabric UUID 0.0 cliqueId 0x0 state 3 healthMask 0x0
osk-gpu56:884883:892559 [5] NCCL INFO MNNVL busId 0xab000 fabric UUID 0.0 cliqueId 0x0 state 3 healthMask 0x0
osk-gpu56:884881:892556 [3] NCCL INFO MNNVL busId 0x5d000 fabric UUID 0.0 cliqueId 0x0 state 3 healthMask 0x0
osk-gpu56:884884:892554 [6] NCCL INFO NET/IB : GPU Direct RDMA Enabled for HCA 0 'mlx5_0'
osk-gpu56:884884:892554 [6] NCCL INFO NET/IB : GPU Direct RDMA Enabled for HCA 1 'mlx5_1'
osk-gpu56:884884:892554 [6] NCCL INFO NET/IB : GPU Direct RDMA Enabled for HCA 2 'mlx5_11'
osk-gpu56:884884:892554 [6] NCCL INFO GPU Direct RDMA Enabled for GPU 18000 / HCA 0 (distance 3 <= 4), read 0
osk-gpu56:884884:892554 [6] NCCL INFO GPU Direct RDMA Enabled for GPU 2a000 / HCA 0 (distance 3 <= 4), read 0
osk-gpu56:884884:892554 [6] NCCL INFO GPU Direct RDMA Enabled for GPU 3a000 / HCA 0 (distance 3 <= 4), read 0
osk-gpu56:884884:892554 [6] NCCL INFO GPU Direct RDMA Enabled for GPU 5d000 / HCA 0 (distance 3 <= 4), read 0
osk-gpu56:884884:892554 [6] NCCL INFO GPU Direct RDMA Enabled for GPU 9a000 / HCA 0 (distance 3 <= 4), read 0
osk-gpu56:884884:892554 [6] NCCL INFO GPU Direct RDMA Enabled for GPU ab000 / HCA 0 (distance 3 <= 4), read 0
osk-gpu56:884884:892554 [6] NCCL INFO GPU Direct RDMA Enabled for GPU ba000 / HCA 0 (distance 3 <= 4), read 0
osk-gpu56:884884:892554 [6] NCCL INFO GPU Direct RDMA Enabled for GPU db000 / HCA 0 (distance 3 <= 4), read 0
osk-gpu56:884884:892554 [6] NCCL INFO GPU Direct RDMA Enabled for GPU 18000 / HCA 1 (distance 3 <= 4), read 0
osk-gpu56:884884:892554 [6] NCCL INFO GPU Direct RDMA Enabled for GPU 2a000 / HCA 1 (distance 3 <= 4), read 0
osk-gpu56:884884:892554 [6] NCCL INFO GPU Direct RDMA Enabled for GPU 3a000 / HCA 1 (distance 3 <= 4), read 0
osk-gpu56:884884:892554 [6] NCCL INFO GPU Direct RDMA Enabled for GPU 5d000 / HCA 1 (distance 3 <= 4), read 0
osk-gpu56:884884:892554 [6] NCCL INFO GPU Direct RDMA Enabled for GPU 9a000 / HCA 1 (distance 3 <= 4), read 0
osk-gpu56:884884:892554 [6] NCCL INFO GPU Direct RDMA Enabled for GPU ab000 / HCA 1 (distance 3 <= 4), read 0
osk-gpu56:884884:892554 [6] NCCL INFO GPU Direct RDMA Enabled for GPU ba000 / HCA 1 (distance 3 <= 4), read 0
osk-gpu56:884884:892554 [6] NCCL INFO GPU Direct RDMA Enabled for GPU db000 / HCA 1 (distance 3 <= 4), read 0
osk-gpu56:884884:892554 [6] NCCL INFO GPU Direct RDMA Enabled for GPU 18000 / HCA 2 (distance 3 <= 4), read 0
osk-gpu56:884884:892554 [6] NCCL INFO GPU Direct RDMA Enabled for GPU 2a000 / HCA 2 (distance 3 <= 4), read 0
osk-gpu56:884884:892554 [6] NCCL INFO GPU Direct RDMA Enabled for GPU 3a000 / HCA 2 (distance 3 <= 4), read 0
osk-gpu56:884884:892554 [6] NCCL INFO GPU Direct RDMA Enabled for GPU 5d000 / HCA 2 (distance 3 <= 4), read 0
osk-gpu56:884884:892554 [6] NCCL INFO GPU Direct RDMA Enabled for GPU 9a000 / HCA 2 (distance 3 <= 4), read 0
osk-gpu56:884884:892554 [6] NCCL INFO GPU Direct RDMA Enabled for GPU ab000 / HCA 2 (distance 3 <= 4), read 0
osk-gpu56:884884:892554 [6] NCCL INFO GPU Direct RDMA Enabled for GPU ba000 / HCA 2 (distance 3 <= 4), read 0
osk-gpu56:884884:892554 [6] NCCL INFO GPU Direct RDMA Enabled for GPU db000 / HCA 2 (distance 3 <= 4), read 0
osk-gpu56:884884:892554 [6] NCCL INFO Setting affinity for GPU 6 to 100000,00000000,00000000,00000000,10000000,00000000
osk-gpu56:884884:892554 [6] NCCL INFO NVLS multicast support is available on dev 6
osk-gpu56:884880:892558 [2] NCCL INFO NET/IB : GPU Direct RDMA Enabled for HCA 0 'mlx5_0'
osk-gpu56:884880:892558 [2] NCCL INFO NET/IB : GPU Direct RDMA Enabled for HCA 1 'mlx5_1'
osk-gpu56:884880:892558 [2] NCCL INFO NET/IB : GPU Direct RDMA Enabled for HCA 2 'mlx5_11'
osk-gpu56:884882:892557 [4] NCCL INFO NET/IB : GPU Direct RDMA Enabled for HCA 0 'mlx5_0'
osk-gpu56:884882:892557 [4] NCCL INFO NET/IB : GPU Direct RDMA Enabled for HCA 1 'mlx5_1'
osk-gpu56:884882:892557 [4] NCCL INFO NET/IB : GPU Direct RDMA Enabled for HCA 2 'mlx5_11'
osk-gpu56:884885:892555 [7] NCCL INFO NET/IB : GPU Direct RDMA Enabled for HCA 0 'mlx5_0'
osk-gpu56:884885:892555 [7] NCCL INFO NET/IB : GPU Direct RDMA Enabled for HCA 1 'mlx5_1'
osk-gpu56:884885:892555 [7] NCCL INFO NET/IB : GPU Direct RDMA Enabled for HCA 2 'mlx5_11'
osk-gpu56:884879:892560 [1] NCCL INFO NET/IB : GPU Direct RDMA Enabled for HCA 0 'mlx5_0'
osk-gpu56:884883:892559 [5] NCCL INFO NET/IB : GPU Direct RDMA Enabled for HCA 0 'mlx5_0'
osk-gpu56:884883:892559 [5] NCCL INFO NET/IB : GPU Direct RDMA Enabled for HCA 1 'mlx5_1'
osk-gpu56:884883:892559 [5] NCCL INFO NET/IB : GPU Direct RDMA Enabled for HCA 2 'mlx5_11'
osk-gpu56:884879:892560 [1] NCCL INFO NET/IB : GPU Direct RDMA Enabled for HCA 1 'mlx5_1'
osk-gpu56:884879:892560 [1] NCCL INFO NET/IB : GPU Direct RDMA Enabled for HCA 2 'mlx5_11'
osk-gpu56:884885:892555 [7] NCCL INFO GPU Direct RDMA Enabled for GPU 18000 / HCA 0 (distance 3 <= 4), read 0
osk-gpu56:884885:892555 [7] NCCL INFO GPU Direct RDMA Enabled for GPU 2a000 / HCA 0 (distance 3 <= 4), read 0
osk-gpu56:884885:892555 [7] NCCL INFO GPU Direct RDMA Enabled for GPU 3a000 / HCA 0 (distance 3 <= 4), read 0
osk-gpu56:884885:892555 [7] NCCL INFO GPU Direct RDMA Enabled for GPU 5d000 / HCA 0 (distance 3 <= 4), read 0
osk-gpu56:884885:892555 [7] NCCL INFO GPU Direct RDMA Enabled for GPU 9a000 / HCA 0 (distance 3 <= 4), read 0
osk-gpu56:884885:892555 [7] NCCL INFO GPU Direct RDMA Enabled for GPU ab000 / HCA 0 (distance 3 <= 4), read 0
osk-gpu56:884885:892555 [7] NCCL INFO GPU Direct RDMA Enabled for GPU ba000 / HCA 0 (distance 3 <= 4), read 0
osk-gpu56:884885:892555 [7] NCCL INFO GPU Direct RDMA Enabled for GPU db000 / HCA 0 (distance 3 <= 4), read 0
osk-gpu56:884885:892555 [7] NCCL INFO GPU Direct RDMA Enabled for GPU 18000 / HCA 1 (distance 3 <= 4), read 0
osk-gpu56:884885:892555 [7] NCCL INFO GPU Direct RDMA Enabled for GPU 2a000 / HCA 1 (distance 3 <= 4), read 0
osk-gpu56:884885:892555 [7] NCCL INFO GPU Direct RDMA Enabled for GPU 3a000 / HCA 1 (distance 3 <= 4), read 0
osk-gpu56:884885:892555 [7] NCCL INFO GPU Direct RDMA Enabled for GPU 5d000 / HCA 1 (distance 3 <= 4), read 0
osk-gpu56:884885:892555 [7] NCCL INFO GPU Direct RDMA Enabled for GPU 9a000 / HCA 1 (distance 3 <= 4), read 0
osk-gpu56:884885:892555 [7] NCCL INFO GPU Direct RDMA Enabled for GPU ab000 / HCA 1 (distance 3 <= 4), read 0
osk-gpu56:884885:892555 [7] NCCL INFO GPU Direct RDMA Enabled for GPU ba000 / HCA 1 (distance 3 <= 4), read 0
osk-gpu56:884885:892555 [7] NCCL INFO GPU Direct RDMA Enabled for GPU db000 / HCA 1 (distance 3 <= 4), read 0
osk-gpu56:884885:892555 [7] NCCL INFO GPU Direct RDMA Enabled for GPU 18000 / HCA 2 (distance 3 <= 4), read 0
osk-gpu56:884885:892555 [7] NCCL INFO GPU Direct RDMA Enabled for GPU 2a000 / HCA 2 (distance 3 <= 4), read 0
osk-gpu56:884885:892555 [7] NCCL INFO GPU Direct RDMA Enabled for GPU 3a000 / HCA 2 (distance 3 <= 4), read 0
osk-gpu56:884885:892555 [7] NCCL INFO GPU Direct RDMA Enabled for GPU 5d000 / HCA 2 (distance 3 <= 4), read 0
osk-gpu56:884885:892555 [7] NCCL INFO GPU Direct RDMA Enabled for GPU 9a000 / HCA 2 (distance 3 <= 4), read 0
osk-gpu56:884885:892555 [7] NCCL INFO GPU Direct RDMA Enabled for GPU ab000 / HCA 2 (distance 3 <= 4), read 0
osk-gpu56:884885:892555 [7] NCCL INFO GPU Direct RDMA Enabled for GPU ba000 / HCA 2 (distance 3 <= 4), read 0
osk-gpu56:884885:892555 [7] NCCL INFO GPU Direct RDMA Enabled for GPU db000 / HCA 2 (distance 3 <= 4), read 0
osk-gpu56:884880:892558 [2] NCCL INFO GPU Direct RDMA Enabled for GPU 18000 / HCA 0 (distance 3 <= 4), read 0
osk-gpu56:884880:892558 [2] NCCL INFO GPU Direct RDMA Enabled for GPU 2a000 / HCA 0 (distance 3 <= 4), read 0
osk-gpu56:884880:892558 [2] NCCL INFO GPU Direct RDMA Enabled for GPU 3a000 / HCA 0 (distance 3 <= 4), read 0
osk-gpu56:884880:892558 [2] NCCL INFO GPU Direct RDMA Enabled for GPU 5d000 / HCA 0 (distance 3 <= 4), read 0
osk-gpu56:884880:892558 [2] NCCL INFO GPU Direct RDMA Enabled for GPU 9a000 / HCA 0 (distance 3 <= 4), read 0
osk-gpu56:884880:892558 [2] NCCL INFO GPU Direct RDMA Enabled for GPU ab000 / HCA 0 (distance 3 <= 4), read 0
osk-gpu56:884880:892558 [2] NCCL INFO GPU Direct RDMA Enabled for GPU ba000 / HCA 0 (distance 3 <= 4), read 0
osk-gpu56:884880:892558 [2] NCCL INFO GPU Direct RDMA Enabled for GPU db000 / HCA 0 (distance 3 <= 4), read 0
osk-gpu56:884880:892558 [2] NCCL INFO GPU Direct RDMA Enabled for GPU 18000 / HCA 1 (distance 3 <= 4), read 0
osk-gpu56:884880:892558 [2] NCCL INFO GPU Direct RDMA Enabled for GPU 2a000 / HCA 1 (distance 3 <= 4), read 0
osk-gpu56:884880:892558 [2] NCCL INFO GPU Direct RDMA Enabled for GPU 3a000 / HCA 1 (distance 3 <= 4), read 0
osk-gpu56:884880:892558 [2] NCCL INFO GPU Direct RDMA Enabled for GPU 5d000 / HCA 1 (distance 3 <= 4), read 0
osk-gpu56:884880:892558 [2] NCCL INFO GPU Direct RDMA Enabled for GPU 9a000 / HCA 1 (distance 3 <= 4), read 0
osk-gpu56:884880:892558 [2] NCCL INFO GPU Direct RDMA Enabled for GPU ab000 / HCA 1 (distance 3 <= 4), read 0
osk-gpu56:884880:892558 [2] NCCL INFO GPU Direct RDMA Enabled for GPU ba000 / HCA 1 (distance 3 <= 4), read 0
osk-gpu56:884880:892558 [2] NCCL INFO GPU Direct RDMA Enabled for GPU db000 / HCA 1 (distance 3 <= 4), read 0
osk-gpu56:884880:892558 [2] NCCL INFO GPU Direct RDMA Enabled for GPU 18000 / HCA 2 (distance 3 <= 4), read 0
osk-gpu56:884880:892558 [2] NCCL INFO GPU Direct RDMA Enabled for GPU 2a000 / HCA 2 (distance 3 <= 4), read 0
osk-gpu56:884880:892558 [2] NCCL INFO GPU Direct RDMA Enabled for GPU 3a000 / HCA 2 (distance 3 <= 4), read 0
osk-gpu56:884880:892558 [2] NCCL INFO GPU Direct RDMA Enabled for GPU 5d000 / HCA 2 (distance 3 <= 4), read 0
osk-gpu56:884880:892558 [2] NCCL INFO GPU Direct RDMA Enabled for GPU 9a000 / HCA 2 (distance 3 <= 4), read 0
osk-gpu56:884880:892558 [2] NCCL INFO GPU Direct RDMA Enabled for GPU ab000 / HCA 2 (distance 3 <= 4), read 0
osk-gpu56:884880:892558 [2] NCCL INFO GPU Direct RDMA Enabled for GPU ba000 / HCA 2 (distance 3 <= 4), read 0
osk-gpu56:884880:892558 [2] NCCL INFO GPU Direct RDMA Enabled for GPU db000 / HCA 2 (distance 3 <= 4), read 0
osk-gpu56:884880:892558 [2] NCCL INFO NVLS multicast support is available on dev 2
osk-gpu56:884881:892556 [3] NCCL INFO NET/IB : GPU Direct RDMA Enabled for HCA 0 'mlx5_0'
osk-gpu56:884881:892556 [3] NCCL INFO NET/IB : GPU Direct RDMA Enabled for HCA 1 'mlx5_1'
osk-gpu56:884881:892556 [3] NCCL INFO NET/IB : GPU Direct RDMA Enabled for HCA 2 'mlx5_11'
osk-gpu56:884878:892553 [0] NCCL INFO NET/IB : GPU Direct RDMA Enabled for HCA 0 'mlx5_0'
osk-gpu56:884878:892553 [0] NCCL INFO NET/IB : GPU Direct RDMA Enabled for HCA 1 'mlx5_1'
osk-gpu56:884878:892553 [0] NCCL INFO NET/IB : GPU Direct RDMA Enabled for HCA 2 'mlx5_11'
osk-gpu56:884885:892555 [7] NCCL INFO NVLS multicast support is available on dev 7
osk-gpu56:884879:892560 [1] NCCL INFO GPU Direct RDMA Enabled for GPU 18000 / HCA 0 (distance 3 <= 4), read 0
osk-gpu56:884879:892560 [1] NCCL INFO GPU Direct RDMA Enabled for GPU 2a000 / HCA 0 (distance 3 <= 4), read 0
osk-gpu56:884879:892560 [1] NCCL INFO GPU Direct RDMA Enabled for GPU 3a000 / HCA 0 (distance 3 <= 4), read 0
osk-gpu56:884879:892560 [1] NCCL INFO GPU Direct RDMA Enabled for GPU 5d000 / HCA 0 (distance 3 <= 4), read 0
osk-gpu56:884879:892560 [1] NCCL INFO GPU Direct RDMA Enabled for GPU 9a000 / HCA 0 (distance 3 <= 4), read 0
osk-gpu56:884879:892560 [1] NCCL INFO GPU Direct RDMA Enabled for GPU ab000 / HCA 0 (distance 3 <= 4), read 0
osk-gpu56:884879:892560 [1] NCCL INFO GPU Direct RDMA Enabled for GPU ba000 / HCA 0 (distance 3 <= 4), read 0
osk-gpu56:884879:892560 [1] NCCL INFO GPU Direct RDMA Enabled for GPU db000 / HCA 0 (distance 3 <= 4), read 0
osk-gpu56:884879:892560 [1] NCCL INFO GPU Direct RDMA Enabled for GPU 18000 / HCA 1 (distance 3 <= 4), read 0
osk-gpu56:884879:892560 [1] NCCL INFO GPU Direct RDMA Enabled for GPU 2a000 / HCA 1 (distance 3 <= 4), read 0
osk-gpu56:884879:892560 [1] NCCL INFO GPU Direct RDMA Enabled for GPU 3a000 / HCA 1 (distance 3 <= 4), read 0
osk-gpu56:884879:892560 [1] NCCL INFO GPU Direct RDMA Enabled for GPU 5d000 / HCA 1 (distance 3 <= 4), read 0
osk-gpu56:884879:892560 [1] NCCL INFO GPU Direct RDMA Enabled for GPU 9a000 / HCA 1 (distance 3 <= 4), read 0
osk-gpu56:884879:892560 [1] NCCL INFO GPU Direct RDMA Enabled for GPU ab000 / HCA 1 (distance 3 <= 4), read 0
osk-gpu56:884879:892560 [1] NCCL INFO GPU Direct RDMA Enabled for GPU ba000 / HCA 1 (distance 3 <= 4), read 0
osk-gpu56:884879:892560 [1] NCCL INFO GPU Direct RDMA Enabled for GPU db000 / HCA 1 (distance 3 <= 4), read 0
osk-gpu56:884879:892560 [1] NCCL INFO GPU Direct RDMA Enabled for GPU 18000 / HCA 2 (distance 3 <= 4), read 0
osk-gpu56:884879:892560 [1] NCCL INFO GPU Direct RDMA Enabled for GPU 2a000 / HCA 2 (distance 3 <= 4), read 0
osk-gpu56:884879:892560 [1] NCCL INFO GPU Direct RDMA Enabled for GPU 3a000 / HCA 2 (distance 3 <= 4), read 0
osk-gpu56:884879:892560 [1] NCCL INFO GPU Direct RDMA Enabled for GPU 5d000 / HCA 2 (distance 3 <= 4), read 0
osk-gpu56:884882:892557 [4] NCCL INFO GPU Direct RDMA Enabled for GPU 18000 / HCA 0 (distance 3 <= 4), read 0
osk-gpu56:884882:892557 [4] NCCL INFO GPU Direct RDMA Enabled for GPU 2a000 / HCA 0 (distance 3 <= 4), read 0
osk-gpu56:884882:892557 [4] NCCL INFO GPU Direct RDMA Enabled for GPU 3a000 / HCA 0 (distance 3 <= 4), read 0
osk-gpu56:884882:892557 [4] NCCL INFO GPU Direct RDMA Enabled for GPU 5d000 / HCA 0 (distance 3 <= 4), read 0
osk-gpu56:884882:892557 [4] NCCL INFO GPU Direct RDMA Enabled for GPU 9a000 / HCA 0 (distance 3 <= 4), read 0
osk-gpu56:884882:892557 [4] NCCL INFO GPU Direct RDMA Enabled for GPU ab000 / HCA 0 (distance 3 <= 4), read 0
osk-gpu56:884882:892557 [4] NCCL INFO GPU Direct RDMA Enabled for GPU ba000 / HCA 0 (distance 3 <= 4), read 0
osk-gpu56:884882:892557 [4] NCCL INFO GPU Direct RDMA Enabled for GPU db000 / HCA 0 (distance 3 <= 4), read 0
osk-gpu56:884882:892557 [4] NCCL INFO GPU Direct RDMA Enabled for GPU 18000 / HCA 1 (distance 3 <= 4), read 0
osk-gpu56:884882:892557 [4] NCCL INFO GPU Direct RDMA Enabled for GPU 2a000 / HCA 1 (distance 3 <= 4), read 0
osk-gpu56:884879:892560 [1] NCCL INFO GPU Direct RDMA Enabled for GPU 9a000 / HCA 2 (distance 3 <= 4), read 0
osk-gpu56:884882:892557 [4] NCCL INFO GPU Direct RDMA Enabled for GPU 3a000 / HCA 1 (distance 3 <= 4), read 0
osk-gpu56:884882:892557 [4] NCCL INFO GPU Direct RDMA Enabled for GPU 5d000 / HCA 1 (distance 3 <= 4), read 0
osk-gpu56:884882:892557 [4] NCCL INFO GPU Direct RDMA Enabled for GPU 9a000 / HCA 1 (distance 3 <= 4), read 0
osk-gpu56:884882:892557 [4] NCCL INFO GPU Direct RDMA Enabled for GPU ab000 / HCA 1 (distance 3 <= 4), read 0
osk-gpu56:884882:892557 [4] NCCL INFO GPU Direct RDMA Enabled for GPU ba000 / HCA 1 (distance 3 <= 4), read 0
osk-gpu56:884882:892557 [4] NCCL INFO GPU Direct RDMA Enabled for GPU db000 / HCA 1 (distance 3 <= 4), read 0
osk-gpu56:884882:892557 [4] NCCL INFO GPU Direct RDMA Enabled for GPU 18000 / HCA 2 (distance 3 <= 4), read 0
osk-gpu56:884882:892557 [4] NCCL INFO GPU Direct RDMA Enabled for GPU 2a000 / HCA 2 (distance 3 <= 4), read 0
osk-gpu56:884882:892557 [4] NCCL INFO GPU Direct RDMA Enabled for GPU 3a000 / HCA 2 (distance 3 <= 4), read 0
osk-gpu56:884882:892557 [4] NCCL INFO GPU Direct RDMA Enabled for GPU 5d000 / HCA 2 (distance 3 <= 4), read 0
osk-gpu56:884882:892557 [4] NCCL INFO GPU Direct RDMA Enabled for GPU 9a000 / HCA 2 (distance 3 <= 4), read 0
osk-gpu56:884882:892557 [4] NCCL INFO GPU Direct RDMA Enabled for GPU ab000 / HCA 2 (distance 3 <= 4), read 0
osk-gpu56:884882:892557 [4] NCCL INFO GPU Direct RDMA Enabled for GPU ba000 / HCA 2 (distance 3 <= 4), read 0
osk-gpu56:884882:892557 [4] NCCL INFO GPU Direct RDMA Enabled for GPU db000 / HCA 2 (distance 3 <= 4), read 0
osk-gpu56:884879:892560 [1] NCCL INFO GPU Direct RDMA Enabled for GPU ab000 / HCA 2 (distance 3 <= 4), read 0
osk-gpu56:884879:892560 [1] NCCL INFO GPU Direct RDMA Enabled for GPU ba000 / HCA 2 (distance 3 <= 4), read 0
osk-gpu56:884879:892560 [1] NCCL INFO GPU Direct RDMA Enabled for GPU db000 / HCA 2 (distance 3 <= 4), read 0
osk-gpu56:884882:892557 [4] NCCL INFO Setting affinity for GPU 4 to 100000,00000000,00000000,00000000,10000000,00000000
osk-gpu56:884882:892557 [4] NCCL INFO NVLS multicast support is available on dev 4
osk-gpu56:884879:892560 [1] NCCL INFO NVLS multicast support is available on dev 1
osk-gpu56:884878:892553 [0] NCCL INFO GPU Direct RDMA Enabled for GPU 18000 / HCA 0 (distance 3 <= 4), read 0
osk-gpu56:884878:892553 [0] NCCL INFO GPU Direct RDMA Enabled for GPU 2a000 / HCA 0 (distance 3 <= 4), read 0
osk-gpu56:884878:892553 [0] NCCL INFO GPU Direct RDMA Enabled for GPU 3a000 / HCA 0 (distance 3 <= 4), read 0
osk-gpu56:884878:892553 [0] NCCL INFO GPU Direct RDMA Enabled for GPU 5d000 / HCA 0 (distance 3 <= 4), read 0
osk-gpu56:884878:892553 [0] NCCL INFO GPU Direct RDMA Enabled for GPU 9a000 / HCA 0 (distance 3 <= 4), read 0
osk-gpu56:884878:892553 [0] NCCL INFO GPU Direct RDMA Enabled for GPU ab000 / HCA 0 (distance 3 <= 4), read 0
osk-gpu56:884878:892553 [0] NCCL INFO GPU Direct RDMA Enabled for GPU ba000 / HCA 0 (distance 3 <= 4), read 0
osk-gpu56:884878:892553 [0] NCCL INFO GPU Direct RDMA Enabled for GPU db000 / HCA 0 (distance 3 <= 4), read 0
osk-gpu56:884878:892553 [0] NCCL INFO GPU Direct RDMA Enabled for GPU 18000 / HCA 1 (distance 3 <= 4), read 0
osk-gpu56:884878:892553 [0] NCCL INFO GPU Direct RDMA Enabled for GPU 2a000 / HCA 1 (distance 3 <= 4), read 0
osk-gpu56:884878:892553 [0] NCCL INFO GPU Direct RDMA Enabled for GPU 3a000 / HCA 1 (distance 3 <= 4), read 0
osk-gpu56:884878:892553 [0] NCCL INFO GPU Direct RDMA Enabled for GPU 5d000 / HCA 1 (distance 3 <= 4), read 0
osk-gpu56:884878:892553 [0] NCCL INFO GPU Direct RDMA Enabled for GPU 9a000 / HCA 1 (distance 3 <= 4), read 0
osk-gpu56:884878:892553 [0] NCCL INFO GPU Direct RDMA Enabled for GPU ab000 / HCA 1 (distance 3 <= 4), read 0
osk-gpu56:884878:892553 [0] NCCL INFO GPU Direct RDMA Enabled for GPU ba000 / HCA 1 (distance 3 <= 4), read 0
osk-gpu56:884878:892553 [0] NCCL INFO GPU Direct RDMA Enabled for GPU db000 / HCA 1 (distance 3 <= 4), read 0
osk-gpu56:884878:892553 [0] NCCL INFO GPU Direct RDMA Enabled for GPU 18000 / HCA 2 (distance 3 <= 4), read 0
osk-gpu56:884878:892553 [0] NCCL INFO GPU Direct RDMA Enabled for GPU 2a000 / HCA 2 (distance 3 <= 4), read 0
osk-gpu56:884878:892553 [0] NCCL INFO GPU Direct RDMA Enabled for GPU 3a000 / HCA 2 (distance 3 <= 4), read 0
osk-gpu56:884878:892553 [0] NCCL INFO GPU Direct RDMA Enabled for GPU 5d000 / HCA 2 (distance 3 <= 4), read 0
osk-gpu56:884878:892553 [0] NCCL INFO GPU Direct RDMA Enabled for GPU 9a000 / HCA 2 (distance 3 <= 4), read 0
osk-gpu56:884878:892553 [0] NCCL INFO GPU Direct RDMA Enabled for GPU ab000 / HCA 2 (distance 3 <= 4), read 0
osk-gpu56:884878:892553 [0] NCCL INFO GPU Direct RDMA Enabled for GPU ba000 / HCA 2 (distance 3 <= 4), read 0
osk-gpu56:884878:892553 [0] NCCL INFO GPU Direct RDMA Enabled for GPU db000 / HCA 2 (distance 3 <= 4), read 0
osk-gpu56:884883:892559 [5] NCCL INFO GPU Direct RDMA Enabled for GPU 18000 / HCA 0 (distance 3 <= 4), read 0
osk-gpu56:884883:892559 [5] NCCL INFO GPU Direct RDMA Enabled for GPU 2a000 / HCA 0 (distance 3 <= 4), read 0
osk-gpu56:884883:892559 [5] NCCL INFO GPU Direct RDMA Enabled for GPU 3a000 / HCA 0 (distance 3 <= 4), read 0
osk-gpu56:884883:892559 [5] NCCL INFO GPU Direct RDMA Enabled for GPU 5d000 / HCA 0 (distance 3 <= 4), read 0
osk-gpu56:884883:892559 [5] NCCL INFO GPU Direct RDMA Enabled for GPU 9a000 / HCA 0 (distance 3 <= 4), read 0
osk-gpu56:884883:892559 [5] NCCL INFO GPU Direct RDMA Enabled for GPU ab000 / HCA 0 (distance 3 <= 4), read 0
osk-gpu56:884883:892559 [5] NCCL INFO GPU Direct RDMA Enabled for GPU ba000 / HCA 0 (distance 3 <= 4), read 0
osk-gpu56:884883:892559 [5] NCCL INFO GPU Direct RDMA Enabled for GPU db000 / HCA 0 (distance 3 <= 4), read 0
osk-gpu56:884883:892559 [5] NCCL INFO GPU Direct RDMA Enabled for GPU 18000 / HCA 1 (distance 3 <= 4), read 0
osk-gpu56:884883:892559 [5] NCCL INFO GPU Direct RDMA Enabled for GPU 2a000 / HCA 1 (distance 3 <= 4), read 0
osk-gpu56:884883:892559 [5] NCCL INFO GPU Direct RDMA Enabled for GPU 3a000 / HCA 1 (distance 3 <= 4), read 0
osk-gpu56:884883:892559 [5] NCCL INFO GPU Direct RDMA Enabled for GPU 5d000 / HCA 1 (distance 3 <= 4), read 0
osk-gpu56:884883:892559 [5] NCCL INFO GPU Direct RDMA Enabled for GPU 9a000 / HCA 1 (distance 3 <= 4), read 0
osk-gpu56:884883:892559 [5] NCCL INFO GPU Direct RDMA Enabled for GPU ab000 / HCA 1 (distance 3 <= 4), read 0
osk-gpu56:884883:892559 [5] NCCL INFO GPU Direct RDMA Enabled for GPU ba000 / HCA 1 (distance 3 <= 4), read 0
osk-gpu56:884883:892559 [5] NCCL INFO GPU Direct RDMA Enabled for GPU db000 / HCA 1 (distance 3 <= 4), read 0
osk-gpu56:884883:892559 [5] NCCL INFO GPU Direct RDMA Enabled for GPU 18000 / HCA 2 (distance 3 <= 4), read 0
osk-gpu56:884883:892559 [5] NCCL INFO GPU Direct RDMA Enabled for GPU 2a000 / HCA 2 (distance 3 <= 4), read 0
osk-gpu56:884883:892559 [5] NCCL INFO GPU Direct RDMA Enabled for GPU 3a000 / HCA 2 (distance 3 <= 4), read 0
osk-gpu56:884883:892559 [5] NCCL INFO GPU Direct RDMA Enabled for GPU 5d000 / HCA 2 (distance 3 <= 4), read 0
osk-gpu56:884883:892559 [5] NCCL INFO GPU Direct RDMA Enabled for GPU 9a000 / HCA 2 (distance 3 <= 4), read 0
osk-gpu56:884883:892559 [5] NCCL INFO GPU Direct RDMA Enabled for GPU ab000 / HCA 2 (distance 3 <= 4), read 0
osk-gpu56:884883:892559 [5] NCCL INFO GPU Direct RDMA Enabled for GPU ba000 / HCA 2 (distance 3 <= 4), read 0
osk-gpu56:884883:892559 [5] NCCL INFO GPU Direct RDMA Enabled for GPU db000 / HCA 2 (distance 3 <= 4), read 0
osk-gpu56:884883:892559 [5] NCCL INFO Setting affinity for GPU 5 to 100000,00000000,00000000,00000000,10000000,00000000
osk-gpu56:884883:892559 [5] NCCL INFO NVLS multicast support is available on dev 5
osk-gpu56:884881:892556 [3] NCCL INFO GPU Direct RDMA Enabled for GPU 18000 / HCA 0 (distance 3 <= 4), read 0
osk-gpu56:884881:892556 [3] NCCL INFO GPU Direct RDMA Enabled for GPU 2a000 / HCA 0 (distance 3 <= 4), read 0
osk-gpu56:884881:892556 [3] NCCL INFO GPU Direct RDMA Enabled for GPU 3a000 / HCA 0 (distance 3 <= 4), read 0
osk-gpu56:884881:892556 [3] NCCL INFO GPU Direct RDMA Enabled for GPU 5d000 / HCA 0 (distance 3 <= 4), read 0
osk-gpu56:884881:892556 [3] NCCL INFO GPU Direct RDMA Enabled for GPU 9a000 / HCA 0 (distance 3 <= 4), read 0
osk-gpu56:884881:892556 [3] NCCL INFO GPU Direct RDMA Enabled for GPU ab000 / HCA 0 (distance 3 <= 4), read 0
osk-gpu56:884881:892556 [3] NCCL INFO GPU Direct RDMA Enabled for GPU ba000 / HCA 0 (distance 3 <= 4), read 0
osk-gpu56:884881:892556 [3] NCCL INFO GPU Direct RDMA Enabled for GPU db000 / HCA 0 (distance 3 <= 4), read 0
osk-gpu56:884881:892556 [3] NCCL INFO GPU Direct RDMA Enabled for GPU 18000 / HCA 1 (distance 3 <= 4), read 0
osk-gpu56:884881:892556 [3] NCCL INFO GPU Direct RDMA Enabled for GPU 2a000 / HCA 1 (distance 3 <= 4), read 0
osk-gpu56:884881:892556 [3] NCCL INFO GPU Direct RDMA Enabled for GPU 3a000 / HCA 1 (distance 3 <= 4), read 0
osk-gpu56:884881:892556 [3] NCCL INFO GPU Direct RDMA Enabled for GPU 5d000 / HCA 1 (distance 3 <= 4), read 0
osk-gpu56:884881:892556 [3] NCCL INFO GPU Direct RDMA Enabled for GPU 9a000 / HCA 1 (distance 3 <= 4), read 0
osk-gpu56:884881:892556 [3] NCCL INFO GPU Direct RDMA Enabled for GPU ab000 / HCA 1 (distance 3 <= 4), read 0
osk-gpu56:884881:892556 [3] NCCL INFO GPU Direct RDMA Enabled for GPU ba000 / HCA 1 (distance 3 <= 4), read 0
osk-gpu56:884881:892556 [3] NCCL INFO GPU Direct RDMA Enabled for GPU db000 / HCA 1 (distance 3 <= 4), read 0
osk-gpu56:884878:892553 [0] NCCL INFO NVLS multicast support is available on dev 0
osk-gpu56:884881:892556 [3] NCCL INFO GPU Direct RDMA Enabled for GPU 18000 / HCA 2 (distance 3 <= 4), read 0
osk-gpu56:884881:892556 [3] NCCL INFO GPU Direct RDMA Enabled for GPU 2a000 / HCA 2 (distance 3 <= 4), read 0
osk-gpu56:884881:892556 [3] NCCL INFO GPU Direct RDMA Enabled for GPU 3a000 / HCA 2 (distance 3 <= 4), read 0
osk-gpu56:884881:892556 [3] NCCL INFO GPU Direct RDMA Enabled for GPU 5d000 / HCA 2 (distance 3 <= 4), read 0
osk-gpu56:884881:892556 [3] NCCL INFO GPU Direct RDMA Enabled for GPU 9a000 / HCA 2 (distance 3 <= 4), read 0
osk-gpu56:884881:892556 [3] NCCL INFO GPU Direct RDMA Enabled for GPU ab000 / HCA 2 (distance 3 <= 4), read 0
osk-gpu56:884881:892556 [3] NCCL INFO GPU Direct RDMA Enabled for GPU ba000 / HCA 2 (distance 3 <= 4), read 0
osk-gpu56:884881:892556 [3] NCCL INFO GPU Direct RDMA Enabled for GPU db000 / HCA 2 (distance 3 <= 4), read 0
osk-gpu56:884881:892556 [3] NCCL INFO NVLS multicast support is available on dev 3
osk-gpu56:884881:892556 [3] NCCL INFO comm 0x155618c0 rank 3 nRanks 8 nNodes 1 localRanks 8 localRank 3 MNNVL 0
osk-gpu56:884882:892557 [4] NCCL INFO comm 0x14c072b0 rank 4 nRanks 8 nNodes 1 localRanks 8 localRank 4 MNNVL 0
osk-gpu56:884883:892559 [5] NCCL INFO comm 0x13f27900 rank 5 nRanks 8 nNodes 1 localRanks 8 localRank 5 MNNVL 0
osk-gpu56:884884:892554 [6] NCCL INFO comm 0x148596e0 rank 6 nRanks 8 nNodes 1 localRanks 8 localRank 6 MNNVL 0
osk-gpu56:884882:892557 [4] NCCL INFO Trees [0] 5/-1/-1->4->3 [1] 5/-1/-1->4->3 [2] 5/-1/-1->4->3 [3] 5/-1/-1->4->3 [4] 5/-1/-1->4->3 [5] 5/-1/-1->4->3 [6] 5/-1/-1->4->3 [7] 5/-1/-1->4->3 [8] 5/-1/-1->4->3 [9] 5/-1/-1->4->3 [10] 5/-1/-1->4->3 [11] 5/-1/-1->4->3 [12] 5/-1/-1->4->3 [13] 5/-1/-1->4->3 [14] 5/-1/-1->4->3 [15] 5/-1/-1->4->3 [16] 5/-1/-1->4->3 [17] 5/-1/-1->4->3 [18] 5/-1/-1->4->3 [19] 5/-1/-1->4->3 [20] 5/-1/-1->4->3 [21] 5/-1/-1->4->3 [22] 5/-1/-1->4->3 [23] 5/-1/-1->4->3
osk-gpu56:884882:892557 [4] NCCL INFO P2P Chunksize set to 524288
osk-gpu56:884881:892556 [3] NCCL INFO Trees [0] 4/-1/-1->3->2 [1] 4/-1/-1->3->2 [2] 4/-1/-1->3->2 [3] 4/-1/-1->3->2 [4] 4/-1/-1->3->2 [5] 4/-1/-1->3->2 [6] 4/-1/-1->3->2 [7] 4/-1/-1->3->2 [8] 4/-1/-1->3->2 [9] 4/-1/-1->3->2 [10] 4/-1/-1->3->2 [11] 4/-1/-1->3->2 [12] 4/-1/-1->3->2 [13] 4/-1/-1->3->2 [14] 4/-1/-1->3->2 [15] 4/-1/-1->3->2 [16] 4/-1/-1->3->2 [17] 4/-1/-1->3->2 [18] 4/-1/-1->3->2 [19] 4/-1/-1->3->2 [20] 4/-1/-1->3->2 [21] 4/-1/-1->3->2 [22] 4/-1/-1->3->2 [23] 4/-1/-1->3->2
osk-gpu56:884881:892556 [3] NCCL INFO P2P Chunksize set to 524288
osk-gpu56:884885:892555 [7] NCCL INFO comm 0x135636c0 rank 7 nRanks 8 nNodes 1 localRanks 8 localRank 7 MNNVL 0
osk-gpu56:884885:892555 [7] NCCL INFO Trees [0] -1/-1/-1->7->6 [1] -1/-1/-1->7->6 [2] -1/-1/-1->7->6 [3] -1/-1/-1->7->6 [4] -1/-1/-1->7->6 [5] -1/-1/-1->7->6 [6] -1/-1/-1->7->6 [7] -1/-1/-1->7->6 [8] -1/-1/-1->7->6 [9] -1/-1/-1->7->6 [10] -1/-1/-1->7->6 [11] -1/-1/-1->7->6 [12] -1/-1/-1->7->6 [13] -1/-1/-1->7->6 [14] -1/-1/-1->7->6 [15] -1/-1/-1->7->6 [16] -1/-1/-1->7->6 [17] -1/-1/-1->7->6 [18] -1/-1/-1->7->6 [19] -1/-1/-1->7->6 [20] -1/-1/-1->7->6 [21] -1/-1/-1->7->6 [22] -1/-1/-1->7->6 [23] -1/-1/-1->7->6
osk-gpu56:884885:892555 [7] NCCL INFO P2P Chunksize set to 524288
osk-gpu56:884883:892559 [5] NCCL INFO Trees [0] 6/-1/-1->5->4 [1] 6/-1/-1->5->4 [2] 6/-1/-1->5->4 [3] 6/-1/-1->5->4 [4] 6/-1/-1->5->4 [5] 6/-1/-1->5->4 [6] 6/-1/-1->5->4 [7] 6/-1/-1->5->4 [8] 6/-1/-1->5->4 [9] 6/-1/-1->5->4 [10] 6/-1/-1->5->4 [11] 6/-1/-1->5->4 [12] 6/-1/-1->5->4 [13] 6/-1/-1->5->4 [14] 6/-1/-1->5->4 [15] 6/-1/-1->5->4 [16] 6/-1/-1->5->4 [17] 6/-1/-1->5->4 [18] 6/-1/-1->5->4 [19] 6/-1/-1->5->4 [20] 6/-1/-1->5->4 [21] 6/-1/-1->5->4 [22] 6/-1/-1->5->4 [23] 6/-1/-1->5->4
osk-gpu56:884883:892559 [5] NCCL INFO P2P Chunksize set to 524288
osk-gpu56:884878:892553 [0] NCCL INFO comm 0x14052c00 rank 0 nRanks 8 nNodes 1 localRanks 8 localRank 0 MNNVL 0
osk-gpu56:884878:892553 [0] NCCL INFO Channel 00/24 :    0   1   2   3   4   5   6   7
osk-gpu56:884884:892554 [6] NCCL INFO Trees [0] 7/-1/-1->6->5 [1] 7/-1/-1->6->5 [2] 7/-1/-1->6->5 [3] 7/-1/-1->6->5 [4] 7/-1/-1->6->5 [5] 7/-1/-1->6->5 [6] 7/-1/-1->6->5 [7] 7/-1/-1->6->5 [8] 7/-1/-1->6->5 [9] 7/-1/-1->6->5 [10] 7/-1/-1->6->5 [11] 7/-1/-1->6->5 [12] 7/-1/-1->6->5 [13] 7/-1/-1->6->5 [14] 7/-1/-1->6->5 [15] 7/-1/-1->6->5 [16] 7/-1/-1->6->5 [17] 7/-1/-1->6->5 [18] 7/-1/-1->6->5 [19] 7/-1/-1->6->5 [20] 7/-1/-1->6->5 [21] 7/-1/-1->6->5 [22] 7/-1/-1->6->5 [23] 7/-1/-1->6->5
osk-gpu56:884884:892554 [6] NCCL INFO P2P Chunksize set to 524288
osk-gpu56:884880:892558 [2] NCCL INFO comm 0x160dafc0 rank 2 nRanks 8 nNodes 1 localRanks 8 localRank 2 MNNVL 0
osk-gpu56:884879:892560 [1] NCCL INFO comm 0x13d474b0 rank 1 nRanks 8 nNodes 1 localRanks 8 localRank 1 MNNVL 0
osk-gpu56:884878:892553 [0] NCCL INFO Channel 01/24 :    0   1   2   3   4   5   6   7
osk-gpu56:884878:892553 [0] NCCL INFO Channel 02/24 :    0   1   2   3   4   5   6   7
osk-gpu56:884878:892553 [0] NCCL INFO Channel 03/24 :    0   1   2   3   4   5   6   7
osk-gpu56:884878:892553 [0] NCCL INFO Channel 04/24 :    0   1   2   3   4   5   6   7
osk-gpu56:884880:892558 [2] NCCL INFO Trees [0] 3/-1/-1->2->1 [1] 3/-1/-1->2->1 [2] 3/-1/-1->2->1 [3] 3/-1/-1->2->1 [4] 3/-1/-1->2->1 [5] 3/-1/-1->2->1 [6] 3/-1/-1->2->1 [7] 3/-1/-1->2->1 [8] 3/-1/-1->2->1 [9] 3/-1/-1->2->1 [10] 3/-1/-1->2->1 [11] 3/-1/-1->2->1 [12] 3/-1/-1->2->1 [13] 3/-1/-1->2->1 [14] 3/-1/-1->2->1 [15] 3/-1/-1->2->1 [16] 3/-1/-1->2->1 [17] 3/-1/-1->2->1 [18] 3/-1/-1->2->1 [19] 3/-1/-1->2->1 [20] 3/-1/-1->2->1 [21] 3/-1/-1->2->1 [22] 3/-1/-1->2->1 [23] 3/-1/-1->2->1
osk-gpu56:884878:892553 [0] NCCL INFO Channel 05/24 :    0   1   2   3   4   5   6   7
osk-gpu56:884880:892558 [2] NCCL INFO P2P Chunksize set to 524288
osk-gpu56:884878:892553 [0] NCCL INFO Channel 06/24 :    0   1   2   3   4   5   6   7
osk-gpu56:884878:892553 [0] NCCL INFO Channel 07/24 :    0   1   2   3   4   5   6   7
osk-gpu56:884878:892553 [0] NCCL INFO Channel 08/24 :    0   1   2   3   4   5   6   7
osk-gpu56:884879:892560 [1] NCCL INFO Trees [0] 2/-1/-1->1->0 [1] 2/-1/-1->1->0 [2] 2/-1/-1->1->0 [3] 2/-1/-1->1->0 [4] 2/-1/-1->1->0 [5] 2/-1/-1->1->0 [6] 2/-1/-1->1->0 [7] 2/-1/-1->1->0 [8] 2/-1/-1->1->0 [9] 2/-1/-1->1->0 [10] 2/-1/-1->1->0 [11] 2/-1/-1->1->0 [12] 2/-1/-1->1->0 [13] 2/-1/-1->1->0 [14] 2/-1/-1->1->0 [15] 2/-1/-1->1->0 [16] 2/-1/-1->1->0 [17] 2/-1/-1->1->0 [18] 2/-1/-1->1->0 [19] 2/-1/-1->1->0 [20] 2/-1/-1->1->0 [21] 2/-1/-1->1->0 [22] 2/-1/-1->1->0 [23] 2/-1/-1->1->0
osk-gpu56:884878:892553 [0] NCCL INFO Channel 09/24 :    0   1   2   3   4   5   6   7
osk-gpu56:884878:892553 [0] NCCL INFO Channel 10/24 :    0   1   2   3   4   5   6   7
osk-gpu56:884878:892553 [0] NCCL INFO Channel 11/24 :    0   1   2   3   4   5   6   7
osk-gpu56:884878:892553 [0] NCCL INFO Channel 12/24 :    0   1   2   3   4   5   6   7
osk-gpu56:884878:892553 [0] NCCL INFO Channel 13/24 :    0   1   2   3   4   5   6   7
osk-gpu56:884879:892560 [1] NCCL INFO P2P Chunksize set to 524288
osk-gpu56:884878:892553 [0] NCCL INFO Channel 14/24 :    0   1   2   3   4   5   6   7
osk-gpu56:884878:892553 [0] NCCL INFO Channel 15/24 :    0   1   2   3   4   5   6   7
osk-gpu56:884878:892553 [0] NCCL INFO Channel 16/24 :    0   1   2   3   4   5   6   7
osk-gpu56:884878:892553 [0] NCCL INFO Channel 17/24 :    0   1   2   3   4   5   6   7
osk-gpu56:884878:892553 [0] NCCL INFO Channel 18/24 :    0   1   2   3   4   5   6   7
osk-gpu56:884878:892553 [0] NCCL INFO Channel 19/24 :    0   1   2   3   4   5   6   7
osk-gpu56:884878:892553 [0] NCCL INFO Channel 20/24 :    0   1   2   3   4   5   6   7
osk-gpu56:884878:892553 [0] NCCL INFO Channel 21/24 :    0   1   2   3   4   5   6   7
osk-gpu56:884878:892553 [0] NCCL INFO Channel 22/24 :    0   1   2   3   4   5   6   7
osk-gpu56:884878:892553 [0] NCCL INFO Channel 23/24 :    0   1   2   3   4   5   6   7
osk-gpu56:884878:892553 [0] NCCL INFO Trees [0] 1/-1/-1->0->-1 [1] 1/-1/-1->0->-1 [2] 1/-1/-1->0->-1 [3] 1/-1/-1->0->-1 [4] 1/-1/-1->0->-1 [5] 1/-1/-1->0->-1 [6] 1/-1/-1->0->-1 [7] 1/-1/-1->0->-1 [8] 1/-1/-1->0->-1 [9] 1/-1/-1->0->-1 [10] 1/-1/-1->0->-1 [11] 1/-1/-1->0->-1 [12] 1/-1/-1->0->-1 [13] 1/-1/-1->0->-1 [14] 1/-1/-1->0->-1 [15] 1/-1/-1->0->-1 [16] 1/-1/-1->0->-1 [17] 1/-1/-1->0->-1 [18] 1/-1/-1->0->-1 [19] 1/-1/-1->0->-1 [20] 1/-1/-1->0->-1 [21] 1/-1/-1->0->-1 [22] 1/-1/-1->0->-1 [23] 1/-1/-1->0->-1
osk-gpu56:884878:892553 [0] NCCL INFO P2P Chunksize set to 524288
osk-gpu56:884881:892592 [3] NCCL INFO New proxy recv connection 0 from local rank 3, transport 0
osk-gpu56:884881:892556 [3] NCCL INFO Connected to proxy localRank 3 -> connection 0x148bf802de30
osk-gpu56:884881:892592 [3] NCCL INFO New proxy recv connection 1 from local rank 3, transport 0
osk-gpu56:884881:892556 [3] NCCL INFO Connected to proxy localRank 3 -> connection 0x148bf802dea8
osk-gpu56:884881:892592 [3] NCCL INFO New proxy recv connection 2 from local rank 3, transport 0
osk-gpu56:884881:892556 [3] NCCL INFO Connected to proxy localRank 3 -> connection 0x148bf802df20
osk-gpu56:884881:892592 [3] NCCL INFO New proxy recv connection 3 from local rank 3, transport 0
osk-gpu56:884881:892556 [3] NCCL INFO Connected to proxy localRank 3 -> connection 0x148bf802df98
osk-gpu56:884881:892592 [3] NCCL INFO New proxy recv connection 4 from local rank 3, transport 0
osk-gpu56:884881:892556 [3] NCCL INFO Connected to proxy localRank 3 -> connection 0x148bf802e010
osk-gpu56:884881:892592 [3] NCCL INFO New proxy recv connection 5 from local rank 3, transport 0
osk-gpu56:884881:892556 [3] NCCL INFO Connected to proxy localRank 3 -> connection 0x148bf802e088
osk-gpu56:884881:892592 [3] NCCL INFO New proxy recv connection 6 from local rank 3, transport 0
osk-gpu56:884881:892556 [3] NCCL INFO Connected to proxy localRank 3 -> connection 0x148bf802e100
osk-gpu56:884881:892592 [3] NCCL INFO New proxy recv connection 7 from local rank 3, transport 0
osk-gpu56:884881:892556 [3] NCCL INFO Connected to proxy localRank 3 -> connection 0x148bf802e178
osk-gpu56:884881:892592 [3] NCCL INFO New proxy recv connection 8 from local rank 3, transport 0
osk-gpu56:884881:892556 [3] NCCL INFO Connected to proxy localRank 3 -> connection 0x148bf802e1f0
osk-gpu56:884881:892592 [3] NCCL INFO New proxy recv connection 9 from local rank 3, transport 0
osk-gpu56:884881:892556 [3] NCCL INFO Connected to proxy localRank 3 -> connection 0x148bf802e268
osk-gpu56:884881:892592 [3] NCCL INFO New proxy recv connection 10 from local rank 3, transport 0
osk-gpu56:884881:892556 [3] NCCL INFO Connected to proxy localRank 3 -> connection 0x148bf802e2e0
osk-gpu56:884881:892592 [3] NCCL INFO New proxy recv connection 11 from local rank 3, transport 0
osk-gpu56:884881:892556 [3] NCCL INFO Connected to proxy localRank 3 -> connection 0x148bf802e358
osk-gpu56:884881:892592 [3] NCCL INFO New proxy recv connection 12 from local rank 3, transport 0
osk-gpu56:884881:892556 [3] NCCL INFO Connected to proxy localRank 3 -> connection 0x148bf802e3d0
osk-gpu56:884881:892592 [3] NCCL INFO New proxy recv connection 13 from local rank 3, transport 0
osk-gpu56:884881:892556 [3] NCCL INFO Connected to proxy localRank 3 -> connection 0x148bf802e448
osk-gpu56:884881:892592 [3] NCCL INFO New proxy recv connection 14 from local rank 3, transport 0
osk-gpu56:884881:892556 [3] NCCL INFO Connected to proxy localRank 3 -> connection 0x148bf802e4c0
osk-gpu56:884881:892592 [3] NCCL INFO New proxy recv connection 15 from local rank 3, transport 0
osk-gpu56:884881:892556 [3] NCCL INFO Connected to proxy localRank 3 -> connection 0x148bf802e538
osk-gpu56:884881:892592 [3] NCCL INFO New proxy recv connection 16 from local rank 3, transport 0
osk-gpu56:884881:892556 [3] NCCL INFO Connected to proxy localRank 3 -> connection 0x148bf802e5b0
osk-gpu56:884881:892592 [3] NCCL INFO New proxy recv connection 17 from local rank 3, transport 0
osk-gpu56:884881:892556 [3] NCCL INFO Connected to proxy localRank 3 -> connection 0x148bf802e628
osk-gpu56:884881:892592 [3] NCCL INFO New proxy recv connection 18 from local rank 3, transport 0
osk-gpu56:884881:892556 [3] NCCL INFO Connected to proxy localRank 3 -> connection 0x148bf802e6a0
osk-gpu56:884881:892592 [3] NCCL INFO New proxy recv connection 19 from local rank 3, transport 0
osk-gpu56:884881:892556 [3] NCCL INFO Connected to proxy localRank 3 -> connection 0x148bf802e718
osk-gpu56:884881:892592 [3] NCCL INFO New proxy recv connection 20 from local rank 3, transport 0
osk-gpu56:884881:892556 [3] NCCL INFO Connected to proxy localRank 3 -> connection 0x148bf802e790
osk-gpu56:884881:892592 [3] NCCL INFO New proxy recv connection 21 from local rank 3, transport 0
osk-gpu56:884881:892556 [3] NCCL INFO Connected to proxy localRank 3 -> connection 0x148bf802e808
osk-gpu56:884881:892592 [3] NCCL INFO New proxy recv connection 22 from local rank 3, transport 0
osk-gpu56:884881:892556 [3] NCCL INFO Connected to proxy localRank 3 -> connection 0x148bf802e880
osk-gpu56:884881:892592 [3] NCCL INFO New proxy recv connection 23 from local rank 3, transport 0
osk-gpu56:884881:892556 [3] NCCL INFO Connected to proxy localRank 3 -> connection 0x148bf802e8f8
osk-gpu56:884881:892556 [3] NCCL INFO Channel 00/0 : 3[3] -> 4[4] via P2P/CUMEM
osk-gpu56:884881:892592 [3] NCCL INFO New proxy send connection 24 from local rank 3, transport 0
osk-gpu56:884881:892556 [3] NCCL INFO Connected to proxy localRank 3 -> connection 0x148bf802e970
osk-gpu56:884881:892556 [3] NCCL INFO Channel 01/0 : 3[3] -> 4[4] via P2P/CUMEM
osk-gpu56:884881:892592 [3] NCCL INFO New proxy send connection 25 from local rank 3, transport 0
osk-gpu56:884881:892556 [3] NCCL INFO Connected to proxy localRank 3 -> connection 0x148bf802e9e8
osk-gpu56:884881:892556 [3] NCCL INFO Channel 02/0 : 3[3] -> 4[4] via P2P/CUMEM
osk-gpu56:884881:892592 [3] NCCL INFO New proxy send connection 26 from local rank 3, transport 0
osk-gpu56:884881:892556 [3] NCCL INFO Connected to proxy localRank 3 -> connection 0x148bf802ea60
osk-gpu56:884881:892556 [3] NCCL INFO Channel 03/0 : 3[3] -> 4[4] via P2P/CUMEM
osk-gpu56:884881:892592 [3] NCCL INFO New proxy send connection 27 from local rank 3, transport 0
osk-gpu56:884881:892556 [3] NCCL INFO Connected to proxy localRank 3 -> connection 0x148bf802ead8
osk-gpu56:884881:892556 [3] NCCL INFO Channel 04/0 : 3[3] -> 4[4] via P2P/CUMEM
osk-gpu56:884881:892592 [3] NCCL INFO New proxy send connection 28 from local rank 3, transport 0
osk-gpu56:884881:892556 [3] NCCL INFO Connected to proxy localRank 3 -> connection 0x148bf802eb50
osk-gpu56:884881:892556 [3] NCCL INFO Channel 05/0 : 3[3] -> 4[4] via P2P/CUMEM
osk-gpu56:884881:892592 [3] NCCL INFO New proxy send connection 29 from local rank 3, transport 0
osk-gpu56:884881:892556 [3] NCCL INFO Connected to proxy localRank 3 -> connection 0x148bf802ebc8
osk-gpu56:884881:892556 [3] NCCL INFO Channel 06/0 : 3[3] -> 4[4] via P2P/CUMEM
osk-gpu56:884881:892592 [3] NCCL INFO New proxy send connection 30 from local rank 3, transport 0
osk-gpu56:884881:892556 [3] NCCL INFO Connected to proxy localRank 3 -> connection 0x148bf802ec40
osk-gpu56:884881:892556 [3] NCCL INFO Channel 07/0 : 3[3] -> 4[4] via P2P/CUMEM
osk-gpu56:884884:892596 [6] NCCL INFO New proxy recv connection 0 from local rank 6, transport 0
osk-gpu56:884884:892554 [6] NCCL INFO Connected to proxy localRank 6 -> connection 0x148af802a820
osk-gpu56:884881:892592 [3] NCCL INFO New proxy send connection 31 from local rank 3, transport 0
osk-gpu56:884881:892556 [3] NCCL INFO Connected to proxy localRank 3 -> connection 0x148bf802ecb8
osk-gpu56:884884:892596 [6] NCCL INFO New proxy recv connection 1 from local rank 6, transport 0
osk-gpu56:884884:892554 [6] NCCL INFO Connected to proxy localRank 6 -> connection 0x148af802a898
osk-gpu56:884883:892598 [5] NCCL INFO New proxy recv connection 0 from local rank 5, transport 0
osk-gpu56:884883:892559 [5] NCCL INFO Connected to proxy localRank 5 -> connection 0x14cc1802e430
osk-gpu56:884884:892596 [6] NCCL INFO New proxy recv connection 2 from local rank 6, transport 0
osk-gpu56:884884:892554 [6] NCCL INFO Connected to proxy localRank 6 -> connection 0x148af802a910
osk-gpu56:884885:892594 [7] NCCL INFO New proxy recv connection 0 from local rank 7, transport 0
osk-gpu56:884885:892555 [7] NCCL INFO Connected to proxy localRank 7 -> connection 0x149888033ab0
osk-gpu56:884881:892556 [3] NCCL INFO Channel 08/0 : 3[3] -> 4[4] via P2P/CUMEM
osk-gpu56:884882:892602 [4] NCCL INFO New proxy recv connection 0 from local rank 4, transport 0
osk-gpu56:884882:892557 [4] NCCL INFO Connected to proxy localRank 4 -> connection 0x153bb002f280
osk-gpu56:884882:892602 [4] NCCL INFO New proxy recv connection 1 from local rank 4, transport 0
osk-gpu56:884882:892557 [4] NCCL INFO Connected to proxy localRank 4 -> connection 0x153bb002f2f8
osk-gpu56:884882:892602 [4] NCCL INFO New proxy recv connection 2 from local rank 4, transport 0
osk-gpu56:884882:892557 [4] NCCL INFO Connected to proxy localRank 4 -> connection 0x153bb002f370
osk-gpu56:884882:892602 [4] NCCL INFO New proxy recv connection 3 from local rank 4, transport 0
osk-gpu56:884882:892557 [4] NCCL INFO Connected to proxy localRank 4 -> connection 0x153bb002f3e8
osk-gpu56:884882:892602 [4] NCCL INFO New proxy recv connection 4 from local rank 4, transport 0
osk-gpu56:884882:892557 [4] NCCL INFO Connected to proxy localRank 4 -> connection 0x153bb002f460
osk-gpu56:884882:892602 [4] NCCL INFO New proxy recv connection 5 from local rank 4, transport 0
osk-gpu56:884882:892557 [4] NCCL INFO Connected to proxy localRank 4 -> connection 0x153bb002f4d8
osk-gpu56:884882:892602 [4] NCCL INFO New proxy recv connection 6 from local rank 4, transport 0
osk-gpu56:884882:892557 [4] NCCL INFO Connected to proxy localRank 4 -> connection 0x153bb002f550
osk-gpu56:884882:892602 [4] NCCL INFO New proxy recv connection 7 from local rank 4, transport 0
osk-gpu56:884882:892557 [4] NCCL INFO Connected to proxy localRank 4 -> connection 0x153bb002f5c8
osk-gpu56:884882:892602 [4] NCCL INFO New proxy recv connection 8 from local rank 4, transport 0
osk-gpu56:884882:892557 [4] NCCL INFO Connected to proxy localRank 4 -> connection 0x153bb002f640
osk-gpu56:884885:892594 [7] NCCL INFO New proxy recv connection 1 from local rank 7, transport 0
osk-gpu56:884885:892555 [7] NCCL INFO Connected to proxy localRank 7 -> connection 0x149888033b28
osk-gpu56:884880:892600 [2] NCCL INFO New proxy recv connection 0 from local rank 2, transport 0
osk-gpu56:884880:892558 [2] NCCL INFO Connected to proxy localRank 2 -> connection 0x14dcac039200
osk-gpu56:884880:892600 [2] NCCL INFO New proxy recv connection 1 from local rank 2, transport 0
osk-gpu56:884880:892558 [2] NCCL INFO Connected to proxy localRank 2 -> connection 0x14dcac039278
osk-gpu56:884880:892600 [2] NCCL INFO New proxy recv connection 2 from local rank 2, transport 0
osk-gpu56:884880:892558 [2] NCCL INFO Connected to proxy localRank 2 -> connection 0x14dcac0392f0
osk-gpu56:884880:892600 [2] NCCL INFO New proxy recv connection 3 from local rank 2, transport 0
osk-gpu56:884880:892558 [2] NCCL INFO Connected to proxy localRank 2 -> connection 0x14dcac039368
osk-gpu56:884880:892600 [2] NCCL INFO New proxy recv connection 4 from local rank 2, transport 0
osk-gpu56:884880:892558 [2] NCCL INFO Connected to proxy localRank 2 -> connection 0x14dcac0393e0
osk-gpu56:884880:892600 [2] NCCL INFO New proxy recv connection 5 from local rank 2, transport 0
osk-gpu56:884880:892558 [2] NCCL INFO Connected to proxy localRank 2 -> connection 0x14dcac039458
osk-gpu56:884880:892600 [2] NCCL INFO New proxy recv connection 6 from local rank 2, transport 0
osk-gpu56:884880:892558 [2] NCCL INFO Connected to proxy localRank 2 -> connection 0x14dcac0394d0
osk-gpu56:884880:892600 [2] NCCL INFO New proxy recv connection 7 from local rank 2, transport 0
osk-gpu56:884880:892558 [2] NCCL INFO Connected to proxy localRank 2 -> connection 0x14dcac039548
osk-gpu56:884880:892600 [2] NCCL INFO New proxy recv connection 8 from local rank 2, transport 0
osk-gpu56:884880:892558 [2] NCCL INFO Connected to proxy localRank 2 -> connection 0x14dcac0395c0
osk-gpu56:884880:892600 [2] NCCL INFO New proxy recv connection 9 from local rank 2, transport 0
osk-gpu56:884880:892558 [2] NCCL INFO Connected to proxy localRank 2 -> connection 0x14dcac039638
osk-gpu56:884880:892600 [2] NCCL INFO New proxy recv connection 10 from local rank 2, transport 0
osk-gpu56:884880:892558 [2] NCCL INFO Connected to proxy localRank 2 -> connection 0x14dcac0396b0
osk-gpu56:884880:892600 [2] NCCL INFO New proxy recv connection 11 from local rank 2, transport 0
osk-gpu56:884880:892558 [2] NCCL INFO Connected to proxy localRank 2 -> connection 0x14dcac039728
osk-gpu56:884880:892600 [2] NCCL INFO New proxy recv connection 12 from local rank 2, transport 0
osk-gpu56:884880:892558 [2] NCCL INFO Connected to proxy localRank 2 -> connection 0x14dcac0397a0
osk-gpu56:884880:892600 [2] NCCL INFO New proxy recv connection 13 from local rank 2, transport 0
osk-gpu56:884880:892558 [2] NCCL INFO Connected to proxy localRank 2 -> connection 0x14dcac039818
osk-gpu56:884880:892600 [2] NCCL INFO New proxy recv connection 14 from local rank 2, transport 0
osk-gpu56:884880:892558 [2] NCCL INFO Connected to proxy localRank 2 -> connection 0x14dcac039890
osk-gpu56:884880:892600 [2] NCCL INFO New proxy recv connection 15 from local rank 2, transport 0
osk-gpu56:884880:892558 [2] NCCL INFO Connected to proxy localRank 2 -> connection 0x14dcac039908
osk-gpu56:884880:892600 [2] NCCL INFO New proxy recv connection 16 from local rank 2, transport 0
osk-gpu56:884880:892558 [2] NCCL INFO Connected to proxy localRank 2 -> connection 0x14dcac039980
