osk-gpu91:2354450:2361787 [2] NCCL INFO New proxy send connection 86 from local rank 2, transport 0
osk-gpu91:2354449:2361738 [1] NCCL INFO Channel 17/0 : 1[1] -> 0[0] via P2P/CUMEM
osk-gpu91:2354450:2361741 [2] NCCL INFO Connected to proxy localRank 2 -> connection 0x14f1bc032300
osk-gpu91:2354449:2361791 [1] NCCL INFO New proxy send connection 89 from local rank 1, transport 0
osk-gpu91:2354453:2361742 [5] NCCL INFO Connected to proxy localRank 5 -> connection 0x145da802f428
osk-gpu91:2354449:2361738 [1] NCCL INFO Connected to proxy localRank 1 -> connection 0x14a1e80364a8
osk-gpu91:2354449:2361738 [1] NCCL INFO Channel 18/0 : 1[1] -> 0[0] via P2P/CUMEM
osk-gpu91:2354449:2361791 [1] NCCL INFO New proxy send connection 90 from local rank 1, transport 0
osk-gpu91:2354449:2361738 [1] NCCL INFO Connected to proxy localRank 1 -> connection 0x14a1e8036520
osk-gpu91:2354449:2361738 [1] NCCL INFO Channel 19/0 : 1[1] -> 0[0] via P2P/CUMEM
osk-gpu91:2354449:2361791 [1] NCCL INFO New proxy send connection 91 from local rank 1, transport 0
osk-gpu91:2354449:2361738 [1] NCCL INFO Connected to proxy localRank 1 -> connection 0x14a1e8036598
osk-gpu91:2354451:2361739 [3] NCCL INFO Connected to proxy localRank 3 -> connection 0x14a27402d948
osk-gpu91:2354450:2361741 [2] NCCL INFO Channel 15/0 : 2[2] -> 1[1] via P2P/CUMEM
osk-gpu91:2354450:2361787 [2] NCCL INFO New proxy send connection 87 from local rank 2, transport 0
osk-gpu91:2354448:2361779 [0] NCCL INFO New proxy recv connection 66 from local rank 0, transport 0
osk-gpu91:2354448:2361736 [0] NCCL INFO Connected to proxy localRank 0 -> connection 0x1462b4031760
osk-gpu91:2354449:2361738 [1] NCCL INFO Channel 20/0 : 1[1] -> 0[0] via P2P/CUMEM
osk-gpu91:2354450:2361741 [2] NCCL INFO Connected to proxy localRank 2 -> connection 0x14f1bc032378
osk-gpu91:2354449:2361791 [1] NCCL INFO New proxy send connection 92 from local rank 1, transport 0
osk-gpu91:2354449:2361738 [1] NCCL INFO Connected to proxy localRank 1 -> connection 0x14a1e8036610
osk-gpu91:2354453:2361742 [5] NCCL INFO Channel 14/0 : 5[5] -> 4[4] via P2P/CUMEM
osk-gpu91:2354450:2361741 [2] NCCL INFO Channel 16/0 : 2[2] -> 1[1] via P2P/CUMEM
osk-gpu91:2354453:2361789 [5] NCCL INFO New proxy send connection 86 from local rank 5, transport 0
osk-gpu91:2354453:2361742 [5] NCCL INFO Connected to proxy localRank 5 -> connection 0x145da802f4a0
osk-gpu91:2354450:2361787 [2] NCCL INFO New proxy send connection 88 from local rank 2, transport 0
osk-gpu91:2354450:2361741 [2] NCCL INFO Connected to proxy localRank 2 -> connection 0x14f1bc0323f0
osk-gpu91:2354451:2361739 [3] NCCL INFO Channel 12/0 : 3[3] -> 2[2] via P2P/CUMEM
osk-gpu91:2354451:2361783 [3] NCCL INFO New proxy send connection 84 from local rank 3, transport 0
osk-gpu91:2354451:2361739 [3] NCCL INFO Connected to proxy localRank 3 -> connection 0x14a27402d9c0
osk-gpu91:2354451:2361739 [3] NCCL INFO Channel 13/0 : 3[3] -> 2[2] via P2P/CUMEM
osk-gpu91:2354451:2361783 [3] NCCL INFO New proxy send connection 85 from local rank 3, transport 0
osk-gpu91:2354449:2361738 [1] NCCL INFO Channel 21/0 : 1[1] -> 0[0] via P2P/CUMEM
osk-gpu91:2354453:2361742 [5] NCCL INFO Channel 15/0 : 5[5] -> 4[4] via P2P/CUMEM
osk-gpu91:2354451:2361739 [3] NCCL INFO Connected to proxy localRank 3 -> connection 0x14a27402da38
osk-gpu91:2354449:2361791 [1] NCCL INFO New proxy send connection 93 from local rank 1, transport 0
osk-gpu91:2354449:2361738 [1] NCCL INFO Connected to proxy localRank 1 -> connection 0x14a1e8036688
osk-gpu91:2354449:2361738 [1] NCCL INFO Channel 22/0 : 1[1] -> 0[0] via P2P/CUMEM
osk-gpu91:2354453:2361789 [5] NCCL INFO New proxy send connection 87 from local rank 5, transport 0
osk-gpu91:2354449:2361791 [1] NCCL INFO New proxy send connection 94 from local rank 1, transport 0
osk-gpu91:2354448:2361779 [0] NCCL INFO New proxy recv connection 67 from local rank 0, transport 0
osk-gpu91:2354451:2361739 [3] NCCL INFO Channel 14/0 : 3[3] -> 2[2] via P2P/CUMEM
osk-gpu91:2354451:2361783 [3] NCCL INFO New proxy send connection 86 from local rank 3, transport 0
osk-gpu91:2354449:2361738 [1] NCCL INFO Connected to proxy localRank 1 -> connection 0x14a1e8036700
osk-gpu91:2354448:2361736 [0] NCCL INFO Connected to proxy localRank 0 -> connection 0x1462b40317d8
osk-gpu91:2354451:2361739 [3] NCCL INFO Connected to proxy localRank 3 -> connection 0x14a27402dab0
osk-gpu91:2354449:2361738 [1] NCCL INFO Channel 23/0 : 1[1] -> 0[0] via P2P/CUMEM
osk-gpu91:2354449:2361791 [1] NCCL INFO New proxy send connection 95 from local rank 1, transport 0
osk-gpu91:2354448:2361779 [0] NCCL INFO New proxy recv connection 68 from local rank 0, transport 0
osk-gpu91:2354449:2361738 [1] NCCL INFO Connected to proxy localRank 1 -> connection 0x14a1e8036778
osk-gpu91:2354448:2361736 [0] NCCL INFO Connected to proxy localRank 0 -> connection 0x1462b4031850
osk-gpu91:2354451:2361739 [3] NCCL INFO Channel 15/0 : 3[3] -> 2[2] via P2P/CUMEM
osk-gpu91:2354451:2361783 [3] NCCL INFO New proxy send connection 87 from local rank 3, transport 0
osk-gpu91:2354451:2361739 [3] NCCL INFO Connected to proxy localRank 3 -> connection 0x14a27402db28
osk-gpu91:2354448:2361779 [0] NCCL INFO New proxy recv connection 69 from local rank 0, transport 0
osk-gpu91:2354448:2361736 [0] NCCL INFO Connected to proxy localRank 0 -> connection 0x1462b40318c8
osk-gpu91:2354451:2361739 [3] NCCL INFO Channel 16/0 : 3[3] -> 2[2] via P2P/CUMEM
osk-gpu91:2354451:2361783 [3] NCCL INFO New proxy send connection 88 from local rank 3, transport 0
osk-gpu91:2354451:2361739 [3] NCCL INFO Connected to proxy localRank 3 -> connection 0x14a27402dba0
osk-gpu91:2354450:2361741 [2] NCCL INFO Channel 17/0 : 2[2] -> 1[1] via P2P/CUMEM
osk-gpu91:2354451:2361739 [3] NCCL INFO Channel 17/0 : 3[3] -> 2[2] via P2P/CUMEM
osk-gpu91:2354451:2361783 [3] NCCL INFO New proxy send connection 89 from local rank 3, transport 0
osk-gpu91:2354451:2361739 [3] NCCL INFO Connected to proxy localRank 3 -> connection 0x14a27402dc18
osk-gpu91:2354451:2361739 [3] NCCL INFO Channel 18/0 : 3[3] -> 2[2] via P2P/CUMEM
osk-gpu91:2354451:2361783 [3] NCCL INFO New proxy send connection 90 from local rank 3, transport 0
osk-gpu91:2354451:2361739 [3] NCCL INFO Connected to proxy localRank 3 -> connection 0x14a27402dc90
osk-gpu91:2354453:2361742 [5] NCCL INFO Connected to proxy localRank 5 -> connection 0x145da802f518
osk-gpu91:2354451:2361739 [3] NCCL INFO Channel 19/0 : 3[3] -> 2[2] via P2P/CUMEM
osk-gpu91:2354451:2361783 [3] NCCL INFO New proxy send connection 91 from local rank 3, transport 0
osk-gpu91:2354451:2361739 [3] NCCL INFO Connected to proxy localRank 3 -> connection 0x14a27402dd08
osk-gpu91:2354451:2361739 [3] NCCL INFO Channel 20/0 : 3[3] -> 2[2] via P2P/CUMEM
osk-gpu91:2354448:2361779 [0] NCCL INFO New proxy recv connection 70 from local rank 0, transport 0
osk-gpu91:2354448:2361736 [0] NCCL INFO Connected to proxy localRank 0 -> connection 0x1462b4031940
osk-gpu91:2354448:2361779 [0] NCCL INFO New proxy recv connection 71 from local rank 0, transport 0
osk-gpu91:2354448:2361736 [0] NCCL INFO Connected to proxy localRank 0 -> connection 0x1462b40319b8
osk-gpu91:2354451:2361783 [3] NCCL INFO New proxy send connection 92 from local rank 3, transport 0
osk-gpu91:2354450:2361787 [2] NCCL INFO New proxy send connection 89 from local rank 2, transport 0
osk-gpu91:2354450:2361741 [2] NCCL INFO Connected to proxy localRank 2 -> connection 0x14f1bc032468
osk-gpu91:2354451:2361739 [3] NCCL INFO Connected to proxy localRank 3 -> connection 0x14a27402dd80
osk-gpu91:2354453:2361742 [5] NCCL INFO Channel 16/0 : 5[5] -> 4[4] via P2P/CUMEM
osk-gpu91:2354453:2361789 [5] NCCL INFO New proxy send connection 88 from local rank 5, transport 0
osk-gpu91:2354453:2361742 [5] NCCL INFO Connected to proxy localRank 5 -> connection 0x145da802f590
osk-gpu91:2354450:2361741 [2] NCCL INFO Channel 18/0 : 2[2] -> 1[1] via P2P/CUMEM
osk-gpu91:2354450:2361787 [2] NCCL INFO New proxy send connection 90 from local rank 2, transport 0
osk-gpu91:2354450:2361741 [2] NCCL INFO Connected to proxy localRank 2 -> connection 0x14f1bc0324e0
osk-gpu91:2354453:2361742 [5] NCCL INFO Channel 17/0 : 5[5] -> 4[4] via P2P/CUMEM
osk-gpu91:2354453:2361789 [5] NCCL INFO New proxy send connection 89 from local rank 5, transport 0
osk-gpu91:2354453:2361742 [5] NCCL INFO Connected to proxy localRank 5 -> connection 0x145da802f608
osk-gpu91:2354451:2361739 [3] NCCL INFO Channel 21/0 : 3[3] -> 2[2] via P2P/CUMEM
osk-gpu91:2354450:2361741 [2] NCCL INFO Channel 19/0 : 2[2] -> 1[1] via P2P/CUMEM
osk-gpu91:2354451:2361783 [3] NCCL INFO New proxy send connection 93 from local rank 3, transport 0
osk-gpu91:2354450:2361787 [2] NCCL INFO New proxy send connection 91 from local rank 2, transport 0
osk-gpu91:2354451:2361739 [3] NCCL INFO Connected to proxy localRank 3 -> connection 0x14a27402ddf8
osk-gpu91:2354450:2361741 [2] NCCL INFO Connected to proxy localRank 2 -> connection 0x14f1bc032558
osk-gpu91:2354453:2361742 [5] NCCL INFO Channel 18/0 : 5[5] -> 4[4] via P2P/CUMEM
osk-gpu91:2354453:2361789 [5] NCCL INFO New proxy send connection 90 from local rank 5, transport 0
osk-gpu91:2354453:2361742 [5] NCCL INFO Connected to proxy localRank 5 -> connection 0x145da802f680
osk-gpu91:2354451:2361739 [3] NCCL INFO Channel 22/0 : 3[3] -> 2[2] via P2P/CUMEM
osk-gpu91:2354450:2361741 [2] NCCL INFO Channel 20/0 : 2[2] -> 1[1] via P2P/CUMEM
osk-gpu91:2354451:2361783 [3] NCCL INFO New proxy send connection 94 from local rank 3, transport 0
osk-gpu91:2354451:2361739 [3] NCCL INFO Connected to proxy localRank 3 -> connection 0x14a27402de70
osk-gpu91:2354450:2361787 [2] NCCL INFO New proxy send connection 92 from local rank 2, transport 0
osk-gpu91:2354450:2361741 [2] NCCL INFO Connected to proxy localRank 2 -> connection 0x14f1bc0325d0
osk-gpu91:2354453:2361742 [5] NCCL INFO Channel 19/0 : 5[5] -> 4[4] via P2P/CUMEM
osk-gpu91:2354450:2361741 [2] NCCL INFO Channel 21/0 : 2[2] -> 1[1] via P2P/CUMEM
osk-gpu91:2354453:2361789 [5] NCCL INFO New proxy send connection 91 from local rank 5, transport 0
osk-gpu91:2354453:2361742 [5] NCCL INFO Connected to proxy localRank 5 -> connection 0x145da802f6f8
osk-gpu91:2354450:2361787 [2] NCCL INFO New proxy send connection 93 from local rank 2, transport 0
osk-gpu91:2354450:2361741 [2] NCCL INFO Connected to proxy localRank 2 -> connection 0x14f1bc032648
osk-gpu91:2354451:2361739 [3] NCCL INFO Channel 23/0 : 3[3] -> 2[2] via P2P/CUMEM
osk-gpu91:2354451:2361783 [3] NCCL INFO New proxy send connection 95 from local rank 3, transport 0
osk-gpu91:2354453:2361742 [5] NCCL INFO Channel 20/0 : 5[5] -> 4[4] via P2P/CUMEM
osk-gpu91:2354450:2361741 [2] NCCL INFO Channel 22/0 : 2[2] -> 1[1] via P2P/CUMEM
osk-gpu91:2354450:2361787 [2] NCCL INFO New proxy send connection 94 from local rank 2, transport 0
osk-gpu91:2354453:2361789 [5] NCCL INFO New proxy send connection 92 from local rank 5, transport 0
osk-gpu91:2354451:2361739 [3] NCCL INFO Connected to proxy localRank 3 -> connection 0x14a27402dee8
osk-gpu91:2354450:2361741 [2] NCCL INFO Connected to proxy localRank 2 -> connection 0x14f1bc0326c0
osk-gpu91:2354453:2361742 [5] NCCL INFO Connected to proxy localRank 5 -> connection 0x145da802f770
osk-gpu91:2354453:2361742 [5] NCCL INFO Channel 21/0 : 5[5] -> 4[4] via P2P/CUMEM
osk-gpu91:2354453:2361789 [5] NCCL INFO New proxy send connection 93 from local rank 5, transport 0
osk-gpu91:2354450:2361741 [2] NCCL INFO Channel 23/0 : 2[2] -> 1[1] via P2P/CUMEM
osk-gpu91:2354450:2361787 [2] NCCL INFO New proxy send connection 95 from local rank 2, transport 0
osk-gpu91:2354450:2361741 [2] NCCL INFO Connected to proxy localRank 2 -> connection 0x14f1bc032738
osk-gpu91:2354453:2361742 [5] NCCL INFO Connected to proxy localRank 5 -> connection 0x145da802f7e8
osk-gpu91:2354453:2361742 [5] NCCL INFO Channel 22/0 : 5[5] -> 4[4] via P2P/CUMEM
osk-gpu91:2354453:2361789 [5] NCCL INFO New proxy send connection 94 from local rank 5, transport 0
osk-gpu91:2354453:2361742 [5] NCCL INFO Connected to proxy localRank 5 -> connection 0x145da802f860
osk-gpu91:2354453:2361742 [5] NCCL INFO Channel 23/0 : 5[5] -> 4[4] via P2P/CUMEM
osk-gpu91:2354453:2361789 [5] NCCL INFO New proxy send connection 95 from local rank 5, transport 0
osk-gpu91:2354453:2361742 [5] NCCL INFO Connected to proxy localRank 5 -> connection 0x145da802f8d8
osk-gpu91:2354448:2361736 [0] NCCL INFO Connected all trees
osk-gpu91:2354448:2361736 [0] NCCL INFO NVLS comm 0x12fef680 headRank 0 nHeads 8 buffSize 4194304 memSize 2097152 nvlsPerRankSize 301989888 nvlsTotalSize 2415919104
osk-gpu91:2354455:2361737 [7] NCCL INFO Connected all trees
osk-gpu91:2354454:2361740 [6] NCCL INFO Connected all trees
osk-gpu91:2354455:2361737 [7] NCCL INFO NVLS comm 0x130b6330 headRank 7 nHeads 8 buffSize 4194304 memSize 2097152 nvlsPerRankSize 301989888 nvlsTotalSize 2415919104
osk-gpu91:2354454:2361740 [6] NCCL INFO NVLS comm 0x13c9ea20 headRank 6 nHeads 8 buffSize 4194304 memSize 2097152 nvlsPerRankSize 301989888 nvlsTotalSize 2415919104
osk-gpu91:2354449:2361738 [1] NCCL INFO Connected all trees
osk-gpu91:2354450:2361741 [2] NCCL INFO Connected all trees
osk-gpu91:2354450:2361741 [2] NCCL INFO NVLS comm 0x15930370 headRank 2 nHeads 8 buffSize 4194304 memSize 2097152 nvlsPerRankSize 301989888 nvlsTotalSize 2415919104
osk-gpu91:2354449:2361738 [1] NCCL INFO NVLS comm 0x143e2330 headRank 1 nHeads 8 buffSize 4194304 memSize 2097152 nvlsPerRankSize 301989888 nvlsTotalSize 2415919104
osk-gpu91:2354451:2361739 [3] NCCL INFO Connected all trees
osk-gpu91:2354452:2361743 [4] NCCL INFO Connected all trees
osk-gpu91:2354453:2361742 [5] NCCL INFO Connected all trees
osk-gpu91:2354451:2361739 [3] NCCL INFO NVLS comm 0x16561140 headRank 3 nHeads 8 buffSize 4194304 memSize 2097152 nvlsPerRankSize 301989888 nvlsTotalSize 2415919104
osk-gpu91:2354453:2361742 [5] NCCL INFO NVLS comm 0x12bd7cd0 headRank 5 nHeads 8 buffSize 4194304 memSize 2097152 nvlsPerRankSize 301989888 nvlsTotalSize 2415919104
osk-gpu91:2354452:2361743 [4] NCCL INFO NVLS comm 0x130963c0 headRank 4 nHeads 8 buffSize 4194304 memSize 2097152 nvlsPerRankSize 301989888 nvlsTotalSize 2415919104
osk-gpu91:2354449:2361738 [1] NCCL INFO threadThresholds 8/8/64 | 64/8/64 | 512 | 512
osk-gpu91:2354449:2361738 [1] NCCL INFO 24 coll channels, 0 collnet channels, 16 nvls channels, 32 p2p channels, 32 p2p channels per peer
osk-gpu91:2354455:2361737 [7] NCCL INFO threadThresholds 8/8/64 | 64/8/64 | 512 | 512
osk-gpu91:2354455:2361737 [7] NCCL INFO 24 coll channels, 0 collnet channels, 16 nvls channels, 32 p2p channels, 32 p2p channels per peer
osk-gpu91:2354448:2361736 [0] NCCL INFO threadThresholds 8/8/64 | 64/8/64 | 512 | 512
osk-gpu91:2354448:2361736 [0] NCCL INFO 24 coll channels, 0 collnet channels, 16 nvls channels, 32 p2p channels, 32 p2p channels per peer
osk-gpu91:2354449:2361791 [1] NCCL INFO New proxy send connection 96 from local rank 1, transport 2
osk-gpu91:2354449:2361738 [1] NCCL INFO Connected to proxy localRank 1 -> connection 0x14a1e80367f0
osk-gpu91:2354454:2361740 [6] NCCL INFO threadThresholds 8/8/64 | 64/8/64 | 512 | 512
osk-gpu91:2354454:2361740 [6] NCCL INFO 24 coll channels, 0 collnet channels, 16 nvls channels, 32 p2p channels, 32 p2p channels per peer
osk-gpu91:2354454:2361781 [6] NCCL INFO New proxy send connection 96 from local rank 6, transport 2
osk-gpu91:2354450:2361741 [2] NCCL INFO threadThresholds 8/8/64 | 64/8/64 | 512 | 512
osk-gpu91:2354450:2361741 [2] NCCL INFO 24 coll channels, 0 collnet channels, 16 nvls channels, 32 p2p channels, 32 p2p channels per peer
osk-gpu91:2354453:2361742 [5] NCCL INFO threadThresholds 8/8/64 | 64/8/64 | 512 | 512
osk-gpu91:2354453:2361742 [5] NCCL INFO 24 coll channels, 0 collnet channels, 16 nvls channels, 32 p2p channels, 32 p2p channels per peer
osk-gpu91:2354452:2361743 [4] NCCL INFO threadThresholds 8/8/64 | 64/8/64 | 512 | 512
osk-gpu91:2354452:2361743 [4] NCCL INFO 24 coll channels, 0 collnet channels, 16 nvls channels, 32 p2p channels, 32 p2p channels per peer
osk-gpu91:2354452:2361793 [4] NCCL INFO New proxy send connection 96 from local rank 4, transport 2
osk-gpu91:2354452:2361743 [4] NCCL INFO Connected to proxy localRank 4 -> connection 0x146db0035b10
osk-gpu91:2354453:2361789 [5] NCCL INFO New proxy send connection 96 from local rank 5, transport 2
osk-gpu91:2354454:2361740 [6] NCCL INFO Connected to proxy localRank 6 -> connection 0x15444802e9b0
osk-gpu91:2354453:2361742 [5] NCCL INFO Connected to proxy localRank 5 -> connection 0x145da802f950
osk-gpu91:2354455:2361785 [7] NCCL INFO New proxy send connection 72 from local rank 7, transport 2
osk-gpu91:2354455:2361737 [7] NCCL INFO Connected to proxy localRank 7 -> connection 0x14f1cc0321d0
osk-gpu91:2354448:2361779 [0] NCCL INFO New proxy send connection 72 from local rank 0, transport 2
osk-gpu91:2354450:2361787 [2] NCCL INFO New proxy send connection 96 from local rank 2, transport 2
osk-gpu91:2354450:2361741 [2] NCCL INFO Connected to proxy localRank 2 -> connection 0x14f1bc0327b0
osk-gpu91:2354448:2361736 [0] NCCL INFO Connected to proxy localRank 0 -> connection 0x1462b4031a30
osk-gpu91:2354451:2361739 [3] NCCL INFO threadThresholds 8/8/64 | 64/8/64 | 512 | 512
osk-gpu91:2354451:2361739 [3] NCCL INFO 24 coll channels, 0 collnet channels, 16 nvls channels, 32 p2p channels, 32 p2p channels per peer
osk-gpu91:2354451:2361783 [3] NCCL INFO New proxy send connection 96 from local rank 3, transport 2
osk-gpu91:2354451:2361739 [3] NCCL INFO Connected to proxy localRank 3 -> connection 0x14a27402df60
osk-gpu91:2354453:2361742 [5] NCCL INFO comm 0x12bd7cd0 rank 5 nranks 8 cudaDev 5 nvmlDev 5 busId ab000 commId 0xc9bbaf9ac4ea12be - Init COMPLETE
osk-gpu91:2354449:2361738 [1] NCCL INFO comm 0x143e2330 rank 1 nranks 8 cudaDev 1 nvmlDev 1 busId 2a000 commId 0xc9bbaf9ac4ea12be - Init COMPLETE
osk-gpu91:2354454:2361740 [6] NCCL INFO comm 0x13c9ea20 rank 6 nranks 8 cudaDev 6 nvmlDev 6 busId ba000 commId 0xc9bbaf9ac4ea12be - Init COMPLETE
osk-gpu91:2354448:2361736 [0] NCCL INFO comm 0x12fef680 rank 0 nranks 8 cudaDev 0 nvmlDev 0 busId 18000 commId 0xc9bbaf9ac4ea12be - Init COMPLETE
osk-gpu91:2354455:2361737 [7] NCCL INFO comm 0x130b6330 rank 7 nranks 8 cudaDev 7 nvmlDev 7 busId db000 commId 0xc9bbaf9ac4ea12be - Init COMPLETE
osk-gpu91:2354451:2361739 [3] NCCL INFO comm 0x16561140 rank 3 nranks 8 cudaDev 3 nvmlDev 3 busId 5d000 commId 0xc9bbaf9ac4ea12be - Init COMPLETE
osk-gpu91:2354452:2361743 [4] NCCL INFO comm 0x130963c0 rank 4 nranks 8 cudaDev 4 nvmlDev 4 busId 9a000 commId 0xc9bbaf9ac4ea12be - Init COMPLETE
osk-gpu91:2354450:2361741 [2] NCCL INFO comm 0x15930370 rank 2 nranks 8 cudaDev 2 nvmlDev 2 busId 3a000 commId 0xc9bbaf9ac4ea12be - Init COMPLETE
NCCL version 2.20.5+cuda12.4NCCL version 2.20.5+cuda12.4

NCCL version 2.20.5+cuda12.4
NCCL version 2.20.5+cuda12.4
NCCL version 2.20.5+cuda12.4
NCCL version 2.20.5+cuda12.4
osk-gpu91:2354453:2361819 [5] NCCL INFO Using non-device net plugin version 0
NCCL version 2.20.5+cuda12.4osk-gpu91:2354453:2361819 [5] NCCL INFO Using network IB

osk-gpu91:2354454:2361824 [6] NCCL INFO Using non-device net plugin version 0
osk-gpu91:2354453:2361819 [5] NCCL INFO comm 0x13b651a0 rank 0 nranks 1 cudaDev 5 nvmlDev 5 busId ab000 commId 0x71ab2f5137b1a752 - Init START
osk-gpu91:2354450:2361822 [2] NCCL INFO Using non-device net plugin version 0
osk-gpu91:2354450:2361822 [2] NCCL INFO Using network IB
osk-gpu91:2354453:2361819 [5] NCCL INFO MNNVL busId 0xab000 fabric UUID 0.0 cliqueId 0x0 state 3 healthMask 0x0
osk-gpu91:2354448:2361820 [0] NCCL INFO Using non-device net plugin version 0
osk-gpu91:2354448:2361820 [0] NCCL INFO Using network IB
osk-gpu91:2354454:2361824 [6] NCCL INFO Using network IB
osk-gpu91:2354455:2361823 [7] NCCL INFO Using non-device net plugin version 0
osk-gpu91:2354455:2361823 [7] NCCL INFO Using network IB
osk-gpu91:2354451:2361821 [3] NCCL INFO Using non-device net plugin version 0
osk-gpu91:2354451:2361821 [3] NCCL INFO Using network IB
osk-gpu91:2354452:2361825 [4] NCCL INFO Using non-device net plugin version 0
osk-gpu91:2354452:2361825 [4] NCCL INFO Using network IB
osk-gpu91:2354449:2361818 [1] NCCL INFO Using non-device net plugin version 0
osk-gpu91:2354449:2361818 [1] NCCL INFO Using network IB
osk-gpu91:2354451:2361821 [3] NCCL INFO comm 0xb6886a0 rank 0 nranks 1 cudaDev 3 nvmlDev 3 busId 5d000 commId 0x82f31b6907dde524 - Init START
osk-gpu91:2354451:2361821 [3] NCCL INFO MNNVL busId 0x5d000 fabric UUID 0.0 cliqueId 0x0 state 3 healthMask 0x0
osk-gpu91:2354452:2361825 [4] NCCL INFO comm 0x151a78c0 rank 0 nranks 1 cudaDev 4 nvmlDev 4 busId 9a000 commId 0x8311e114a92a8bf4 - Init START
osk-gpu91:2354451:2361821 [3] NCCL INFO NET/IB : GPU Direct RDMA Enabled for HCA 0 'mlx5_0'
osk-gpu91:2354452:2361825 [4] NCCL INFO MNNVL busId 0x9a000 fabric UUID 0.0 cliqueId 0x0 state 3 healthMask 0x0
osk-gpu91:2354451:2361821 [3] NCCL INFO NET/IB : GPU Direct RDMA Enabled for HCA 1 'mlx5_1'
osk-gpu91:2354451:2361821 [3] NCCL INFO NET/IB : GPU Direct RDMA Enabled for HCA 2 'mlx5_11'
osk-gpu91:2354451:2361821 [3] NCCL INFO GPU Direct RDMA Disabled for GPU 5d000 / HCA 0 (distance 7 > 4)
osk-gpu91:2354451:2361821 [3] NCCL INFO GPU Direct RDMA Disabled for GPU 5d000 / HCA 1 (distance 7 > 4)
osk-gpu91:2354451:2361821 [3] NCCL INFO GPU Direct RDMA Disabled for GPU 5d000 / HCA 2 (distance 7 > 4)
osk-gpu91:2354451:2361821 [3] NCCL INFO comm 0xb6886a0 rank 0 nRanks 1 nNodes 1 localRanks 1 localRank 0 MNNVL 0
osk-gpu91:2354451:2361821 [3] NCCL INFO Channel 00/32 :    0
osk-gpu91:2354451:2361821 [3] NCCL INFO Channel 01/32 :    0
osk-gpu91:2354451:2361821 [3] NCCL INFO Channel 02/32 :    0
osk-gpu91:2354451:2361821 [3] NCCL INFO Channel 03/32 :    0
osk-gpu91:2354451:2361821 [3] NCCL INFO Channel 04/32 :    0
osk-gpu91:2354451:2361821 [3] NCCL INFO Channel 05/32 :    0
osk-gpu91:2354451:2361821 [3] NCCL INFO Channel 06/32 :    0
osk-gpu91:2354451:2361821 [3] NCCL INFO Channel 07/32 :    0
osk-gpu91:2354451:2361821 [3] NCCL INFO Channel 08/32 :    0
osk-gpu91:2354451:2361821 [3] NCCL INFO Channel 09/32 :    0
osk-gpu91:2354451:2361821 [3] NCCL INFO Channel 10/32 :    0
osk-gpu91:2354451:2361821 [3] NCCL INFO Channel 11/32 :    0
osk-gpu91:2354451:2361821 [3] NCCL INFO Channel 12/32 :    0
osk-gpu91:2354451:2361821 [3] NCCL INFO Channel 13/32 :    0
osk-gpu91:2354451:2361821 [3] NCCL INFO Channel 14/32 :    0
osk-gpu91:2354451:2361821 [3] NCCL INFO Channel 15/32 :    0
osk-gpu91:2354451:2361821 [3] NCCL INFO Channel 16/32 :    0
osk-gpu91:2354451:2361821 [3] NCCL INFO Channel 17/32 :    0
osk-gpu91:2354451:2361821 [3] NCCL INFO Channel 18/32 :    0
osk-gpu91:2354451:2361821 [3] NCCL INFO Channel 19/32 :    0
osk-gpu91:2354451:2361821 [3] NCCL INFO Channel 20/32 :    0
osk-gpu91:2354451:2361821 [3] NCCL INFO Channel 21/32 :    0
osk-gpu91:2354451:2361821 [3] NCCL INFO Channel 22/32 :    0
osk-gpu91:2354451:2361821 [3] NCCL INFO Channel 23/32 :    0
osk-gpu91:2354451:2361821 [3] NCCL INFO Channel 24/32 :    0
osk-gpu91:2354451:2361821 [3] NCCL INFO Channel 25/32 :    0
osk-gpu91:2354451:2361821 [3] NCCL INFO Channel 26/32 :    0
osk-gpu91:2354451:2361821 [3] NCCL INFO Channel 27/32 :    0
osk-gpu91:2354451:2361821 [3] NCCL INFO Channel 28/32 :    0
osk-gpu91:2354450:2361822 [2] NCCL INFO comm 0xae2d190 rank 0 nranks 1 cudaDev 2 nvmlDev 2 busId 3a000 commId 0x71d9643c4ee368a3 - Init START
osk-gpu91:2354451:2361821 [3] NCCL INFO Channel 29/32 :    0
osk-gpu91:2354451:2361821 [3] NCCL INFO Channel 30/32 :    0
osk-gpu91:2354451:2361821 [3] NCCL INFO Channel 31/32 :    0
osk-gpu91:2354450:2361822 [2] NCCL INFO MNNVL busId 0x3a000 fabric UUID 0.0 cliqueId 0x0 state 3 healthMask 0x0
osk-gpu91:2354450:2361822 [2] NCCL INFO NET/IB : GPU Direct RDMA Enabled for HCA 0 'mlx5_0'
osk-gpu91:2354450:2361822 [2] NCCL INFO NET/IB : GPU Direct RDMA Enabled for HCA 1 'mlx5_1'
osk-gpu91:2354450:2361822 [2] NCCL INFO NET/IB : GPU Direct RDMA Enabled for HCA 2 'mlx5_11'
osk-gpu91:2354450:2361822 [2] NCCL INFO GPU Direct RDMA Disabled for GPU 3a000 / HCA 0 (distance 6 > 4)
osk-gpu91:2354450:2361822 [2] NCCL INFO GPU Direct RDMA Disabled for GPU 3a000 / HCA 1 (distance 6 > 4)
osk-gpu91:2354450:2361822 [2] NCCL INFO GPU Direct RDMA Disabled for GPU 3a000 / HCA 2 (distance 7 > 4)
osk-gpu91:2354450:2361822 [2] NCCL INFO comm 0xae2d190 rank 0 nRanks 1 nNodes 1 localRanks 1 localRank 0 MNNVL 0
osk-gpu91:2354450:2361822 [2] NCCL INFO Channel 00/32 :    0
osk-gpu91:2354450:2361822 [2] NCCL INFO Channel 01/32 :    0
osk-gpu91:2354450:2361822 [2] NCCL INFO Channel 02/32 :    0
osk-gpu91:2354450:2361822 [2] NCCL INFO Channel 03/32 :    0
osk-gpu91:2354450:2361822 [2] NCCL INFO Channel 04/32 :    0
osk-gpu91:2354450:2361822 [2] NCCL INFO Channel 05/32 :    0
osk-gpu91:2354450:2361822 [2] NCCL INFO Channel 06/32 :    0
osk-gpu91:2354450:2361822 [2] NCCL INFO Channel 07/32 :    0
osk-gpu91:2354450:2361822 [2] NCCL INFO Channel 08/32 :    0
osk-gpu91:2354450:2361822 [2] NCCL INFO Channel 09/32 :    0
osk-gpu91:2354450:2361822 [2] NCCL INFO Channel 10/32 :    0
osk-gpu91:2354450:2361822 [2] NCCL INFO Channel 11/32 :    0
osk-gpu91:2354450:2361822 [2] NCCL INFO Channel 12/32 :    0
osk-gpu91:2354450:2361822 [2] NCCL INFO Channel 13/32 :    0
osk-gpu91:2354450:2361822 [2] NCCL INFO Channel 14/32 :    0
osk-gpu91:2354450:2361822 [2] NCCL INFO Channel 15/32 :    0
osk-gpu91:2354450:2361822 [2] NCCL INFO Channel 16/32 :    0
osk-gpu91:2354450:2361822 [2] NCCL INFO Channel 17/32 :    0
osk-gpu91:2354450:2361822 [2] NCCL INFO Channel 18/32 :    0
osk-gpu91:2354450:2361822 [2] NCCL INFO Channel 19/32 :    0
osk-gpu91:2354450:2361822 [2] NCCL INFO Channel 20/32 :    0
osk-gpu91:2354450:2361822 [2] NCCL INFO Channel 21/32 :    0
osk-gpu91:2354450:2361822 [2] NCCL INFO Channel 22/32 :    0
osk-gpu91:2354450:2361822 [2] NCCL INFO Channel 23/32 :    0
osk-gpu91:2354450:2361822 [2] NCCL INFO Channel 24/32 :    0
osk-gpu91:2354450:2361822 [2] NCCL INFO Channel 25/32 :    0
osk-gpu91:2354450:2361822 [2] NCCL INFO Channel 26/32 :    0
osk-gpu91:2354450:2361822 [2] NCCL INFO Channel 27/32 :    0
osk-gpu91:2354450:2361822 [2] NCCL INFO Channel 28/32 :    0
osk-gpu91:2354450:2361822 [2] NCCL INFO Channel 29/32 :    0
osk-gpu91:2354450:2361822 [2] NCCL INFO Channel 30/32 :    0
osk-gpu91:2354450:2361822 [2] NCCL INFO Channel 31/32 :    0
osk-gpu91:2354450:2361822 [2] NCCL INFO Trees [0] -1/-1/-1->0->-1 [1] -1/-1/-1->0->-1 [2] -1/-1/-1->0->-1 [3] -1/-1/-1->0->-1 [4] -1/-1/-1->0->-1 [5] -1/-1/-1->0->-1 [6] -1/-1/-1->0->-1 [7] -1/-1/-1->0->-1 [8] -1/-1/-1->0->-1 [9] -1/-1/-1->0->-1 [10] -1/-1/-1->0->-1 [11] -1/-1/-1->0->-1 [12] -1/-1/-1->0->-1 [13] -1/-1/-1->0->-1 [14] -1/-1/-1->0->-1 [15] -1/-1/-1->0->-1 [16] -1/-1/-1->0->-1 [17] -1/-1/-1->0->-1 [18] -1/-1/-1->0->-1 [19] -1/-1/-1->0->-1 [20] -1/-1/-1->0->-1 [21] -1/-1/-1->0->-1 [22] -1/-1/-1->0->-1 [23] -1/-1/-1->0->-1 [24] -1/-1/-1->0->-1 [25] -1/-1/-1->0->-1 [26] -1/-1/-1->0->-1 [27] -1/-1/-1->0->-1 [28] -1/-1/-1->0->-1 [29] -1/-1/-1->0->-1 [30] -1/-1/-1->0->-1 [31] -1/-1/-1->0->-1
osk-gpu91:2354450:2361822 [2] NCCL INFO P2P Chunksize set to 131072
osk-gpu91:2354455:2361823 [7] NCCL INFO comm 0x12a398c0 rank 0 nranks 1 cudaDev 7 nvmlDev 7 busId db000 commId 0xbb5ad5497c9d176c - Init START
osk-gpu91:2354451:2361821 [3] NCCL INFO Trees [0] -1/-1/-1->0->-1 [1] -1/-1/-1->0->-1 [2] -1/-1/-1->0->-1 [3] -1/-1/-1->0->-1 [4] -1/-1/-1->0->-1 [5] -1/-1/-1->0->-1 [6] -1/-1/-1->0->-1 [7] -1/-1/-1->0->-1 [8] -1/-1/-1->0->-1 [9] -1/-1/-1->0->-1 [10] -1/-1/-1->0->-1 [11] -1/-1/-1->0->-1 [12] -1/-1/-1->0->-1 [13] -1/-1/-1->0->-1 [14] -1/-1/-1->0->-1 [15] -1/-1/-1->0->-1 [16] -1/-1/-1->0->-1 [17] -1/-1/-1->0->-1 [18] -1/-1/-1->0->-1 [19] -1/-1/-1->0->-1 [20] -1/-1/-1->0->-1 [21] -1/-1/-1->0->-1 [22] -1/-1/-1->0->-1 [23] -1/-1/-1->0->-1 [24] -1/-1/-1->0->-1 [25] -1/-1/-1->0->-1 [26] -1/-1/-1->0->-1 [27] -1/-1/-1->0->-1 [28] -1/-1/-1->0->-1 [29] -1/-1/-1->0->-1 [30] -1/-1/-1->0->-1 [31] -1/-1/-1->0->-1
osk-gpu91:2354451:2361821 [3] NCCL INFO P2P Chunksize set to 131072
osk-gpu91:2354455:2361823 [7] NCCL INFO MNNVL busId 0xdb000 fabric UUID 0.0 cliqueId 0x0 state 3 healthMask 0x0
osk-gpu91:2354453:2361819 [5] NCCL INFO NET/IB : GPU Direct RDMA Enabled for HCA 0 'mlx5_0'
osk-gpu91:2354453:2361819 [5] NCCL INFO NET/IB : GPU Direct RDMA Enabled for HCA 1 'mlx5_1'
osk-gpu91:2354453:2361819 [5] NCCL INFO NET/IB : GPU Direct RDMA Enabled for HCA 2 'mlx5_11'
osk-gpu91:2354453:2361819 [5] NCCL INFO GPU Direct RDMA Disabled for GPU ab000 / HCA 0 (distance 7 > 4)
osk-gpu91:2354453:2361819 [5] NCCL INFO GPU Direct RDMA Disabled for GPU ab000 / HCA 1 (distance 7 > 4)
osk-gpu91:2354453:2361819 [5] NCCL INFO GPU Direct RDMA Disabled for GPU ab000 / HCA 2 (distance 7 > 4)
osk-gpu91:2354453:2361819 [5] NCCL INFO Setting affinity for GPU 5 to 100000,00000000,00000000,00000000,10000000,00000000
osk-gpu91:2354453:2361819 [5] NCCL INFO comm 0x13b651a0 rank 0 nRanks 1 nNodes 1 localRanks 1 localRank 0 MNNVL 0
osk-gpu91:2354453:2361819 [5] NCCL INFO Channel 00/32 :    0
osk-gpu91:2354453:2361819 [5] NCCL INFO Channel 01/32 :    0
osk-gpu91:2354453:2361819 [5] NCCL INFO Channel 02/32 :    0
osk-gpu91:2354453:2361819 [5] NCCL INFO Channel 03/32 :    0
osk-gpu91:2354453:2361819 [5] NCCL INFO Channel 04/32 :    0
osk-gpu91:2354453:2361819 [5] NCCL INFO Channel 05/32 :    0
osk-gpu91:2354453:2361819 [5] NCCL INFO Channel 06/32 :    0
osk-gpu91:2354453:2361819 [5] NCCL INFO Channel 07/32 :    0
osk-gpu91:2354453:2361819 [5] NCCL INFO Channel 08/32 :    0
osk-gpu91:2354453:2361819 [5] NCCL INFO Channel 09/32 :    0
osk-gpu91:2354453:2361819 [5] NCCL INFO Channel 10/32 :    0
osk-gpu91:2354453:2361819 [5] NCCL INFO Channel 11/32 :    0
osk-gpu91:2354453:2361819 [5] NCCL INFO Channel 12/32 :    0
osk-gpu91:2354453:2361819 [5] NCCL INFO Channel 13/32 :    0
osk-gpu91:2354453:2361819 [5] NCCL INFO Channel 14/32 :    0
osk-gpu91:2354453:2361819 [5] NCCL INFO Channel 15/32 :    0
osk-gpu91:2354453:2361819 [5] NCCL INFO Channel 16/32 :    0
osk-gpu91:2354453:2361819 [5] NCCL INFO Channel 17/32 :    0
osk-gpu91:2354453:2361819 [5] NCCL INFO Channel 18/32 :    0
osk-gpu91:2354453:2361819 [5] NCCL INFO Channel 19/32 :    0
osk-gpu91:2354453:2361819 [5] NCCL INFO Channel 20/32 :    0
osk-gpu91:2354453:2361819 [5] NCCL INFO Channel 21/32 :    0
osk-gpu91:2354453:2361819 [5] NCCL INFO Channel 22/32 :    0
osk-gpu91:2354453:2361819 [5] NCCL INFO Channel 23/32 :    0
osk-gpu91:2354453:2361819 [5] NCCL INFO Channel 24/32 :    0
osk-gpu91:2354453:2361819 [5] NCCL INFO Channel 25/32 :    0
osk-gpu91:2354453:2361819 [5] NCCL INFO Channel 26/32 :    0
osk-gpu91:2354453:2361819 [5] NCCL INFO Channel 27/32 :    0
osk-gpu91:2354453:2361819 [5] NCCL INFO Channel 28/32 :    0
osk-gpu91:2354453:2361819 [5] NCCL INFO Channel 29/32 :    0
osk-gpu91:2354453:2361819 [5] NCCL INFO Channel 30/32 :    0
osk-gpu91:2354453:2361819 [5] NCCL INFO Channel 31/32 :    0
osk-gpu91:2354453:2361819 [5] NCCL INFO Trees [0] -1/-1/-1->0->-1 [1] -1/-1/-1->0->-1 [2] -1/-1/-1->0->-1 [3] -1/-1/-1->0->-1 [4] -1/-1/-1->0->-1 [5] -1/-1/-1->0->-1 [6] -1/-1/-1->0->-1 [7] -1/-1/-1->0->-1 [8] -1/-1/-1->0->-1 [9] -1/-1/-1->0->-1 [10] -1/-1/-1->0->-1 [11] -1/-1/-1->0->-1 [12] -1/-1/-1->0->-1 [13] -1/-1/-1->0->-1 [14] -1/-1/-1->0->-1 [15] -1/-1/-1->0->-1 [16] -1/-1/-1->0->-1 [17] -1/-1/-1->0->-1 [18] -1/-1/-1->0->-1 [19] -1/-1/-1->0->-1 [20] -1/-1/-1->0->-1 [21] -1/-1/-1->0->-1 [22] -1/-1/-1->0->-1 [23] -1/-1/-1->0->-1 [24] -1/-1/-1->0->-1 [25] -1/-1/-1->0->-1 [26] -1/-1/-1->0->-1 [27] -1/-1/-1->0->-1 [28] -1/-1/-1->0->-1 [29] -1/-1/-1->0->-1 [30] -1/-1/-1->0->-1 [31] -1/-1/-1->0->-1
osk-gpu91:2354453:2361819 [5] NCCL INFO P2P Chunksize set to 131072
osk-gpu91:2354448:2361820 [0] NCCL INFO comm 0x12f20bf0 rank 0 nranks 1 cudaDev 0 nvmlDev 0 busId 18000 commId 0xd958c4f3e833e3bd - Init START
osk-gpu91:2354449:2361818 [1] NCCL INFO comm 0x14173820 rank 0 nranks 1 cudaDev 1 nvmlDev 1 busId 2a000 commId 0xa4315d3526618430 - Init START
osk-gpu91:2354454:2361824 [6] NCCL INFO comm 0xaff1df0 rank 0 nranks 1 cudaDev 6 nvmlDev 6 busId ba000 commId 0x2454df848f90038b - Init START
osk-gpu91:2354448:2361820 [0] NCCL INFO MNNVL busId 0x18000 fabric UUID 0.0 cliqueId 0x0 state 3 healthMask 0x0
osk-gpu91:2354449:2361818 [1] NCCL INFO MNNVL busId 0x2a000 fabric UUID 0.0 cliqueId 0x0 state 3 healthMask 0x0
osk-gpu91:2354454:2361824 [6] NCCL INFO MNNVL busId 0xba000 fabric UUID 0.0 cliqueId 0x0 state 3 healthMask 0x0
osk-gpu91:2354452:2361825 [4] NCCL INFO NET/IB : GPU Direct RDMA Enabled for HCA 0 'mlx5_0'
osk-gpu91:2354452:2361825 [4] NCCL INFO NET/IB : GPU Direct RDMA Enabled for HCA 1 'mlx5_1'
osk-gpu91:2354452:2361825 [4] NCCL INFO NET/IB : GPU Direct RDMA Enabled for HCA 2 'mlx5_11'
osk-gpu91:2354452:2361825 [4] NCCL INFO GPU Direct RDMA Disabled for GPU 9a000 / HCA 0 (distance 7 > 4)
osk-gpu91:2354452:2361825 [4] NCCL INFO GPU Direct RDMA Disabled for GPU 9a000 / HCA 1 (distance 7 > 4)
osk-gpu91:2354452:2361825 [4] NCCL INFO GPU Direct RDMA Disabled for GPU 9a000 / HCA 2 (distance 7 > 4)
osk-gpu91:2354452:2361825 [4] NCCL INFO Setting affinity for GPU 4 to 100000,00000000,00000000,00000000,10000000,00000000
osk-gpu91:2354454:2361824 [6] NCCL INFO NET/IB : GPU Direct RDMA Enabled for HCA 0 'mlx5_0'
osk-gpu91:2354452:2361825 [4] NCCL INFO comm 0x151a78c0 rank 0 nRanks 1 nNodes 1 localRanks 1 localRank 0 MNNVL 0
osk-gpu91:2354452:2361825 [4] NCCL INFO Channel 00/32 :    0
osk-gpu91:2354452:2361825 [4] NCCL INFO Channel 01/32 :    0
osk-gpu91:2354452:2361825 [4] NCCL INFO Channel 02/32 :    0
osk-gpu91:2354452:2361825 [4] NCCL INFO Channel 03/32 :    0
osk-gpu91:2354452:2361825 [4] NCCL INFO Channel 04/32 :    0
osk-gpu91:2354452:2361825 [4] NCCL INFO Channel 05/32 :    0
osk-gpu91:2354452:2361825 [4] NCCL INFO Channel 06/32 :    0
osk-gpu91:2354452:2361825 [4] NCCL INFO Channel 07/32 :    0
osk-gpu91:2354452:2361825 [4] NCCL INFO Channel 08/32 :    0
osk-gpu91:2354452:2361825 [4] NCCL INFO Channel 09/32 :    0
osk-gpu91:2354452:2361825 [4] NCCL INFO Channel 10/32 :    0
osk-gpu91:2354452:2361825 [4] NCCL INFO Channel 11/32 :    0
osk-gpu91:2354452:2361825 [4] NCCL INFO Channel 12/32 :    0
osk-gpu91:2354452:2361825 [4] NCCL INFO Channel 13/32 :    0
osk-gpu91:2354452:2361825 [4] NCCL INFO Channel 14/32 :    0
osk-gpu91:2354452:2361825 [4] NCCL INFO Channel 15/32 :    0
osk-gpu91:2354454:2361824 [6] NCCL INFO NET/IB : GPU Direct RDMA Enabled for HCA 1 'mlx5_1'
osk-gpu91:2354452:2361825 [4] NCCL INFO Channel 16/32 :    0
osk-gpu91:2354452:2361825 [4] NCCL INFO Channel 17/32 :    0
osk-gpu91:2354452:2361825 [4] NCCL INFO Channel 18/32 :    0
osk-gpu91:2354452:2361825 [4] NCCL INFO Channel 19/32 :    0
osk-gpu91:2354454:2361824 [6] NCCL INFO NET/IB : GPU Direct RDMA Enabled for HCA 2 'mlx5_11'
osk-gpu91:2354454:2361824 [6] NCCL INFO GPU Direct RDMA Disabled for GPU ba000 / HCA 0 (distance 7 > 4)
osk-gpu91:2354454:2361824 [6] NCCL INFO GPU Direct RDMA Disabled for GPU ba000 / HCA 1 (distance 7 > 4)
osk-gpu91:2354454:2361824 [6] NCCL INFO GPU Direct RDMA Disabled for GPU ba000 / HCA 2 (distance 7 > 4)
osk-gpu91:2354454:2361824 [6] NCCL INFO Setting affinity for GPU 6 to 100000,00000000,00000000,00000000,10000000,00000000
osk-gpu91:2354452:2361825 [4] NCCL INFO Channel 20/32 :    0
osk-gpu91:2354452:2361825 [4] NCCL INFO Channel 21/32 :    0
osk-gpu91:2354454:2361824 [6] NCCL INFO comm 0xaff1df0 rank 0 nRanks 1 nNodes 1 localRanks 1 localRank 0 MNNVL 0
osk-gpu91:2354452:2361825 [4] NCCL INFO Channel 22/32 :    0
osk-gpu91:2354454:2361824 [6] NCCL INFO Channel 00/32 :    0
osk-gpu91:2354452:2361825 [4] NCCL INFO Channel 23/32 :    0
osk-gpu91:2354454:2361824 [6] NCCL INFO Channel 01/32 :    0
osk-gpu91:2354452:2361825 [4] NCCL INFO Channel 24/32 :    0
osk-gpu91:2354454:2361824 [6] NCCL INFO Channel 02/32 :    0
osk-gpu91:2354452:2361825 [4] NCCL INFO Channel 25/32 :    0
osk-gpu91:2354452:2361825 [4] NCCL INFO Channel 26/32 :    0
osk-gpu91:2354454:2361824 [6] NCCL INFO Channel 03/32 :    0
osk-gpu91:2354452:2361825 [4] NCCL INFO Channel 27/32 :    0
osk-gpu91:2354454:2361824 [6] NCCL INFO Channel 04/32 :    0
osk-gpu91:2354452:2361825 [4] NCCL INFO Channel 28/32 :    0
osk-gpu91:2354454:2361824 [6] NCCL INFO Channel 05/32 :    0
osk-gpu91:2354454:2361824 [6] NCCL INFO Channel 06/32 :    0
osk-gpu91:2354454:2361824 [6] NCCL INFO Channel 07/32 :    0
osk-gpu91:2354454:2361824 [6] NCCL INFO Channel 08/32 :    0
osk-gpu91:2354452:2361825 [4] NCCL INFO Channel 29/32 :    0
osk-gpu91:2354454:2361824 [6] NCCL INFO Channel 09/32 :    0
osk-gpu91:2354452:2361825 [4] NCCL INFO Channel 30/32 :    0
osk-gpu91:2354454:2361824 [6] NCCL INFO Channel 10/32 :    0
osk-gpu91:2354454:2361824 [6] NCCL INFO Channel 11/32 :    0
osk-gpu91:2354454:2361824 [6] NCCL INFO Channel 12/32 :    0
osk-gpu91:2354454:2361824 [6] NCCL INFO Channel 13/32 :    0
osk-gpu91:2354454:2361824 [6] NCCL INFO Channel 14/32 :    0
osk-gpu91:2354454:2361824 [6] NCCL INFO Channel 15/32 :    0
osk-gpu91:2354452:2361825 [4] NCCL INFO Channel 31/32 :    0
osk-gpu91:2354454:2361824 [6] NCCL INFO Channel 16/32 :    0
osk-gpu91:2354454:2361824 [6] NCCL INFO Channel 17/32 :    0
osk-gpu91:2354454:2361824 [6] NCCL INFO Channel 18/32 :    0
osk-gpu91:2354454:2361824 [6] NCCL INFO Channel 19/32 :    0
osk-gpu91:2354454:2361824 [6] NCCL INFO Channel 20/32 :    0
osk-gpu91:2354454:2361824 [6] NCCL INFO Channel 21/32 :    0
osk-gpu91:2354454:2361824 [6] NCCL INFO Channel 22/32 :    0
osk-gpu91:2354454:2361824 [6] NCCL INFO Channel 23/32 :    0
osk-gpu91:2354454:2361824 [6] NCCL INFO Channel 24/32 :    0
osk-gpu91:2354454:2361824 [6] NCCL INFO Channel 25/32 :    0
osk-gpu91:2354454:2361824 [6] NCCL INFO Channel 26/32 :    0
osk-gpu91:2354454:2361824 [6] NCCL INFO Channel 27/32 :    0
osk-gpu91:2354454:2361824 [6] NCCL INFO Channel 28/32 :    0
osk-gpu91:2354454:2361824 [6] NCCL INFO Channel 29/32 :    0
osk-gpu91:2354454:2361824 [6] NCCL INFO Channel 30/32 :    0
osk-gpu91:2354454:2361824 [6] NCCL INFO Channel 31/32 :    0
osk-gpu91:2354454:2361824 [6] NCCL INFO Trees [0] -1/-1/-1->0->-1 [1] -1/-1/-1->0->-1 [2] -1/-1/-1->0->-1 [3] -1/-1/-1->0->-1 [4] -1/-1/-1->0->-1 [5] -1/-1/-1->0->-1 [6] -1/-1/-1->0->-1 [7] -1/-1/-1->0->-1 [8] -1/-1/-1->0->-1 [9] -1/-1/-1->0->-1 [10] -1/-1/-1->0->-1 [11] -1/-1/-1->0->-1 [12] -1/-1/-1->0->-1 [13] -1/-1/-1->0->-1 [14] -1/-1/-1->0->-1 [15] -1/-1/-1->0->-1 [16] -1/-1/-1->0->-1 [17] -1/-1/-1->0->-1 [18] -1/-1/-1->0->-1 [19] -1/-1/-1->0->-1 [20] -1/-1/-1->0->-1 [21] -1/-1/-1->0->-1 [22] -1/-1/-1->0->-1 [23] -1/-1/-1->0->-1 [24] -1/-1/-1->0->-1 [25] -1/-1/-1->0->-1 [26] -1/-1/-1->0->-1 [27] -1/-1/-1->0->-1 [28] -1/-1/-1->0->-1 [29] -1/-1/-1->0->-1 [30] -1/-1/-1->0->-1 [31] -1/-1/-1->0->-1
osk-gpu91:2354454:2361824 [6] NCCL INFO P2P Chunksize set to 131072
osk-gpu91:2354452:2361825 [4] NCCL INFO Trees [0] -1/-1/-1->0->-1 [1] -1/-1/-1->0->-1 [2] -1/-1/-1->0->-1 [3] -1/-1/-1->0->-1 [4] -1/-1/-1->0->-1 [5] -1/-1/-1->0->-1 [6] -1/-1/-1->0->-1 [7] -1/-1/-1->0->-1 [8] -1/-1/-1->0->-1 [9] -1/-1/-1->0->-1 [10] -1/-1/-1->0->-1 [11] -1/-1/-1->0->-1 [12] -1/-1/-1->0->-1 [13] -1/-1/-1->0->-1 [14] -1/-1/-1->0->-1 [15] -1/-1/-1->0->-1 [16] -1/-1/-1->0->-1 [17] -1/-1/-1->0->-1 [18] -1/-1/-1->0->-1 [19] -1/-1/-1->0->-1 [20] -1/-1/-1->0->-1 [21] -1/-1/-1->0->-1 [22] -1/-1/-1->0->-1 [23] -1/-1/-1->0->-1 [24] -1/-1/-1->0->-1 [25] -1/-1/-1->0->-1 [26] -1/-1/-1->0->-1 [27] -1/-1/-1->0->-1 [28] -1/-1/-1->0->-1 [29] -1/-1/-1->0->-1 [30] -1/-1/-1->0->-1 [31] -1/-1/-1->0->-1
osk-gpu91:2354452:2361825 [4] NCCL INFO P2P Chunksize set to 131072
osk-gpu91:2354450:2361822 [2] NCCL INFO Connected all rings
osk-gpu91:2354450:2361822 [2] NCCL INFO Connected all trees
osk-gpu91:2354450:2361822 [2] NCCL INFO 32 coll channels, 0 collnet channels, 0 nvls channels, 32 p2p channels, 32 p2p channels per peer
osk-gpu91:2354450:2361826 [2] NCCL INFO New proxy send connection 0 from local rank 0, transport 2
osk-gpu91:2354450:2361822 [2] NCCL INFO Connected to proxy localRank 0 -> connection 0x14eeec004f30
osk-gpu91:2354449:2361818 [1] NCCL INFO NET/IB : GPU Direct RDMA Enabled for HCA 0 'mlx5_0'
osk-gpu91:2354449:2361818 [1] NCCL INFO NET/IB : GPU Direct RDMA Enabled for HCA 1 'mlx5_1'
osk-gpu91:2354449:2361818 [1] NCCL INFO NET/IB : GPU Direct RDMA Enabled for HCA 2 'mlx5_11'
osk-gpu91:2354449:2361818 [1] NCCL INFO GPU Direct RDMA Disabled for GPU 2a000 / HCA 0 (distance 6 > 4)
osk-gpu91:2354449:2361818 [1] NCCL INFO GPU Direct RDMA Enabled for GPU 2a000 / HCA 1 (distance 3 <= 4), read 0
osk-gpu91:2354449:2361818 [1] NCCL INFO GPU Direct RDMA Disabled for GPU 2a000 / HCA 2 (distance 7 > 4)
osk-gpu91:2354449:2361818 [1] NCCL INFO comm 0x14173820 rank 0 nRanks 1 nNodes 1 localRanks 1 localRank 0 MNNVL 0
osk-gpu91:2354449:2361818 [1] NCCL INFO Channel 00/32 :    0
osk-gpu91:2354449:2361818 [1] NCCL INFO Channel 01/32 :    0
osk-gpu91:2354449:2361818 [1] NCCL INFO Channel 02/32 :    0
osk-gpu91:2354449:2361818 [1] NCCL INFO Channel 03/32 :    0
osk-gpu91:2354449:2361818 [1] NCCL INFO Channel 04/32 :    0
osk-gpu91:2354449:2361818 [1] NCCL INFO Channel 05/32 :    0
osk-gpu91:2354449:2361818 [1] NCCL INFO Channel 06/32 :    0
osk-gpu91:2354449:2361818 [1] NCCL INFO Channel 07/32 :    0
osk-gpu91:2354449:2361818 [1] NCCL INFO Channel 08/32 :    0
osk-gpu91:2354449:2361818 [1] NCCL INFO Channel 09/32 :    0
osk-gpu91:2354449:2361818 [1] NCCL INFO Channel 10/32 :    0
osk-gpu91:2354449:2361818 [1] NCCL INFO Channel 11/32 :    0
osk-gpu91:2354449:2361818 [1] NCCL INFO Channel 12/32 :    0
osk-gpu91:2354449:2361818 [1] NCCL INFO Channel 13/32 :    0
osk-gpu91:2354449:2361818 [1] NCCL INFO Channel 14/32 :    0
osk-gpu91:2354449:2361818 [1] NCCL INFO Channel 15/32 :    0
osk-gpu91:2354449:2361818 [1] NCCL INFO Channel 16/32 :    0
osk-gpu91:2354449:2361818 [1] NCCL INFO Channel 17/32 :    0
osk-gpu91:2354449:2361818 [1] NCCL INFO Channel 18/32 :    0
osk-gpu91:2354449:2361818 [1] NCCL INFO Channel 19/32 :    0
osk-gpu91:2354449:2361818 [1] NCCL INFO Channel 20/32 :    0
osk-gpu91:2354449:2361818 [1] NCCL INFO Channel 21/32 :    0
osk-gpu91:2354449:2361818 [1] NCCL INFO Channel 22/32 :    0
osk-gpu91:2354449:2361818 [1] NCCL INFO Channel 23/32 :    0
osk-gpu91:2354449:2361818 [1] NCCL INFO Channel 24/32 :    0
osk-gpu91:2354449:2361818 [1] NCCL INFO Channel 25/32 :    0
osk-gpu91:2354449:2361818 [1] NCCL INFO Channel 26/32 :    0
osk-gpu91:2354449:2361818 [1] NCCL INFO Channel 27/32 :    0
osk-gpu91:2354449:2361818 [1] NCCL INFO Channel 28/32 :    0
osk-gpu91:2354449:2361818 [1] NCCL INFO Channel 29/32 :    0
osk-gpu91:2354449:2361818 [1] NCCL INFO Channel 30/32 :    0
osk-gpu91:2354449:2361818 [1] NCCL INFO Channel 31/32 :    0
osk-gpu91:2354449:2361818 [1] NCCL INFO Trees [0] -1/-1/-1->0->-1 [1] -1/-1/-1->0->-1 [2] -1/-1/-1->0->-1 [3] -1/-1/-1->0->-1 [4] -1/-1/-1->0->-1 [5] -1/-1/-1->0->-1 [6] -1/-1/-1->0->-1 [7] -1/-1/-1->0->-1 [8] -1/-1/-1->0->-1 [9] -1/-1/-1->0->-1 [10] -1/-1/-1->0->-1 [11] -1/-1/-1->0->-1 [12] -1/-1/-1->0->-1 [13] -1/-1/-1->0->-1 [14] -1/-1/-1->0->-1 [15] -1/-1/-1->0->-1 [16] -1/-1/-1->0->-1 [17] -1/-1/-1->0->-1 [18] -1/-1/-1->0->-1 [19] -1/-1/-1->0->-1 [20] -1/-1/-1->0->-1 [21] -1/-1/-1->0->-1 [22] -1/-1/-1->0->-1 [23] -1/-1/-1->0->-1 [24] -1/-1/-1->0->-1 [25] -1/-1/-1->0->-1 [26] -1/-1/-1->0->-1 [27] -1/-1/-1->0->-1 [28] -1/-1/-1->0->-1 [29] -1/-1/-1->0->-1 [30] -1/-1/-1->0->-1 [31] -1/-1/-1->0->-1
osk-gpu91:2354449:2361818 [1] NCCL INFO P2P Chunksize set to 131072
osk-gpu91:2354450:2361822 [2] NCCL INFO comm 0xae2d190 rank 0 nranks 1 cudaDev 2 nvmlDev 2 busId 3a000 commId 0x71d9643c4ee368a3 - Init COMPLETE
osk-gpu91:2354451:2361821 [3] NCCL INFO Connected all rings
osk-gpu91:2354451:2361821 [3] NCCL INFO Connected all trees
osk-gpu91:2354451:2361821 [3] NCCL INFO 32 coll channels, 0 collnet channels, 0 nvls channels, 32 p2p channels, 32 p2p channels per peer
osk-gpu91:2354451:2361828 [3] NCCL INFO New proxy send connection 0 from local rank 0, transport 2
osk-gpu91:2354451:2361821 [3] NCCL INFO Connected to proxy localRank 0 -> connection 0x14a28002cb80
osk-gpu91:2354448:2361820 [0] NCCL INFO NET/IB : GPU Direct RDMA Enabled for HCA 0 'mlx5_0'
osk-gpu91:2354448:2361820 [0] NCCL INFO NET/IB : GPU Direct RDMA Enabled for HCA 1 'mlx5_1'
osk-gpu91:2354448:2361820 [0] NCCL INFO NET/IB : GPU Direct RDMA Enabled for HCA 2 'mlx5_11'
osk-gpu91:2354448:2361820 [0] NCCL INFO GPU Direct RDMA Enabled for GPU 18000 / HCA 0 (distance 3 <= 4), read 0
osk-gpu91:2354448:2361820 [0] NCCL INFO GPU Direct RDMA Disabled for GPU 18000 / HCA 1 (distance 6 > 4)
osk-gpu91:2354448:2361820 [0] NCCL INFO GPU Direct RDMA Disabled for GPU 18000 / HCA 2 (distance 7 > 4)
osk-gpu91:2354448:2361820 [0] NCCL INFO comm 0x12f20bf0 rank 0 nRanks 1 nNodes 1 localRanks 1 localRank 0 MNNVL 0
osk-gpu91:2354448:2361820 [0] NCCL INFO Channel 00/32 :    0
osk-gpu91:2354448:2361820 [0] NCCL INFO Channel 01/32 :    0
osk-gpu91:2354448:2361820 [0] NCCL INFO Channel 02/32 :    0
osk-gpu91:2354448:2361820 [0] NCCL INFO Channel 03/32 :    0
osk-gpu91:2354448:2361820 [0] NCCL INFO Channel 04/32 :    0
osk-gpu91:2354448:2361820 [0] NCCL INFO Channel 05/32 :    0
osk-gpu91:2354448:2361820 [0] NCCL INFO Channel 06/32 :    0
osk-gpu91:2354448:2361820 [0] NCCL INFO Channel 07/32 :    0
osk-gpu91:2354448:2361820 [0] NCCL INFO Channel 08/32 :    0
osk-gpu91:2354448:2361820 [0] NCCL INFO Channel 09/32 :    0
osk-gpu91:2354448:2361820 [0] NCCL INFO Channel 10/32 :    0
osk-gpu91:2354448:2361820 [0] NCCL INFO Channel 11/32 :    0
osk-gpu91:2354448:2361820 [0] NCCL INFO Channel 12/32 :    0
osk-gpu91:2354448:2361820 [0] NCCL INFO Channel 13/32 :    0
osk-gpu91:2354448:2361820 [0] NCCL INFO Channel 14/32 :    0
osk-gpu91:2354448:2361820 [0] NCCL INFO Channel 15/32 :    0
osk-gpu91:2354448:2361820 [0] NCCL INFO Channel 16/32 :    0
osk-gpu91:2354448:2361820 [0] NCCL INFO Channel 17/32 :    0
osk-gpu91:2354448:2361820 [0] NCCL INFO Channel 18/32 :    0
osk-gpu91:2354448:2361820 [0] NCCL INFO Channel 19/32 :    0
osk-gpu91:2354448:2361820 [0] NCCL INFO Channel 20/32 :    0
osk-gpu91:2354448:2361820 [0] NCCL INFO Channel 21/32 :    0
osk-gpu91:2354448:2361820 [0] NCCL INFO Channel 22/32 :    0
osk-gpu91:2354448:2361820 [0] NCCL INFO Channel 23/32 :    0
osk-gpu91:2354448:2361820 [0] NCCL INFO Channel 24/32 :    0
osk-gpu91:2354448:2361820 [0] NCCL INFO Channel 25/32 :    0
osk-gpu91:2354448:2361820 [0] NCCL INFO Channel 26/32 :    0
osk-gpu91:2354448:2361820 [0] NCCL INFO Channel 27/32 :    0
osk-gpu91:2354448:2361820 [0] NCCL INFO Channel 28/32 :    0
osk-gpu91:2354448:2361820 [0] NCCL INFO Channel 29/32 :    0
osk-gpu91:2354448:2361820 [0] NCCL INFO Channel 30/32 :    0
osk-gpu91:2354448:2361820 [0] NCCL INFO Channel 31/32 :    0
osk-gpu91:2354448:2361820 [0] NCCL INFO Trees [0] -1/-1/-1->0->-1 [1] -1/-1/-1->0->-1 [2] -1/-1/-1->0->-1 [3] -1/-1/-1->0->-1 [4] -1/-1/-1->0->-1 [5] -1/-1/-1->0->-1 [6] -1/-1/-1->0->-1 [7] -1/-1/-1->0->-1 [8] -1/-1/-1->0->-1 [9] -1/-1/-1->0->-1 [10] -1/-1/-1->0->-1 [11] -1/-1/-1->0->-1 [12] -1/-1/-1->0->-1 [13] -1/-1/-1->0->-1 [14] -1/-1/-1->0->-1 [15] -1/-1/-1->0->-1 [16] -1/-1/-1->0->-1 [17] -1/-1/-1->0->-1 [18] -1/-1/-1->0->-1 [19] -1/-1/-1->0->-1 [20] -1/-1/-1->0->-1 [21] -1/-1/-1->0->-1 [22] -1/-1/-1->0->-1 [23] -1/-1/-1->0->-1 [24] -1/-1/-1->0->-1 [25] -1/-1/-1->0->-1 [26] -1/-1/-1->0->-1 [27] -1/-1/-1->0->-1 [28] -1/-1/-1->0->-1 [29] -1/-1/-1->0->-1 [30] -1/-1/-1->0->-1 [31] -1/-1/-1->0->-1
osk-gpu91:2354448:2361820 [0] NCCL INFO P2P Chunksize set to 131072
osk-gpu91:2354455:2361823 [7] NCCL INFO NET/IB : GPU Direct RDMA Enabled for HCA 0 'mlx5_0'
osk-gpu91:2354455:2361823 [7] NCCL INFO NET/IB : GPU Direct RDMA Enabled for HCA 1 'mlx5_1'
osk-gpu91:2354455:2361823 [7] NCCL INFO NET/IB : GPU Direct RDMA Enabled for HCA 2 'mlx5_11'
osk-gpu91:2354455:2361823 [7] NCCL INFO GPU Direct RDMA Enabled for GPU db000 / HCA 2 (distance 3 <= 4), read 0
osk-gpu91:2354455:2361823 [7] NCCL INFO GPU Direct RDMA Disabled for GPU db000 / HCA 0 (distance 7 > 4)
osk-gpu91:2354455:2361823 [7] NCCL INFO GPU Direct RDMA Disabled for GPU db000 / HCA 1 (distance 7 > 4)
osk-gpu91:2354455:2361823 [7] NCCL INFO comm 0x12a398c0 rank 0 nRanks 1 nNodes 1 localRanks 1 localRank 0 MNNVL 0
osk-gpu91:2354455:2361823 [7] NCCL INFO Channel 00/32 :    0
osk-gpu91:2354455:2361823 [7] NCCL INFO Channel 01/32 :    0
osk-gpu91:2354455:2361823 [7] NCCL INFO Channel 02/32 :    0
osk-gpu91:2354455:2361823 [7] NCCL INFO Channel 03/32 :    0
osk-gpu91:2354455:2361823 [7] NCCL INFO Channel 04/32 :    0
osk-gpu91:2354455:2361823 [7] NCCL INFO Channel 05/32 :    0
osk-gpu91:2354455:2361823 [7] NCCL INFO Channel 06/32 :    0
osk-gpu91:2354455:2361823 [7] NCCL INFO Channel 07/32 :    0
osk-gpu91:2354455:2361823 [7] NCCL INFO Channel 08/32 :    0
osk-gpu91:2354455:2361823 [7] NCCL INFO Channel 09/32 :    0
osk-gpu91:2354455:2361823 [7] NCCL INFO Channel 10/32 :    0
osk-gpu91:2354455:2361823 [7] NCCL INFO Channel 11/32 :    0
osk-gpu91:2354455:2361823 [7] NCCL INFO Channel 12/32 :    0
osk-gpu91:2354455:2361823 [7] NCCL INFO Channel 13/32 :    0
osk-gpu91:2354455:2361823 [7] NCCL INFO Channel 14/32 :    0
osk-gpu91:2354455:2361823 [7] NCCL INFO Channel 15/32 :    0
osk-gpu91:2354455:2361823 [7] NCCL INFO Channel 16/32 :    0
osk-gpu91:2354455:2361823 [7] NCCL INFO Channel 17/32 :    0
osk-gpu91:2354455:2361823 [7] NCCL INFO Channel 18/32 :    0
osk-gpu91:2354455:2361823 [7] NCCL INFO Channel 19/32 :    0
osk-gpu91:2354455:2361823 [7] NCCL INFO Channel 20/32 :    0
osk-gpu91:2354455:2361823 [7] NCCL INFO Channel 21/32 :    0
osk-gpu91:2354455:2361823 [7] NCCL INFO Channel 22/32 :    0
osk-gpu91:2354455:2361823 [7] NCCL INFO Channel 23/32 :    0
osk-gpu91:2354455:2361823 [7] NCCL INFO Channel 24/32 :    0
osk-gpu91:2354455:2361823 [7] NCCL INFO Channel 25/32 :    0
osk-gpu91:2354455:2361823 [7] NCCL INFO Channel 26/32 :    0
osk-gpu91:2354455:2361823 [7] NCCL INFO Channel 27/32 :    0
osk-gpu91:2354455:2361823 [7] NCCL INFO Channel 28/32 :    0
osk-gpu91:2354455:2361823 [7] NCCL INFO Channel 29/32 :    0
